core_cm4.h:1809:22:__NVIC_SetPriority	16	static
core_cm4.h:2017:26:SysTick_Config	16	static
mu_time.c:49:6:mu_time_init	8	static
mu_time.c:63:11:mu_time_now	4	static
mu_time.c:74:11:mu_time_offset	16	static
mu_time.c:85:15:mu_time_difference	16	static
mu_time.c:97:6:mu_time_precedes	16	static
mu_time.c:106:6:mu_time_equals	16	static
mu_time.c:118:6:mu_time_follows	16	static
mu_time.c:126:18:mu_time_duration_to_ms	16	static
mu_time.c:136:15:mu_time_ms_to_duration	16	static
mu_time.c:147:10:mu_time_duration_to_s	16	static
mu_time.c:157:15:mu_time_s_to_duration	16	static
mu_time.c:165:6:SysTick_Handler	4	static
