Archive member included to satisfy reference by file (symbol)

c:/program files/microchip/xc32/v2.40/bin/bin/../../lib/gcc/pic32c/6.2.1/../../../../pic32c/lib/v7e-m/fpv4-sp/hard\libpic32c.a(data_init.o)
                              build/same54_xplained_pro/production/_ext/602300742/startup_xc32.o (__pic32c_data_initialization)
c:/program files/microchip/xc32/v2.40/bin/bin/../../lib/gcc/pic32c/6.2.1/v7e-m/fpv4-sp/hard\libgcc.a(_arm_addsubdf3.o)
                              build/same54_xplained_pro/production/_ext/1483874177/mu_port.o (__aeabi_i2d)
c:/program files/microchip/xc32/v2.40/bin/bin/../../lib/gcc/pic32c/6.2.1/v7e-m/fpv4-sp/hard\libgcc.a(_arm_muldivdf3.o)
                              build/same54_xplained_pro/production/_ext/1483874177/mu_port.o (__aeabi_ddiv)
c:/program files/microchip/xc32/v2.40/bin/bin/../../lib/gcc/pic32c/6.2.1/v7e-m/fpv4-sp/hard\libgcc.a(_arm_truncdfsf2.o)
                              build/same54_xplained_pro/production/_ext/1483874177/mu_port.o (__aeabi_d2f)
c:/program files/microchip/xc32/v2.40/bin/bin/../../lib/gcc/pic32c/6.2.1/v7e-m/fpv4-sp/hard\libgcc.a(_aeabi_uldivmod.o)
                              build/same54_xplained_pro/production/_ext/1547227007/plib_sercom2_usart.o (__aeabi_uldivmod)
c:/program files/microchip/xc32/v2.40/bin/bin/../../lib/gcc/pic32c/6.2.1/v7e-m/fpv4-sp/hard\libgcc.a(_udivmoddi4.o)
                              c:/program files/microchip/xc32/v2.40/bin/bin/../../lib/gcc/pic32c/6.2.1/v7e-m/fpv4-sp/hard\libgcc.a(_aeabi_uldivmod.o) (__udivmoddi4)
c:/program files/microchip/xc32/v2.40/bin/bin/../../lib/gcc/pic32c/6.2.1/v7e-m/fpv4-sp/hard\libgcc.a(_dvmd_tls.o)
                              c:/program files/microchip/xc32/v2.40/bin/bin/../../lib/gcc/pic32c/6.2.1/v7e-m/fpv4-sp/hard\libgcc.a(_aeabi_uldivmod.o) (__aeabi_ldiv0)
c:/program files/microchip/xc32/v2.40/bin/bin/../../lib/gcc/pic32c/6.2.1/../../../../pic32c/lib/v7e-m/fpv4-sp/hard\libc_nano.a(lib_a-init.o)
                              build/same54_xplained_pro/production/_ext/602300742/startup_xc32.o (__libc_init_array)
c:/program files/microchip/xc32/v2.40/bin/bin/../../lib/gcc/pic32c/6.2.1/../../../../pic32c/lib/v7e-m/fpv4-sp/hard\libc_nano.a(lib_a-memcpy-stub.o)
                              build/same54_xplained_pro/production/_ext/265365281/mu_substr.o (memcpy)
c:/program files/microchip/xc32/v2.40/bin/bin/../../lib/gcc/pic32c/6.2.1/../../../../pic32c/lib/v7e-m/fpv4-sp/hard\libc_nano.a(lib_a-memmove.o)
                              build/same54_xplained_pro/production/_ext/265365281/mu_pstore.o (memmove)
c:/program files/microchip/xc32/v2.40/bin/bin/../../lib/gcc/pic32c/6.2.1/../../../../pic32c/lib/v7e-m/fpv4-sp/hard\libc_nano.a(_lib_a-printf.cdnopsuxX.o)
                              (_printf_cdnopsuxX)
c:/program files/microchip/xc32/v2.40/bin/bin/../../lib/gcc/pic32c/6.2.1/../../../../pic32c/lib/v7e-m/fpv4-sp/hard\libc_nano.a(lib_a-puts.o)
                              build/same54_xplained_pro/production/_ext/1483874177/screen_redraw_task.o (puts)
c:/program files/microchip/xc32/v2.40/bin/bin/../../lib/gcc/pic32c/6.2.1/../../../../pic32c/lib/v7e-m/fpv4-sp/hard\libc_nano.a(lib_a-strlen.o)
                              build/same54_xplained_pro/production/_ext/265365281/mu_str.o (strlen)
c:/program files/microchip/xc32/v2.40/bin/bin/../../lib/gcc/pic32c/6.2.1/../../../../pic32c/lib/v7e-m/fpv4-sp/hard\libc_nano.a(lib_a-wbuf.o)
                              c:/program files/microchip/xc32/v2.40/bin/bin/../../lib/gcc/pic32c/6.2.1/../../../../pic32c/lib/v7e-m/fpv4-sp/hard\libc_nano.a(lib_a-puts.o) (__swbuf_r)
c:/program files/microchip/xc32/v2.40/bin/bin/../../lib/gcc/pic32c/6.2.1/../../../../pic32c/lib/v7e-m/fpv4-sp/hard\libc_nano.a(lib_a-wsetup.o)
                              c:/program files/microchip/xc32/v2.40/bin/bin/../../lib/gcc/pic32c/6.2.1/../../../../pic32c/lib/v7e-m/fpv4-sp/hard\libc_nano.a(lib_a-puts.o) (__swsetup_r)
c:/program files/microchip/xc32/v2.40/bin/bin/../../lib/gcc/pic32c/6.2.1/../../../../pic32c/lib/v7e-m/fpv4-sp/hard\libc_nano.a(lib_a-fflush.o)
                              c:/program files/microchip/xc32/v2.40/bin/bin/../../lib/gcc/pic32c/6.2.1/../../../../pic32c/lib/v7e-m/fpv4-sp/hard\libc_nano.a(lib_a-wbuf.o) (_fflush_r)
c:/program files/microchip/xc32/v2.40/bin/bin/../../lib/gcc/pic32c/6.2.1/../../../../pic32c/lib/v7e-m/fpv4-sp/hard\libc_nano.a(lib_a-findfp.o)
                              c:/program files/microchip/xc32/v2.40/bin/bin/../../lib/gcc/pic32c/6.2.1/../../../../pic32c/lib/v7e-m/fpv4-sp/hard\libc_nano.a(lib_a-puts.o) (__sinit)
c:/program files/microchip/xc32/v2.40/bin/bin/../../lib/gcc/pic32c/6.2.1/../../../../pic32c/lib/v7e-m/fpv4-sp/hard\libc_nano.a(lib_a-fwalk.o)
                              c:/program files/microchip/xc32/v2.40/bin/bin/../../lib/gcc/pic32c/6.2.1/../../../../pic32c/lib/v7e-m/fpv4-sp/hard\libc_nano.a(lib_a-fflush.o) (_fwalk_reent)
[...]
Memory Configuration

Name             Origin             Length             Attributes
rom              0x00000000         0x00100000         xrl
ram              0x20000000         0x00040000         xw !r
config_00804000  0x00804000         0x00000004
config_00804004  0x00804004         0x00000004
config_00804008  0x00804008         0x00000004
*default*        0x00000000         0xffffffff

Linker script and memory map

LOAD c:/program files/microchip/xc32/v2.40/bin/bin/../../lib/gcc/pic32c/6.2.1/v7e-m/fpv4-sp/hard/crti.o
LOAD c:/program files/microchip/xc32/v2.40/bin/bin/../../lib/gcc/pic32c/6.2.1/v7e-m/fpv4-sp/hard/crtbegin.o
LOAD build/same54_xplained_pro/production/_ext/265365281/mu_bitvec.o
LOAD build/same54_xplained_pro/production/_ext/265365281/mu_list.o
LOAD build/same54_xplained_pro/production/_ext/265365281/mu_pstore.o
LOAD build/same54_xplained_pro/production/_ext/265365281/mu_queue.o
LOAD build/same54_xplained_pro/production/_ext/265365281/mu_sched.o
LOAD build/same54_xplained_pro/production/_ext/265365281/mu_spscq.o
LOAD build/same54_xplained_pro/production/_ext/265365281/mu_str.o
LOAD build/same54_xplained_pro/production/_ext/265365281/mu_substr.o
LOAD build/same54_xplained_pro/production/_ext/265365281/mu_task.o
LOAD build/same54_xplained_pro/production/_ext/265365281/mu_time.o
LOAD build/same54_xplained_pro/production/_ext/265365281/mu_version.o
LOAD build/same54_xplained_pro/production/_ext/465512950/bsp.o
LOAD build/same54_xplained_pro/production/_ext/199192420/plib_clock.o
LOAD build/same54_xplained_pro/production/_ext/560615476/plib_cmcc.o
LOAD build/same54_xplained_pro/production/_ext/18086165/plib_eic.o
LOAD build/same54_xplained_pro/production/_ext/201341906/plib_evsys.o
LOAD build/same54_xplained_pro/production/_ext/560952012/plib_nvic.o
LOAD build/same54_xplained_pro/production/_ext/392550042/plib_nvmctrl.o
LOAD build/same54_xplained_pro/production/_ext/554773095/plib_pm.o
LOAD build/same54_xplained_pro/production/_ext/561005163/plib_port.o
LOAD build/same54_xplained_pro/production/_ext/18098999/plib_rtc_timer.o
LOAD build/same54_xplained_pro/production/_ext/1547227007/plib_sercom2_usart.o
LOAD build/same54_xplained_pro/production/_ext/561100223/plib_supc.o
LOAD build/same54_xplained_pro/production/_ext/697067648/xc32_monitor.o
LOAD build/same54_xplained_pro/production/_ext/602300742/initialization.o
LOAD build/same54_xplained_pro/production/_ext/602300742/interrupts.o
LOAD build/same54_xplained_pro/production/_ext/602300742/exceptions.o
LOAD build/same54_xplained_pro/production/_ext/602300742/startup_xc32.o
LOAD build/same54_xplained_pro/production/_ext/602300742/libc_syscalls.o
LOAD build/same54_xplained_pro/production/_ext/1483874177/button_task.o
LOAD build/same54_xplained_pro/production/_ext/1483874177/idle_task.o
LOAD build/same54_xplained_pro/production/_ext/1483874177/kbd_task.o
LOAD build/same54_xplained_pro/production/_ext/1483874177/led_task.o
LOAD build/same54_xplained_pro/production/_ext/1483874177/mu_port.o
LOAD build/same54_xplained_pro/production/_ext/1483874177/screen_redraw_task.o
LOAD build/same54_xplained_pro/production/_ext/1483874177/screen_update_task.o
LOAD build/same54_xplained_pro/production/_ext/1483874177/mulib_tasker.o
LOAD build/same54_xplained_pro/production/_ext/1360937237/main.o
                0x00000001                __MPLAB_BUILD = 0x1
                0x00000200                _min_heap_size = 0x200
START GROUP
LOAD c:/program files/microchip/xc32/v2.40/bin/bin/../../lib/gcc/pic32c/6.2.1/../../../../pic32c/lib/v7e-m/fpv4-sp/hard\libpic32c.a
LOAD c:/program files/microchip/xc32/v2.40/bin/bin/../../lib/gcc/pic32c/6.2.1/v7e-m/fpv4-sp/hard\libgcc.a
LOAD c:/program files/microchip/xc32/v2.40/bin/bin/../../lib/gcc/pic32c/6.2.1/../../../../pic32c/lib/v7e-m/fpv4-sp/hard\libm_nano.a
LOAD c:/program files/microchip/xc32/v2.40/bin/bin/../../lib/gcc/pic32c/6.2.1/../../../../pic32c/lib/v7e-m/fpv4-sp/hard\libc_nano.a
END GROUP
LOAD c:/program files/microchip/xc32/v2.40/bin/bin/../../lib/gcc/pic32c/6.2.1/v7e-m/fpv4-sp/hard/crtend.o
LOAD c:/program files/microchip/xc32/v2.40/bin/bin/../../lib/gcc/pic32c/6.2.1/v7e-m/fpv4-sp/hard/crtn.o
                0x00100000                __rom_end = (ORIGIN (rom) + LENGTH (rom))
                0x20040000                __ram_end = (ORIGIN (ram) + LENGTH (ram))

.config_00804000
                0x00804000        0x4
 *(.config_00804000)
 .config_00804000
                0x00804000        0x4 build/same54_xplained_pro/production/_ext/602300742/initialization.o

.config_00804004
                0x00804004        0x4
 *(.config_00804004)
 .config_00804004
                0x00804004        0x4 build/same54_xplained_pro/production/_ext/602300742/initialization.o

.config_00804008
                0x00804008        0x4
 *(.config_00804008)
 .config_00804008
                0x00804008        0x4 build/same54_xplained_pro/production/_ext/602300742/initialization.o

.vectors        0x00000000      0x264
                0x00000000                . = ALIGN (0x4)
                0x00000000                _sfixed = .
 *(.vectors .vectors.* .vectors_default .vectors_default.*)
 .vectors       0x00000000      0x264 build/same54_xplained_pro/production/_ext/602300742/interrupts.o
                0x00000000                exception_table
 *(.isr_vector)
 *(.reset*)
 *(.after_vectors)

.text           0x00000264       0x20
                0x00000264                . = ALIGN (0x4)
 *(.glue_7t)
 .glue_7t       0x00000264        0x0 linker stubs
 *(.glue_7)
 .glue_7        0x00000264        0x0 linker stubs
 *(.gnu.linkonce.r.*)
 *(.ARM.extab* .gnu.linkonce.armextab.*)
                0x00000264                . = ALIGN (0x4)
 *(.init)
 .init          0x00000264        0x4 c:/program files/microchip/xc32/v2.40/bin/bin/../../lib/gcc/pic32c/6.2.1/v7e-m/fpv4-sp/hard/crti.o
                0x00000264                _init
 .init          0x00000268        0x8 c:/program files/microchip/xc32/v2.40/bin/bin/../../lib/gcc/pic32c/6.2.1/v7e-m/fpv4-sp/hard/crtn.o
                0x00000270                . = ALIGN (0x4)
                0x00000270                __preinit_array_start = .
 *(.preinit_array)
                0x00000270                __preinit_array_end = .
                0x00000270                . = ALIGN (0x4)
                0x00000270                __init_array_start = .
 *(SORT(.init_array.*))
 *(.init_array)
 .init_array    0x00000270        0x4 c:/program files/microchip/xc32/v2.40/bin/bin/../../lib/gcc/pic32c/6.2.1/v7e-m/fpv4-sp/hard/crtbegin.o
                0x00000274                __init_array_end = .
                0x00000274                . = ALIGN (0x4)
 *crtbegin.o(.ctors)
 *(EXCLUDE_FILE(*crtend.o) .ctors)
 *(SORT(.ctors.*))
 *crtend.o(.ctors)
                0x00000274                . = ALIGN (0x4)
 *(.fini)
 .fini          0x00000274        0x4 c:/program files/microchip/xc32/v2.40/bin/bin/../../lib/gcc/pic32c/6.2.1/v7e-m/fpv4-sp/hard/crti.o
                0x00000274                _fini
 .fini          0x00000278        0x8 c:/program files/microchip/xc32/v2.40/bin/bin/../../lib/gcc/pic32c/6.2.1/v7e-m/fpv4-sp/hard/crtn.o
                0x00000280                . = ALIGN (0x4)
                0x00000280                __fini_array_start = .
 *(.fini_array)
 .fini_array    0x00000280        0x4 c:/program files/microchip/xc32/v2.40/bin/bin/../../lib/gcc/pic32c/6.2.1/v7e-m/fpv4-sp/hard/crtbegin.o
 *(SORT(.fini_array.*))
                0x00000284                __fini_array_end = .
 *crtbegin.o(.dtors)
 *(EXCLUDE_FILE(*crtend.o) .dtors)
 *(SORT(.dtors.*))
 *crtend.o(.dtors)
                0x00000284                . = ALIGN (0x4)
                0x00000284                _efixed = .
                [!provide]                PROVIDE (__exidx_start, .)

.ARM.exidx
 *(.ARM.exidx* .gnu.linkonce.armexidx.*)
                [!provide]                PROVIDE (__exidx_end, .)
                0x00000284                . = ALIGN (0x4)
                0x00000284                _etext = .

.bss            0x20000000      0x100
                0x20000000                . = ALIGN (0x4)
                0x20000000                __bss_start__ = .
                0x20000000                _sbss = .
                0x20000000                _szero = .
 *(COMMON)
 COMMON         0x20000000       0xc0 build/same54_xplained_pro/production/_ext/18086165/plib_eic.o
                0x20000000                eicCallbackObject
 COMMON         0x200000c0        0xc build/same54_xplained_pro/production/_ext/18098999/plib_rtc_timer.o
                0x200000c0                rtcObj
 COMMON         0x200000cc       0x30 build/same54_xplained_pro/production/_ext/1547227007/plib_sercom2_usart.o
                0x200000cc                sercom2USARTObj
 COMMON         0x200000fc        0x4 c:/program files/microchip/xc32/v2.40/bin/bin/../../lib/gcc/pic32c/6.2.1/../../../../pic32c/lib/v7e-m/fpv4-sp/hard\libc_nano.a(lib_a-reent.o)
                0x200000fc                errno
                0x20000100                . = ALIGN (0x4)
                0x20000100                __bss_end__ = .
                0x20000100                _ebss = .
                0x20000100                _ezero = .
                0x20000100                . = ALIGN (0x4)
                0x20000100                _end = .
                0x2003ffff                _ram_end_ = ((ORIGIN (ram) + LENGTH (ram)) - 0x1)
OUTPUT(dist/same54_xplained_pro/production/mulib_tasker.X.production.elf elf32-littlearm)
LOAD stack
LOAD data_init

.ARM.attributes
                0x00000000       0x30
 .ARM.attributes
                0x00000000       0x22 c:/program files/microchip/xc32/v2.40/bin/bin/../../lib/gcc/pic32c/6.2.1/v7e-m/fpv4-sp/hard/crti.o
 .ARM.attributes
                0x00000022       0x34 c:/program files/microchip/xc32/v2.40/bin/bin/../../lib/gcc/pic32c/6.2.1/v7e-m/fpv4-sp/hard/crtbegin.o
 .ARM.attributes
                0x00000056       0x39 build/same54_xplained_pro/production/_ext/265365281/mu_sched.o
 .ARM.attributes
                0x0000008f       0x39 build/same54_xplained_pro/production/_ext/265365281/mu_spscq.o
 .ARM.attributes
                0x000000c8       0x39 build/same54_xplained_pro/production/_ext/265365281/mu_task.o
 .ARM.attributes
                0x00000101       0x39 build/same54_xplained_pro/production/_ext/265365281/mu_time.o
 .ARM.attributes
                0x0000013a       0x39 build/same54_xplained_pro/production/_ext/465512950/bsp.o
 .ARM.attributes
                0x00000173       0x39 build/same54_xplained_pro/production/_ext/199192420/plib_clock.o
 .ARM.attributes
                0x000001ac       0x39 build/same54_xplained_pro/production/_ext/18086165/plib_eic.o
 .ARM.attributes
                0x000001e5       0x39 build/same54_xplained_pro/production/_ext/201341906/plib_evsys.o
 .ARM.attributes
                0x0000021e       0x39 build/same54_xplained_pro/production/_ext/560952012/plib_nvic.o
 .ARM.attributes
                0x00000257       0x39 build/same54_xplained_pro/production/_ext/392550042/plib_nvmctrl.o
 .ARM.attributes
                0x00000290       0x39 build/same54_xplained_pro/production/_ext/554773095/plib_pm.o
 .ARM.attributes
                0x000002c9       0x39 build/same54_xplained_pro/production/_ext/561005163/plib_port.o
 .ARM.attributes
                0x00000302       0x39 build/same54_xplained_pro/production/_ext/18098999/plib_rtc_timer.o
 .ARM.attributes
                0x0000033b       0x39 build/same54_xplained_pro/production/_ext/1547227007/plib_sercom2_usart.o
 .ARM.attributes
                0x00000374       0x39 build/same54_xplained_pro/production/_ext/561100223/plib_supc.o
 .ARM.attributes
                0x000003ad       0x39 build/same54_xplained_pro/production/_ext/697067648/xc32_monitor.o
 .ARM.attributes
                0x000003e6       0x39 build/same54_xplained_pro/production/_ext/602300742/initialization.o
 .ARM.attributes
                0x0000041f       0x39 build/same54_xplained_pro/production/_ext/602300742/interrupts.o
 .ARM.attributes
                0x00000458       0x39 build/same54_xplained_pro/production/_ext/602300742/exceptions.o
 .ARM.attributes
                0x00000491       0x39 build/same54_xplained_pro/production/_ext/602300742/startup_xc32.o
 .ARM.attributes
                0x000004ca       0x39 build/same54_xplained_pro/production/_ext/1483874177/button_task.o
 .ARM.attributes
                0x00000503       0x39 build/same54_xplained_pro/production/_ext/1483874177/idle_task.o
 .ARM.attributes
                0x0000053c       0x39 build/same54_xplained_pro/production/_ext/1483874177/kbd_task.o
 .ARM.attributes
                0x00000575       0x39 build/same54_xplained_pro/production/_ext/1483874177/led_task.o
 .ARM.attributes
                0x000005ae       0x39 build/same54_xplained_pro/production/_ext/1483874177/mu_port.o
 .ARM.attributes
                0x000005e7       0x39 build/same54_xplained_pro/production/_ext/1483874177/screen_redraw_task.o
 .ARM.attributes
                0x00000620       0x39 build/same54_xplained_pro/production/_ext/1483874177/screen_update_task.o
 .ARM.attributes
                0x00000659       0x39 build/same54_xplained_pro/production/_ext/1483874177/mulib_tasker.o
 .ARM.attributes
                0x00000692       0x39 build/same54_xplained_pro/production/_ext/1360937237/main.o
 .ARM.attributes
                0x000006cb       0x34 c:/program files/microchip/xc32/v2.40/bin/bin/../../lib/gcc/pic32c/6.2.1/../../../../pic32c/lib/v7e-m/fpv4-sp/hard\libpic32c.a(data_init.o)
 .ARM.attributes
                0x000006ff       0x34 c:/program files/microchip/xc32/v2.40/bin/bin/../../lib/gcc/pic32c/6.2.1/../../../../pic32c/lib/v7e-m/fpv4-sp/hard\libc_nano.a(lib_a-init.o)
 .ARM.attributes
                0x00000733       0x34 c:/program files/microchip/xc32/v2.40/bin/bin/../../lib/gcc/pic32c/6.2.1/../../../../pic32c/lib/v7e-m/fpv4-sp/hard\libc_nano.a(lib_a-memmove.o)
 .ARM.attributes
                0x00000767       0x34 c:/program files/microchip/xc32/v2.40/bin/bin/../../lib/gcc/pic32c/6.2.1/../../../../pic32c/lib/v7e-m/fpv4-sp/hard\libc_nano.a(_lib_a-printf.cdnopsuxX.o)
 .ARM.attributes
                0x0000079b       0x34 c:/program files/microchip/xc32/v2.40/bin/bin/../../lib/gcc/pic32c/6.2.1/../../../../pic32c/lib/v7e-m/fpv4-sp/hard\libc_nano.a(lib_a-puts.o)
 .ARM.attributes
                0x000007cf       0x34 c:/program files/microchip/xc32/v2.40/bin/bin/../../lib/gcc/pic32c/6.2.1/../../../../pic32c/lib/v7e-m/fpv4-sp/hard\libc_nano.a(lib_a-wbuf.o)
 .ARM.attributes
                0x00000803       0x34 c:/program files/microchip/xc32/v2.40/bin/bin/../../lib/gcc/pic32c/6.2.1/../../../../pic32c/lib/v7e-m/fpv4-sp/hard\libc_nano.a(lib_a-wsetup.o)
 .ARM.attributes
                0x00000837       0x34 c:/program files/microchip/xc32/v2.40/bin/bin/../../lib/gcc/pic32c/6.2.1/../../../../pic32c/lib/v7e-m/fpv4-sp/hard\libc_nano.a(lib_a-fflush.o)
 .ARM.attributes
                0x0000086b       0x34 c:/program files/microchip/xc32/v2.40/bin/bin/../../lib/gcc/pic32c/6.2.1/../../../../pic32c/lib/v7e-m/fpv4-sp/hard\libc_nano.a(lib_a-findfp.o)
 .ARM.attributes
                0x0000089f       0x34 c:/program files/microchip/xc32/v2.40/bin/bin/../../lib/gcc/pic32c/6.2.1/../../../../pic32c/lib/v7e-m/fpv4-sp/hard\libc_nano.a(lib_a-fwalk.o)
 .ARM.attributes
                0x000008d3       0x34 c:/program files/microchip/xc32/v2.40/bin/bin/../../lib/gcc/pic32c/6.2.1/../../../../pic32c/lib/v7e-m/fpv4-sp/hard\libc_nano.a(lib_a-impure.o)
 .ARM.attributes
                0x00000907       0x34 c:/program files/microchip/xc32/v2.40/bin/bin/../../lib/gcc/pic32c/6.2.1/../../../../pic32c/lib/v7e-m/fpv4-sp/hard\libc_nano.a(lib_a-makebuf.o)
 .ARM.attributes
                0x0000093b       0x34 c:/program files/microchip/xc32/v2.40/bin/bin/../../lib/gcc/pic32c/6.2.1/../../../../pic32c/lib/v7e-m/fpv4-sp/hard\libc_nano.a(lib_a-memset.o)
 .ARM.attributes
                0x0000096f       0x34 c:/program files/microchip/xc32/v2.40/bin/bin/../../lib/gcc/pic32c/6.2.1/../../../../pic32c/lib/v7e-m/fpv4-sp/hard\libc_nano.a(lib_a-nano-freer.o)
 .ARM.attributes
                0x000009a3       0x34 c:/program files/microchip/xc32/v2.40/bin/bin/../../lib/gcc/pic32c/6.2.1/../../../../pic32c/lib/v7e-m/fpv4-sp/hard\libc_nano.a(lib_a-nano-mallocr.o)
 .ARM.attributes
                0x000009d7       0x34 c:/program files/microchip/xc32/v2.40/bin/bin/../../lib/gcc/pic32c/6.2.1/../../../../pic32c/lib/v7e-m/fpv4-sp/hard\libc_nano.a(_lib_a-nano-vfprintf.cdnopsuxX.o)
 .ARM.attributes
                0x00000a0b       0x34 c:/program files/microchip/xc32/v2.40/bin/bin/../../lib/gcc/pic32c/6.2.1/../../../../pic32c/lib/v7e-m/fpv4-sp/hard\libc_nano.a(lib_a-nano-vfprintf_i.o)
 .ARM.attributes
                0x00000a3f       0x34 c:/program files/microchip/xc32/v2.40/bin/bin/../../lib/gcc/pic32c/6.2.1/../../../../pic32c/lib/v7e-m/fpv4-sp/hard\libc_nano.a(lib_a-sbrkr.o)
 .ARM.attributes
                0x00000a73       0x34 c:/program files/microchip/xc32/v2.40/bin/bin/../../lib/gcc/pic32c/6.2.1/../../../../pic32c/lib/v7e-m/fpv4-sp/hard\libc_nano.a(lib_a-__ssfputs.o)
 .ARM.attributes
                0x00000aa7       0x34 c:/program files/microchip/xc32/v2.40/bin/bin/../../lib/gcc/pic32c/6.2.1/../../../../pic32c/lib/v7e-m/fpv4-sp/hard\libc_nano.a(lib_a-stdio.o)
 .ARM.attributes
                0x00000adb       0x34 c:/program files/microchip/xc32/v2.40/bin/bin/../../lib/gcc/pic32c/6.2.1/../../../../pic32c/lib/v7e-m/fpv4-sp/hard\libc_nano.a(lib_a-writer.o)
 .ARM.attributes
                0x00000b0f       0x34 c:/program files/microchip/xc32/v2.40/bin/bin/../../lib/gcc/pic32c/6.2.1/../../../../pic32c/lib/v7e-m/fpv4-sp/hard\libc_nano.a(lib_a-closer.o)
 .ARM.attributes
                0x00000b43       0x34 c:/program files/microchip/xc32/v2.40/bin/bin/../../lib/gcc/pic32c/6.2.1/../../../../pic32c/lib/v7e-m/fpv4-sp/hard\libc_nano.a(lib_a-fputwc.o)
 .ARM.attributes
                0x00000b77       0x34 c:/program files/microchip/xc32/v2.40/bin/bin/../../lib/gcc/pic32c/6.2.1/../../../../pic32c/lib/v7e-m/fpv4-sp/hard\libc_nano.a(lib_a-fstatr.o)
 .ARM.attributes
                0x00000bab       0x34 c:/program files/microchip/xc32/v2.40/bin/bin/../../lib/gcc/pic32c/6.2.1/../../../../pic32c/lib/v7e-m/fpv4-sp/hard\libc_nano.a(lib_a-isattyr.o)
 .ARM.attributes
                0x00000bdf       0x34 c:/program files/microchip/xc32/v2.40/bin/bin/../../lib/gcc/pic32c/6.2.1/../../../../pic32c/lib/v7e-m/fpv4-sp/hard\libc_nano.a(lib_a-locale.o)
 .ARM.attributes
                0x00000c13       0x34 c:/program files/microchip/xc32/v2.40/bin/bin/../../lib/gcc/pic32c/6.2.1/../../../../pic32c/lib/v7e-m/fpv4-sp/hard\libc_nano.a(lib_a-lseekr.o)
 .ARM.attributes
                0x00000c47       0x34 c:/program files/microchip/xc32/v2.40/bin/bin/../../lib/gcc/pic32c/6.2.1/../../../../pic32c/lib/v7e-m/fpv4-sp/hard\libc_nano.a(lib_a-mbtowc_r.o)
 .ARM.attributes
                0x00000c7b       0x20 c:/program files/microchip/xc32/v2.40/bin/bin/../../lib/gcc/pic32c/6.2.1/../../../../pic32c/lib/v7e-m/fpv4-sp/hard\libc_nano.a(lib_a-memchr.o)
 .ARM.attributes
                0x00000c9b       0x34 c:/program files/microchip/xc32/v2.40/bin/bin/../../lib/gcc/pic32c/6.2.1/../../../../pic32c/lib/v7e-m/fpv4-sp/hard\libc_nano.a(lib_a-mlock.o)
 .ARM.attributes
                0x00000ccf       0x34 c:/program files/microchip/xc32/v2.40/bin/bin/../../lib/gcc/pic32c/6.2.1/../../../../pic32c/lib/v7e-m/fpv4-sp/hard\libc_nano.a(lib_a-readr.o)
 .ARM.attributes
                0x00000d03       0x34 c:/program files/microchip/xc32/v2.40/bin/bin/../../lib/gcc/pic32c/6.2.1/../../../../pic32c/lib/v7e-m/fpv4-sp/hard\libc_nano.a(lib_a-reent.o)
 .ARM.attributes
                0x00000d37       0x34 c:/program files/microchip/xc32/v2.40/bin/bin/../../lib/gcc/pic32c/6.2.1/../../../../pic32c/lib/v7e-m/fpv4-sp/hard\libc_nano.a(lib_a-wcrtomb.o)
 .ARM.attributes
                0x00000d6b       0x34 c:/program files/microchip/xc32/v2.40/bin/bin/../../lib/gcc/pic32c/6.2.1/../../../../pic32c/lib/v7e-m/fpv4-sp/hard\libc_nano.a(lib_a-wctomb_r.o)
 .ARM.attributes
                0x00000d9f       0x34 c:/program files/microchip/xc32/v2.40/bin/bin/../../lib/gcc/pic32c/6.2.1/../../../../pic32c/lib/v7e-m/fpv4-sp/hard\libc_nano.a(lib_a-ctype_.o)
 .ARM.attributes
                0x00000dd3       0x34 c:/program files/microchip/xc32/v2.40/bin/bin/../../lib/gcc/pic32c/6.2.1/../../../../pic32c/lib/v7e-m/fpv4-sp/hard\libpic32c.a(_close.o)
 .ARM.attributes
                0x00000e07       0x34 c:/program files/microchip/xc32/v2.40/bin/bin/../../lib/gcc/pic32c/6.2.1/../../../../pic32c/lib/v7e-m/fpv4-sp/hard\libpic32c.a(_fstat.o)
 .ARM.attributes
                0x00000e3b       0x34 c:/program files/microchip/xc32/v2.40/bin/bin/../../lib/gcc/pic32c/6.2.1/../../../../pic32c/lib/v7e-m/fpv4-sp/hard\libpic32c.a(_isatty.o)
 .ARM.attributes
                0x00000e6f       0x34 c:/program files/microchip/xc32/v2.40/bin/bin/../../lib/gcc/pic32c/6.2.1/../../../../pic32c/lib/v7e-m/fpv4-sp/hard\libpic32c.a(_lseek.o)
 .ARM.attributes
                0x00000ea3       0x34 c:/program files/microchip/xc32/v2.40/bin/bin/../../lib/gcc/pic32c/6.2.1/../../../../pic32c/lib/v7e-m/fpv4-sp/hard\libpic32c.a(_read.o)
 .ARM.attributes
                0x00000ed7       0x34 c:/program files/microchip/xc32/v2.40/bin/bin/../../lib/gcc/pic32c/6.2.1/../../../../pic32c/lib/v7e-m/fpv4-sp/hard\libpic32c.a(sbrk.o)
 .ARM.attributes
                0x00000f0b       0x34 c:/program files/microchip/xc32/v2.40/bin/bin/../../lib/gcc/pic32c/6.2.1/../../../../pic32c/lib/v7e-m/fpv4-sp/hard\libpic32c.a(_write.o)
 .ARM.attributes
                0x00000f3f       0x34 c:/program files/microchip/xc32/v2.40/bin/bin/../../lib/gcc/pic32c/6.2.1/../../../../pic32c/lib/v7e-m/fpv4-sp/hard\libpic32c.a(close.o)
 .ARM.attributes
                0x00000f73       0x34 c:/program files/microchip/xc32/v2.40/bin/bin/../../lib/gcc/pic32c/6.2.1/../../../../pic32c/lib/v7e-m/fpv4-sp/hard\libpic32c.a(fstat.o)
 .ARM.attributes
                0x00000fa7       0x34 c:/program files/microchip/xc32/v2.40/bin/bin/../../lib/gcc/pic32c/6.2.1/../../../../pic32c/lib/v7e-m/fpv4-sp/hard\libpic32c.a(isatty.o)
 .ARM.attributes
                0x00000fdb       0x34 c:/program files/microchip/xc32/v2.40/bin/bin/../../lib/gcc/pic32c/6.2.1/../../../../pic32c/lib/v7e-m/fpv4-sp/hard\libpic32c.a(lseek.o)
 .ARM.attributes
                0x0000100f       0x34 c:/program files/microchip/xc32/v2.40/bin/bin/../../lib/gcc/pic32c/6.2.1/../../../../pic32c/lib/v7e-m/fpv4-sp/hard\libpic32c.a(read.o)
 .ARM.attributes
                0x00001043       0x34 c:/program files/microchip/xc32/v2.40/bin/bin/../../lib/gcc/pic32c/6.2.1/../../../../pic32c/lib/v7e-m/fpv4-sp/hard\libpic32c.a(write.o)
 .ARM.attributes
                0x00001077       0x22 c:/program files/microchip/xc32/v2.40/bin/bin/../../lib/gcc/pic32c/6.2.1/v7e-m/fpv4-sp/hard/crtn.o

.comment        0x00000000       0x3c
 .comment       0x00000000       0x3c c:/program files/microchip/xc32/v2.40/bin/bin/../../lib/gcc/pic32c/6.2.1/v7e-m/fpv4-sp/hard/crtbegin.o
                                 0x3d (size before relaxing)
 .comment       0x0000003c       0x3d build/same54_xplained_pro/production/_ext/265365281/mu_sched.o
 .comment       0x0000003c       0x3d build/same54_xplained_pro/production/_ext/265365281/mu_spscq.o
 .comment       0x0000003c       0x3d build/same54_xplained_pro/production/_ext/265365281/mu_task.o
 .comment       0x0000003c       0x3d build/same54_xplained_pro/production/_ext/265365281/mu_time.o
 .comment       0x0000003c       0x3d build/same54_xplained_pro/production/_ext/465512950/bsp.o
 .comment       0x0000003c       0x3d build/same54_xplained_pro/production/_ext/199192420/plib_clock.o
 .comment       0x0000003c       0x3d build/same54_xplained_pro/production/_ext/18086165/plib_eic.o
 .comment       0x0000003c       0x3d build/same54_xplained_pro/production/_ext/201341906/plib_evsys.o
 .comment       0x0000003c       0x3d build/same54_xplained_pro/production/_ext/560952012/plib_nvic.o
 .comment       0x0000003c       0x3d build/same54_xplained_pro/production/_ext/392550042/plib_nvmctrl.o
 .comment       0x0000003c       0x3d build/same54_xplained_pro/production/_ext/554773095/plib_pm.o
 .comment       0x0000003c       0x3d build/same54_xplained_pro/production/_ext/561005163/plib_port.o
 .comment       0x0000003c       0x3d build/same54_xplained_pro/production/_ext/18098999/plib_rtc_timer.o
 .comment       0x0000003c       0x3d build/same54_xplained_pro/production/_ext/1547227007/plib_sercom2_usart.o
 .comment       0x0000003c       0x3d build/same54_xplained_pro/production/_ext/561100223/plib_supc.o
 .comment       0x0000003c       0x3d build/same54_xplained_pro/production/_ext/697067648/xc32_monitor.o
 .comment       0x0000003c       0x3d build/same54_xplained_pro/production/_ext/602300742/initialization.o
 .comment       0x0000003c       0x3d build/same54_xplained_pro/production/_ext/602300742/interrupts.o
 .comment       0x0000003c       0x3d build/same54_xplained_pro/production/_ext/602300742/exceptions.o
 .comment       0x0000003c       0x3d build/same54_xplained_pro/production/_ext/602300742/startup_xc32.o
 .comment       0x0000003c       0x3d build/same54_xplained_pro/production/_ext/1483874177/button_task.o
 .comment       0x0000003c       0x3d build/same54_xplained_pro/production/_ext/1483874177/idle_task.o
 .comment       0x0000003c       0x3d build/same54_xplained_pro/production/_ext/1483874177/kbd_task.o
 .comment       0x0000003c       0x3d build/same54_xplained_pro/production/_ext/1483874177/led_task.o
 .comment       0x0000003c       0x3d build/same54_xplained_pro/production/_ext/1483874177/mu_port.o
 .comment       0x0000003c       0x3d build/same54_xplained_pro/production/_ext/1483874177/screen_redraw_task.o
 .comment       0x0000003c       0x3d build/same54_xplained_pro/production/_ext/1483874177/screen_update_task.o
 .comment       0x0000003c       0x3d build/same54_xplained_pro/production/_ext/1483874177/mulib_tasker.o
 .comment       0x0000003c       0x3d build/same54_xplained_pro/production/_ext/1360937237/main.o
 .comment       0x0000003c       0x3d c:/program files/microchip/xc32/v2.40/bin/bin/../../lib/gcc/pic32c/6.2.1/../../../../pic32c/lib/v7e-m/fpv4-sp/hard\libpic32c.a(data_init.o)
 .comment       0x0000003c       0x3d c:/program files/microchip/xc32/v2.40/bin/bin/../../lib/gcc/pic32c/6.2.1/../../../../pic32c/lib/v7e-m/fpv4-sp/hard\libc_nano.a(lib_a-init.o)
 .comment       0x0000003c       0x3d c:/program files/microchip/xc32/v2.40/bin/bin/../../lib/gcc/pic32c/6.2.1/../../../../pic32c/lib/v7e-m/fpv4-sp/hard\libc_nano.a(lib_a-memmove.o)
 .comment       0x0000003c       0x3d c:/program files/microchip/xc32/v2.40/bin/bin/../../lib/gcc/pic32c/6.2.1/../../../../pic32c/lib/v7e-m/fpv4-sp/hard\libc_nano.a(_lib_a-printf.cdnopsuxX.o)
 .comment       0x0000003c       0x3d c:/program files/microchip/xc32/v2.40/bin/bin/../../lib/gcc/pic32c/6.2.1/../../../../pic32c/lib/v7e-m/fpv4-sp/hard\libc_nano.a(lib_a-puts.o)
 .comment       0x0000003c       0x3d c:/program files/microchip/xc32/v2.40/bin/bin/../../lib/gcc/pic32c/6.2.1/../../../../pic32c/lib/v7e-m/fpv4-sp/hard\libc_nano.a(lib_a-wbuf.o)
 .comment       0x0000003c       0x3d c:/program files/microchip/xc32/v2.40/bin/bin/../../lib/gcc/pic32c/6.2.1/../../../../pic32c/lib/v7e-m/fpv4-sp/hard\libc_nano.a(lib_a-wsetup.o)
 .comment       0x0000003c       0x3d c:/program files/microchip/xc32/v2.40/bin/bin/../../lib/gcc/pic32c/6.2.1/../../../../pic32c/lib/v7e-m/fpv4-sp/hard\libc_nano.a(lib_a-fflush.o)
 .comment       0x0000003c       0x3d c:/program files/microchip/xc32/v2.40/bin/bin/../../lib/gcc/pic32c/6.2.1/../../../../pic32c/lib/v7e-m/fpv4-sp/hard\libc_nano.a(lib_a-findfp.o)
 .comment       0x0000003c       0x3d c:/program files/microchip/xc32/v2.40/bin/bin/../../lib/gcc/pic32c/6.2.1/../../../../pic32c/lib/v7e-m/fpv4-sp/hard\libc_nano.a(lib_a-fwalk.o)
 .comment       0x0000003c       0x3d c:/program files/microchip/xc32/v2.40/bin/bin/../../lib/gcc/pic32c/6.2.1/../../../../pic32c/lib/v7e-m/fpv4-sp/hard\libc_nano.a(lib_a-impure.o)
 .comment       0x0000003c       0x3d c:/program files/microchip/xc32/v2.40/bin/bin/../../lib/gcc/pic32c/6.2.1/../../../../pic32c/lib/v7e-m/fpv4-sp/hard\libc_nano.a(lib_a-makebuf.o)
 .comment       0x0000003c       0x3d c:/program files/microchip/xc32/v2.40/bin/bin/../../lib/gcc/pic32c/6.2.1/../../../../pic32c/lib/v7e-m/fpv4-sp/hard\libc_nano.a(lib_a-memset.o)
 .comment       0x0000003c       0x3d c:/program files/microchip/xc32/v2.40/bin/bin/../../lib/gcc/pic32c/6.2.1/../../../../pic32c/lib/v7e-m/fpv4-sp/hard\libc_nano.a(lib_a-nano-freer.o)
 .comment       0x0000003c       0x3d c:/program files/microchip/xc32/v2.40/bin/bin/../../lib/gcc/pic32c/6.2.1/../../../../pic32c/lib/v7e-m/fpv4-sp/hard\libc_nano.a(lib_a-nano-mallocr.o)
 .comment       0x0000003c       0x3d c:/program files/microchip/xc32/v2.40/bin/bin/../../lib/gcc/pic32c/6.2.1/../../../../pic32c/lib/v7e-m/fpv4-sp/hard\libc_nano.a(_lib_a-nano-vfprintf.cdnopsuxX.o)
 .comment       0x0000003c       0x3d c:/program files/microchip/xc32/v2.40/bin/bin/../../lib/gcc/pic32c/6.2.1/../../../../pic32c/lib/v7e-m/fpv4-sp/hard\libc_nano.a(lib_a-nano-vfprintf_i.o)
 .comment       0x0000003c       0x3d c:/program files/microchip/xc32/v2.40/bin/bin/../../lib/gcc/pic32c/6.2.1/../../../../pic32c/lib/v7e-m/fpv4-sp/hard\libc_nano.a(lib_a-sbrkr.o)
 .comment       0x0000003c       0x3d c:/program files/microchip/xc32/v2.40/bin/bin/../../lib/gcc/pic32c/6.2.1/../../../../pic32c/lib/v7e-m/fpv4-sp/hard\libc_nano.a(lib_a-__ssfputs.o)
 .comment       0x0000003c       0x3d c:/program files/microchip/xc32/v2.40/bin/bin/../../lib/gcc/pic32c/6.2.1/../../../../pic32c/lib/v7e-m/fpv4-sp/hard\libc_nano.a(lib_a-stdio.o)
 .comment       0x0000003c       0x3d c:/program files/microchip/xc32/v2.40/bin/bin/../../lib/gcc/pic32c/6.2.1/../../../../pic32c/lib/v7e-m/fpv4-sp/hard\libc_nano.a(lib_a-writer.o)
 .comment       0x0000003c       0x3d c:/program files/microchip/xc32/v2.40/bin/bin/../../lib/gcc/pic32c/6.2.1/../../../../pic32c/lib/v7e-m/fpv4-sp/hard\libc_nano.a(lib_a-closer.o)
 .comment       0x0000003c       0x3d c:/program files/microchip/xc32/v2.40/bin/bin/../../lib/gcc/pic32c/6.2.1/../../../../pic32c/lib/v7e-m/fpv4-sp/hard\libc_nano.a(lib_a-fputwc.o)
 .comment       0x0000003c       0x3d c:/program files/microchip/xc32/v2.40/bin/bin/../../lib/gcc/pic32c/6.2.1/../../../../pic32c/lib/v7e-m/fpv4-sp/hard\libc_nano.a(lib_a-fstatr.o)
 .comment       0x0000003c       0x3d c:/program files/microchip/xc32/v2.40/bin/bin/../../lib/gcc/pic32c/6.2.1/../../../../pic32c/lib/v7e-m/fpv4-sp/hard\libc_nano.a(lib_a-isattyr.o)
 .comment       0x0000003c       0x3d c:/program files/microchip/xc32/v2.40/bin/bin/../../lib/gcc/pic32c/6.2.1/../../../../pic32c/lib/v7e-m/fpv4-sp/hard\libc_nano.a(lib_a-locale.o)
 .comment       0x0000003c       0x3d c:/program files/microchip/xc32/v2.40/bin/bin/../../lib/gcc/pic32c/6.2.1/../../../../pic32c/lib/v7e-m/fpv4-sp/hard\libc_nano.a(lib_a-lseekr.o)
 .comment       0x0000003c       0x3d c:/program files/microchip/xc32/v2.40/bin/bin/../../lib/gcc/pic32c/6.2.1/../../../../pic32c/lib/v7e-m/fpv4-sp/hard\libc_nano.a(lib_a-mbtowc_r.o)
 .comment       0x0000003c       0x3d c:/program files/microchip/xc32/v2.40/bin/bin/../../lib/gcc/pic32c/6.2.1/../../../../pic32c/lib/v7e-m/fpv4-sp/hard\libc_nano.a(lib_a-mlock.o)
 .comment       0x0000003c       0x3d c:/program files/microchip/xc32/v2.40/bin/bin/../../lib/gcc/pic32c/6.2.1/../../../../pic32c/lib/v7e-m/fpv4-sp/hard\libc_nano.a(lib_a-readr.o)
 .comment       0x0000003c       0x3d c:/program files/microchip/xc32/v2.40/bin/bin/../../lib/gcc/pic32c/6.2.1/../../../../pic32c/lib/v7e-m/fpv4-sp/hard\libc_nano.a(lib_a-reent.o)
 .comment       0x0000003c       0x3d c:/program files/microchip/xc32/v2.40/bin/bin/../../lib/gcc/pic32c/6.2.1/../../../../pic32c/lib/v7e-m/fpv4-sp/hard\libc_nano.a(lib_a-wcrtomb.o)
 .comment       0x0000003c       0x3d c:/program files/microchip/xc32/v2.40/bin/bin/../../lib/gcc/pic32c/6.2.1/../../../../pic32c/lib/v7e-m/fpv4-sp/hard\libc_nano.a(lib_a-wctomb_r.o)
 .comment       0x0000003c       0x3d c:/program files/microchip/xc32/v2.40/bin/bin/../../lib/gcc/pic32c/6.2.1/../../../../pic32c/lib/v7e-m/fpv4-sp/hard\libc_nano.a(lib_a-ctype_.o)
 .comment       0x0000003c       0x3d c:/program files/microchip/xc32/v2.40/bin/bin/../../lib/gcc/pic32c/6.2.1/../../../../pic32c/lib/v7e-m/fpv4-sp/hard\libpic32c.a(_close.o)
 .comment       0x0000003c       0x3d c:/program files/microchip/xc32/v2.40/bin/bin/../../lib/gcc/pic32c/6.2.1/../../../../pic32c/lib/v7e-m/fpv4-sp/hard\libpic32c.a(_fstat.o)
 .comment       0x0000003c       0x3d c:/program files/microchip/xc32/v2.40/bin/bin/../../lib/gcc/pic32c/6.2.1/../../../../pic32c/lib/v7e-m/fpv4-sp/hard\libpic32c.a(_isatty.o)
 .comment       0x0000003c       0x3d c:/program files/microchip/xc32/v2.40/bin/bin/../../lib/gcc/pic32c/6.2.1/../../../../pic32c/lib/v7e-m/fpv4-sp/hard\libpic32c.a(_lseek.o)
 .comment       0x0000003c       0x3d c:/program files/microchip/xc32/v2.40/bin/bin/../../lib/gcc/pic32c/6.2.1/../../../../pic32c/lib/v7e-m/fpv4-sp/hard\libpic32c.a(_read.o)
 .comment       0x0000003c       0x3d c:/program files/microchip/xc32/v2.40/bin/bin/../../lib/gcc/pic32c/6.2.1/../../../../pic32c/lib/v7e-m/fpv4-sp/hard\libpic32c.a(sbrk.o)
 .comment       0x0000003c       0x3d c:/program files/microchip/xc32/v2.40/bin/bin/../../lib/gcc/pic32c/6.2.1/../../../../pic32c/lib/v7e-m/fpv4-sp/hard\libpic32c.a(_write.o)
 .comment       0x0000003c       0x3d c:/program files/microchip/xc32/v2.40/bin/bin/../../lib/gcc/pic32c/6.2.1/../../../../pic32c/lib/v7e-m/fpv4-sp/hard\libpic32c.a(close.o)
 .comment       0x0000003c       0x3d c:/program files/microchip/xc32/v2.40/bin/bin/../../lib/gcc/pic32c/6.2.1/../../../../pic32c/lib/v7e-m/fpv4-sp/hard\libpic32c.a(fstat.o)
 .comment       0x0000003c       0x3d c:/program files/microchip/xc32/v2.40/bin/bin/../../lib/gcc/pic32c/6.2.1/../../../../pic32c/lib/v7e-m/fpv4-sp/hard\libpic32c.a(isatty.o)
 .comment       0x0000003c       0x3d c:/program files/microchip/xc32/v2.40/bin/bin/../../lib/gcc/pic32c/6.2.1/../../../../pic32c/lib/v7e-m/fpv4-sp/hard\libpic32c.a(lseek.o)
 .comment       0x0000003c       0x3d c:/program files/microchip/xc32/v2.40/bin/bin/../../lib/gcc/pic32c/6.2.1/../../../../pic32c/lib/v7e-m/fpv4-sp/hard\libpic32c.a(read.o)
 .comment       0x0000003c       0x3d c:/program files/microchip/xc32/v2.40/bin/bin/../../lib/gcc/pic32c/6.2.1/../../../../pic32c/lib/v7e-m/fpv4-sp/hard\libpic32c.a(write.o)

.debug_info     0x00000000    0x49884
 .debug_info    0x00000000     0x221c build/same54_xplained_pro/production/_ext/265365281/mu_sched.o
 .debug_info    0x0000221c      0x621 build/same54_xplained_pro/production/_ext/265365281/mu_spscq.o
 .debug_info    0x0000283d      0x6e2 build/same54_xplained_pro/production/_ext/265365281/mu_task.o
 .debug_info    0x00002f1f      0x6f7 build/same54_xplained_pro/production/_ext/265365281/mu_time.o
 .debug_info    0x00003616     0x10f7 build/same54_xplained_pro/production/_ext/465512950/bsp.o
 .debug_info    0x0000470d      0x8cc build/same54_xplained_pro/production/_ext/199192420/plib_clock.o
 .debug_info    0x00004fd9      0x79b build/same54_xplained_pro/production/_ext/18086165/plib_eic.o
 .debug_info    0x00005774      0x38f build/same54_xplained_pro/production/_ext/201341906/plib_evsys.o
 .debug_info    0x00005b03     0x1387 build/same54_xplained_pro/production/_ext/560952012/plib_nvic.o
 .debug_info    0x00006e8a     0x1765 build/same54_xplained_pro/production/_ext/392550042/plib_nvmctrl.o
 .debug_info    0x000085ef      0x615 build/same54_xplained_pro/production/_ext/554773095/plib_pm.o
 .debug_info    0x00008c04      0x85b build/same54_xplained_pro/production/_ext/561005163/plib_port.o
 .debug_info    0x0000945f     0x1cc3 build/same54_xplained_pro/production/_ext/18098999/plib_rtc_timer.o
 .debug_info    0x0000b122     0x16d5 build/same54_xplained_pro/production/_ext/1547227007/plib_sercom2_usart.o
 .debug_info    0x0000c7f7      0x6de build/same54_xplained_pro/production/_ext/561100223/plib_supc.o
 .debug_info    0x0000ced5      0xf89 build/same54_xplained_pro/production/_ext/697067648/xc32_monitor.o
 .debug_info    0x0000de5e      0xfc0 build/same54_xplained_pro/production/_ext/602300742/initialization.o
 .debug_info    0x0000ee1e     0x223b build/same54_xplained_pro/production/_ext/602300742/interrupts.o
 .debug_info    0x00011059      0xf74 build/same54_xplained_pro/production/_ext/602300742/exceptions.o
 .debug_info    0x00011fcd     0x1464 build/same54_xplained_pro/production/_ext/602300742/startup_xc32.o
 .debug_info    0x00013431     0x142d build/same54_xplained_pro/production/_ext/1483874177/button_task.o
 .debug_info    0x0001485e     0x1c39 build/same54_xplained_pro/production/_ext/1483874177/idle_task.o
 .debug_info    0x00016497     0x1f1c build/same54_xplained_pro/production/_ext/1483874177/kbd_task.o
 .debug_info    0x000183b3     0x1590 build/same54_xplained_pro/production/_ext/1483874177/led_task.o
 .debug_info    0x00019943     0x1333 build/same54_xplained_pro/production/_ext/1483874177/mu_port.o
 .debug_info    0x0001ac76     0x168f build/same54_xplained_pro/production/_ext/1483874177/screen_redraw_task.o
 .debug_info    0x0001c305     0x1372 build/same54_xplained_pro/production/_ext/1483874177/screen_update_task.o
 .debug_info    0x0001d677     0x1a26 build/same54_xplained_pro/production/_ext/1483874177/mulib_tasker.o
 .debug_info    0x0001f09d      0xede build/same54_xplained_pro/production/_ext/1360937237/main.o
 .debug_info    0x0001ff7b      0x2a2 c:/program files/microchip/xc32/v2.40/bin/bin/../../lib/gcc/pic32c/6.2.1/../../../../pic32c/lib/v7e-m/fpv4-sp/hard\libpic32c.a(data_init.o)
 .debug_info    0x0002021d      0x41f c:/program files/microchip/xc32/v2.40/bin/bin/../../lib/gcc/pic32c/6.2.1/../../../../pic32c/lib/v7e-m/fpv4-sp/hard\libc_nano.a(lib_a-init.o)
 .debug_info    0x0002063c     0x15de c:/program files/microchip/xc32/v2.40/bin/bin/../../lib/gcc/pic32c/6.2.1/../../../../pic32c/lib/v7e-m/fpv4-sp/hard\libc_nano.a(lib_a-memmove.o)
 .debug_info    0x00021c1a      0xf07 c:/program files/microchip/xc32/v2.40/bin/bin/../../lib/gcc/pic32c/6.2.1/../../../../pic32c/lib/v7e-m/fpv4-sp/hard\libc_nano.a(_lib_a-printf.cdnopsuxX.o)
 .debug_info    0x00022b21     0x12e5 c:/program files/microchip/xc32/v2.40/bin/bin/../../lib/gcc/pic32c/6.2.1/../../../../pic32c/lib/v7e-m/fpv4-sp/hard\libc_nano.a(lib_a-puts.o)
 .debug_info    0x00023e06     0x1279 c:/program files/microchip/xc32/v2.40/bin/bin/../../lib/gcc/pic32c/6.2.1/../../../../pic32c/lib/v7e-m/fpv4-sp/hard\libc_nano.a(lib_a-wbuf.o)
 .debug_info    0x0002507f     0x11f4 c:/program files/microchip/xc32/v2.40/bin/bin/../../lib/gcc/pic32c/6.2.1/../../../../pic32c/lib/v7e-m/fpv4-sp/hard\libc_nano.a(lib_a-wsetup.o)
 .debug_info    0x00026273     0x135a c:/program files/microchip/xc32/v2.40/bin/bin/../../lib/gcc/pic32c/6.2.1/../../../../pic32c/lib/v7e-m/fpv4-sp/hard\libc_nano.a(lib_a-fflush.o)
 .debug_info    0x000275cd     0x1534 c:/program files/microchip/xc32/v2.40/bin/bin/../../lib/gcc/pic32c/6.2.1/../../../../pic32c/lib/v7e-m/fpv4-sp/hard\libc_nano.a(lib_a-findfp.o)
 .debug_info    0x00028b01     0x1263 c:/program files/microchip/xc32/v2.40/bin/bin/../../lib/gcc/pic32c/6.2.1/../../../../pic32c/lib/v7e-m/fpv4-sp/hard\libc_nano.a(lib_a-fwalk.o)
 .debug_info    0x00029d64      0xdef c:/program files/microchip/xc32/v2.40/bin/bin/../../lib/gcc/pic32c/6.2.1/../../../../pic32c/lib/v7e-m/fpv4-sp/hard\libc_nano.a(lib_a-impure.o)
 .debug_info    0x0002ab53     0x15ab c:/program files/microchip/xc32/v2.40/bin/bin/../../lib/gcc/pic32c/6.2.1/../../../../pic32c/lib/v7e-m/fpv4-sp/hard\libc_nano.a(lib_a-makebuf.o)
 .debug_info    0x0002c0fe     0x15ae c:/program files/microchip/xc32/v2.40/bin/bin/../../lib/gcc/pic32c/6.2.1/../../../../pic32c/lib/v7e-m/fpv4-sp/hard\libc_nano.a(lib_a-memset.o)
 .debug_info    0x0002d6ac     0x11c1 c:/program files/microchip/xc32/v2.40/bin/bin/../../lib/gcc/pic32c/6.2.1/../../../../pic32c/lib/v7e-m/fpv4-sp/hard\libc_nano.a(lib_a-nano-freer.o)
 .debug_info    0x0002e86d     0x1259 c:/program files/microchip/xc32/v2.40/bin/bin/../../lib/gcc/pic32c/6.2.1/../../../../pic32c/lib/v7e-m/fpv4-sp/hard\libc_nano.a(lib_a-nano-mallocr.o)
 .debug_info    0x0002fac6     0x1fc6 c:/program files/microchip/xc32/v2.40/bin/bin/../../lib/gcc/pic32c/6.2.1/../../../../pic32c/lib/v7e-m/fpv4-sp/hard\libc_nano.a(_lib_a-nano-vfprintf.cdnopsuxX.o)
 .debug_info    0x00031a8c     0x1db8 c:/program files/microchip/xc32/v2.40/bin/bin/../../lib/gcc/pic32c/6.2.1/../../../../pic32c/lib/v7e-m/fpv4-sp/hard\libc_nano.a(lib_a-nano-vfprintf_i.o)
 .debug_info    0x00033844      0xedf c:/program files/microchip/xc32/v2.40/bin/bin/../../lib/gcc/pic32c/6.2.1/../../../../pic32c/lib/v7e-m/fpv4-sp/hard\libc_nano.a(lib_a-sbrkr.o)
 .debug_info    0x00034723     0x1954 c:/program files/microchip/xc32/v2.40/bin/bin/../../lib/gcc/pic32c/6.2.1/../../../../pic32c/lib/v7e-m/fpv4-sp/hard\libc_nano.a(lib_a-__ssfputs.o)
 .debug_info    0x00036077     0x1422 c:/program files/microchip/xc32/v2.40/bin/bin/../../lib/gcc/pic32c/6.2.1/../../../../pic32c/lib/v7e-m/fpv4-sp/hard\libc_nano.a(lib_a-stdio.o)
 .debug_info    0x00037499      0xefe c:/program files/microchip/xc32/v2.40/bin/bin/../../lib/gcc/pic32c/6.2.1/../../../../pic32c/lib/v7e-m/fpv4-sp/hard\libc_nano.a(lib_a-writer.o)
 .debug_info    0x00038397      0xead c:/program files/microchip/xc32/v2.40/bin/bin/../../lib/gcc/pic32c/6.2.1/../../../../pic32c/lib/v7e-m/fpv4-sp/hard\libc_nano.a(lib_a-closer.o)
 .debug_info    0x00039244     0x139e c:/program files/microchip/xc32/v2.40/bin/bin/../../lib/gcc/pic32c/6.2.1/../../../../pic32c/lib/v7e-m/fpv4-sp/hard\libc_nano.a(lib_a-fputwc.o)
 .debug_info    0x0003a5e2     0x11a8 c:/program files/microchip/xc32/v2.40/bin/bin/../../lib/gcc/pic32c/6.2.1/../../../../pic32c/lib/v7e-m/fpv4-sp/hard\libc_nano.a(lib_a-fstatr.o)
 .debug_info    0x0003b78a      0xeba c:/program files/microchip/xc32/v2.40/bin/bin/../../lib/gcc/pic32c/6.2.1/../../../../pic32c/lib/v7e-m/fpv4-sp/hard\libc_nano.a(lib_a-isattyr.o)
 .debug_info    0x0003c644     0x189e c:/program files/microchip/xc32/v2.40/bin/bin/../../lib/gcc/pic32c/6.2.1/../../../../pic32c/lib/v7e-m/fpv4-sp/hard\libc_nano.a(lib_a-locale.o)
 .debug_info    0x0003dee2      0xee5 c:/program files/microchip/xc32/v2.40/bin/bin/../../lib/gcc/pic32c/6.2.1/../../../../pic32c/lib/v7e-m/fpv4-sp/hard\libc_nano.a(lib_a-lseekr.o)
 .debug_info    0x0003edc7     0x1782 c:/program files/microchip/xc32/v2.40/bin/bin/../../lib/gcc/pic32c/6.2.1/../../../../pic32c/lib/v7e-m/fpv4-sp/hard\libc_nano.a(lib_a-mbtowc_r.o)
 .debug_info    0x00040549      0x120 c:/program files/microchip/xc32/v2.40/bin/bin/../../lib/gcc/pic32c/6.2.1/../../../../pic32c/lib/v7e-m/fpv4-sp/hard\libc_nano.a(lib_a-memchr.o)
 .debug_info    0x00040669      0xe2c c:/program files/microchip/xc32/v2.40/bin/bin/../../lib/gcc/pic32c/6.2.1/../../../../pic32c/lib/v7e-m/fpv4-sp/hard\libc_nano.a(lib_a-mlock.o)
 .debug_info    0x00041495      0xefc c:/program files/microchip/xc32/v2.40/bin/bin/../../lib/gcc/pic32c/6.2.1/../../../../pic32c/lib/v7e-m/fpv4-sp/hard\libc_nano.a(lib_a-readr.o)
 .debug_info    0x00042391      0xfe7 c:/program files/microchip/xc32/v2.40/bin/bin/../../lib/gcc/pic32c/6.2.1/../../../../pic32c/lib/v7e-m/fpv4-sp/hard\libc_nano.a(lib_a-reent.o)
 .debug_info    0x00043378     0x175e c:/program files/microchip/xc32/v2.40/bin/bin/../../lib/gcc/pic32c/6.2.1/../../../../pic32c/lib/v7e-m/fpv4-sp/hard\libc_nano.a(lib_a-wcrtomb.o)
 .debug_info    0x00044ad6     0x174d c:/program files/microchip/xc32/v2.40/bin/bin/../../lib/gcc/pic32c/6.2.1/../../../../pic32c/lib/v7e-m/fpv4-sp/hard\libc_nano.a(lib_a-wctomb_r.o)
 .debug_info    0x00046223     0x157f c:/program files/microchip/xc32/v2.40/bin/bin/../../lib/gcc/pic32c/6.2.1/../../../../pic32c/lib/v7e-m/fpv4-sp/hard\libc_nano.a(lib_a-ctype_.o)
 .debug_info    0x000477a2      0x288 c:/program files/microchip/xc32/v2.40/bin/bin/../../lib/gcc/pic32c/6.2.1/../../../../pic32c/lib/v7e-m/fpv4-sp/hard\libpic32c.a(_close.o)
 .debug_info    0x00047a2a      0x288 c:/program files/microchip/xc32/v2.40/bin/bin/../../lib/gcc/pic32c/6.2.1/../../../../pic32c/lib/v7e-m/fpv4-sp/hard\libpic32c.a(_fstat.o)
 .debug_info    0x00047cb2      0x28a c:/program files/microchip/xc32/v2.40/bin/bin/../../lib/gcc/pic32c/6.2.1/../../../../pic32c/lib/v7e-m/fpv4-sp/hard\libpic32c.a(_isatty.o)
 .debug_info    0x00047f3c      0x288 c:/program files/microchip/xc32/v2.40/bin/bin/../../lib/gcc/pic32c/6.2.1/../../../../pic32c/lib/v7e-m/fpv4-sp/hard\libpic32c.a(_lseek.o)
 .debug_info    0x000481c4      0x286 c:/program files/microchip/xc32/v2.40/bin/bin/../../lib/gcc/pic32c/6.2.1/../../../../pic32c/lib/v7e-m/fpv4-sp/hard\libpic32c.a(_read.o)
 .debug_info    0x0004844a      0x286 c:/program files/microchip/xc32/v2.40/bin/bin/../../lib/gcc/pic32c/6.2.1/../../../../pic32c/lib/v7e-m/fpv4-sp/hard\libpic32c.a(sbrk.o)
 .debug_info    0x000486d0      0x288 c:/program files/microchip/xc32/v2.40/bin/bin/../../lib/gcc/pic32c/6.2.1/../../../../pic32c/lib/v7e-m/fpv4-sp/hard\libpic32c.a(_write.o)
 .debug_info    0x00048958      0x287 c:/program files/microchip/xc32/v2.40/bin/bin/../../lib/gcc/pic32c/6.2.1/../../../../pic32c/lib/v7e-m/fpv4-sp/hard\libpic32c.a(close.o)
 .debug_info    0x00048bdf      0x287 c:/program files/microchip/xc32/v2.40/bin/bin/../../lib/gcc/pic32c/6.2.1/../../../../pic32c/lib/v7e-m/fpv4-sp/hard\libpic32c.a(fstat.o)
 .debug_info    0x00048e66      0x289 c:/program files/microchip/xc32/v2.40/bin/bin/../../lib/gcc/pic32c/6.2.1/../../../../pic32c/lib/v7e-m/fpv4-sp/hard\libpic32c.a(isatty.o)
 .debug_info    0x000490ef      0x287 c:/program files/microchip/xc32/v2.40/bin/bin/../../lib/gcc/pic32c/6.2.1/../../../../pic32c/lib/v7e-m/fpv4-sp/hard\libpic32c.a(lseek.o)
 .debug_info    0x00049376      0x286 c:/program files/microchip/xc32/v2.40/bin/bin/../../lib/gcc/pic32c/6.2.1/../../../../pic32c/lib/v7e-m/fpv4-sp/hard\libpic32c.a(read.o)
 .debug_info    0x000495fc      0x288 c:/program files/microchip/xc32/v2.40/bin/bin/../../lib/gcc/pic32c/6.2.1/../../../../pic32c/lib/v7e-m/fpv4-sp/hard\libpic32c.a(write.o)

.debug_abbrev   0x00000000     0x797f
 .debug_abbrev  0x00000000      0x473 build/same54_xplained_pro/production/_ext/265365281/mu_sched.o
 .debug_abbrev  0x00000473      0x140 build/same54_xplained_pro/production/_ext/265365281/mu_spscq.o
 .debug_abbrev  0x000005b3      0x137 build/same54_xplained_pro/production/_ext/265365281/mu_task.o
 .debug_abbrev  0x000006ea       0xbf build/same54_xplained_pro/production/_ext/265365281/mu_time.o
 .debug_abbrev  0x000007a9      0x1a3 build/same54_xplained_pro/production/_ext/465512950/bsp.o
 .debug_abbrev  0x0000094c      0x114 build/same54_xplained_pro/production/_ext/199192420/plib_clock.o
 .debug_abbrev  0x00000a60      0x186 build/same54_xplained_pro/production/_ext/18086165/plib_eic.o
 .debug_abbrev  0x00000be6       0x5e build/same54_xplained_pro/production/_ext/201341906/plib_evsys.o
 .debug_abbrev  0x00000c44      0x186 build/same54_xplained_pro/production/_ext/560952012/plib_nvic.o
 .debug_abbrev  0x00000dca      0x2ba build/same54_xplained_pro/production/_ext/392550042/plib_nvmctrl.o
 .debug_abbrev  0x00001084       0x93 build/same54_xplained_pro/production/_ext/554773095/plib_pm.o
 .debug_abbrev  0x00001117      0x160 build/same54_xplained_pro/production/_ext/561005163/plib_port.o
 .debug_abbrev  0x00001277      0x284 build/same54_xplained_pro/production/_ext/18098999/plib_rtc_timer.o
 .debug_abbrev  0x000014fb      0x337 build/same54_xplained_pro/production/_ext/1547227007/plib_sercom2_usart.o
 .debug_abbrev  0x00001832       0xe1 build/same54_xplained_pro/production/_ext/561100223/plib_supc.o
 .debug_abbrev  0x00001913      0x20a build/same54_xplained_pro/production/_ext/697067648/xc32_monitor.o
 .debug_abbrev  0x00001b1d      0x1d6 build/same54_xplained_pro/production/_ext/602300742/initialization.o
 .debug_abbrev  0x00001cf3      0x1a7 build/same54_xplained_pro/production/_ext/602300742/interrupts.o
 .debug_abbrev  0x00001e9a      0x196 build/same54_xplained_pro/production/_ext/602300742/exceptions.o
 .debug_abbrev  0x00002030      0x269 build/same54_xplained_pro/production/_ext/602300742/startup_xc32.o
 .debug_abbrev  0x00002299      0x27c build/same54_xplained_pro/production/_ext/1483874177/button_task.o
 .debug_abbrev  0x00002515      0x313 build/same54_xplained_pro/production/_ext/1483874177/idle_task.o
 .debug_abbrev  0x00002828      0x2b0 build/same54_xplained_pro/production/_ext/1483874177/kbd_task.o
 .debug_abbrev  0x00002ad8      0x236 build/same54_xplained_pro/production/_ext/1483874177/led_task.o
 .debug_abbrev  0x00002d0e      0x28e build/same54_xplained_pro/production/_ext/1483874177/mu_port.o
 .debug_abbrev  0x00002f9c      0x2c0 build/same54_xplained_pro/production/_ext/1483874177/screen_redraw_task.o
 .debug_abbrev  0x0000325c      0x22f build/same54_xplained_pro/production/_ext/1483874177/screen_update_task.o
 .debug_abbrev  0x0000348b      0x292 build/same54_xplained_pro/production/_ext/1483874177/mulib_tasker.o
 .debug_abbrev  0x0000371d      0x1d0 build/same54_xplained_pro/production/_ext/1360937237/main.o
 .debug_abbrev  0x000038ed       0x2a c:/program files/microchip/xc32/v2.40/bin/bin/../../lib/gcc/pic32c/6.2.1/../../../../pic32c/lib/v7e-m/fpv4-sp/hard\libpic32c.a(data_init.o)
 .debug_abbrev  0x00003917       0xa3 c:/program files/microchip/xc32/v2.40/bin/bin/../../lib/gcc/pic32c/6.2.1/../../../../pic32c/lib/v7e-m/fpv4-sp/hard\libc_nano.a(lib_a-init.o)
 .debug_abbrev  0x000039ba      0x175 c:/program files/microchip/xc32/v2.40/bin/bin/../../lib/gcc/pic32c/6.2.1/../../../../pic32c/lib/v7e-m/fpv4-sp/hard\libc_nano.a(lib_a-memmove.o)
 .debug_abbrev  0x00003b2f      0x196 c:/program files/microchip/xc32/v2.40/bin/bin/../../lib/gcc/pic32c/6.2.1/../../../../pic32c/lib/v7e-m/fpv4-sp/hard\libc_nano.a(_lib_a-printf.cdnopsuxX.o)
 .debug_abbrev  0x00003cc5      0x25f c:/program files/microchip/xc32/v2.40/bin/bin/../../lib/gcc/pic32c/6.2.1/../../../../pic32c/lib/v7e-m/fpv4-sp/hard\libc_nano.a(lib_a-puts.o)
 .debug_abbrev  0x00003f24      0x216 c:/program files/microchip/xc32/v2.40/bin/bin/../../lib/gcc/pic32c/6.2.1/../../../../pic32c/lib/v7e-m/fpv4-sp/hard\libc_nano.a(lib_a-wbuf.o)
 .debug_abbrev  0x0000413a      0x1ec c:/program files/microchip/xc32/v2.40/bin/bin/../../lib/gcc/pic32c/6.2.1/../../../../pic32c/lib/v7e-m/fpv4-sp/hard\libc_nano.a(lib_a-wsetup.o)
 .debug_abbrev  0x00004326      0x29e c:/program files/microchip/xc32/v2.40/bin/bin/../../lib/gcc/pic32c/6.2.1/../../../../pic32c/lib/v7e-m/fpv4-sp/hard\libc_nano.a(lib_a-fflush.o)
 .debug_abbrev  0x000045c4      0x2b5 c:/program files/microchip/xc32/v2.40/bin/bin/../../lib/gcc/pic32c/6.2.1/../../../../pic32c/lib/v7e-m/fpv4-sp/hard\libc_nano.a(lib_a-findfp.o)
 .debug_abbrev  0x00004879      0x1ad c:/program files/microchip/xc32/v2.40/bin/bin/../../lib/gcc/pic32c/6.2.1/../../../../pic32c/lib/v7e-m/fpv4-sp/hard\libc_nano.a(lib_a-fwalk.o)
 .debug_abbrev  0x00004a26      0x131 c:/program files/microchip/xc32/v2.40/bin/bin/../../lib/gcc/pic32c/6.2.1/../../../../pic32c/lib/v7e-m/fpv4-sp/hard\libc_nano.a(lib_a-impure.o)
 .debug_abbrev  0x00004b57      0x268 c:/program files/microchip/xc32/v2.40/bin/bin/../../lib/gcc/pic32c/6.2.1/../../../../pic32c/lib/v7e-m/fpv4-sp/hard\libc_nano.a(lib_a-makebuf.o)
 .debug_abbrev  0x00004dbf      0x170 c:/program files/microchip/xc32/v2.40/bin/bin/../../lib/gcc/pic32c/6.2.1/../../../../pic32c/lib/v7e-m/fpv4-sp/hard\libc_nano.a(lib_a-memset.o)
 .debug_abbrev  0x00004f2f      0x242 c:/program files/microchip/xc32/v2.40/bin/bin/../../lib/gcc/pic32c/6.2.1/../../../../pic32c/lib/v7e-m/fpv4-sp/hard\libc_nano.a(lib_a-nano-freer.o)
 .debug_abbrev  0x00005171      0x281 c:/program files/microchip/xc32/v2.40/bin/bin/../../lib/gcc/pic32c/6.2.1/../../../../pic32c/lib/v7e-m/fpv4-sp/hard\libc_nano.a(lib_a-nano-mallocr.o)
 .debug_abbrev  0x000053f2      0x316 c:/program files/microchip/xc32/v2.40/bin/bin/../../lib/gcc/pic32c/6.2.1/../../../../pic32c/lib/v7e-m/fpv4-sp/hard\libc_nano.a(_lib_a-nano-vfprintf.cdnopsuxX.o)
 .debug_abbrev  0x00005708      0x225 c:/program files/microchip/xc32/v2.40/bin/bin/../../lib/gcc/pic32c/6.2.1/../../../../pic32c/lib/v7e-m/fpv4-sp/hard\libc_nano.a(lib_a-nano-vfprintf_i.o)
 .debug_abbrev  0x0000592d      0x1a8 c:/program files/microchip/xc32/v2.40/bin/bin/../../lib/gcc/pic32c/6.2.1/../../../../pic32c/lib/v7e-m/fpv4-sp/hard\libc_nano.a(lib_a-sbrkr.o)
 .debug_abbrev  0x00005ad5      0x1f9 c:/program files/microchip/xc32/v2.40/bin/bin/../../lib/gcc/pic32c/6.2.1/../../../../pic32c/lib/v7e-m/fpv4-sp/hard\libc_nano.a(lib_a-__ssfputs.o)
 .debug_abbrev  0x00005cce      0x23f c:/program files/microchip/xc32/v2.40/bin/bin/../../lib/gcc/pic32c/6.2.1/../../../../pic32c/lib/v7e-m/fpv4-sp/hard\libc_nano.a(lib_a-stdio.o)
 .debug_abbrev  0x00005f0d      0x198 c:/program files/microchip/xc32/v2.40/bin/bin/../../lib/gcc/pic32c/6.2.1/../../../../pic32c/lib/v7e-m/fpv4-sp/hard\libc_nano.a(lib_a-writer.o)
 .debug_abbrev  0x000060a5      0x193 c:/program files/microchip/xc32/v2.40/bin/bin/../../lib/gcc/pic32c/6.2.1/../../../../pic32c/lib/v7e-m/fpv4-sp/hard\libc_nano.a(lib_a-closer.o)
 .debug_abbrev  0x00006238      0x27f c:/program files/microchip/xc32/v2.40/bin/bin/../../lib/gcc/pic32c/6.2.1/../../../../pic32c/lib/v7e-m/fpv4-sp/hard\libc_nano.a(lib_a-fputwc.o)
 .debug_abbrev  0x000064b7      0x193 c:/program files/microchip/xc32/v2.40/bin/bin/../../lib/gcc/pic32c/6.2.1/../../../../pic32c/lib/v7e-m/fpv4-sp/hard\libc_nano.a(lib_a-fstatr.o)
 .debug_abbrev  0x0000664a      0x193 c:/program files/microchip/xc32/v2.40/bin/bin/../../lib/gcc/pic32c/6.2.1/../../../../pic32c/lib/v7e-m/fpv4-sp/hard\libc_nano.a(lib_a-isattyr.o)
 .debug_abbrev  0x000067dd      0x256 c:/program files/microchip/xc32/v2.40/bin/bin/../../lib/gcc/pic32c/6.2.1/../../../../pic32c/lib/v7e-m/fpv4-sp/hard\libc_nano.a(lib_a-locale.o)
 .debug_abbrev  0x00006a33      0x193 c:/program files/microchip/xc32/v2.40/bin/bin/../../lib/gcc/pic32c/6.2.1/../../../../pic32c/lib/v7e-m/fpv4-sp/hard\libc_nano.a(lib_a-lseekr.o)
 .debug_abbrev  0x00006bc6      0x1be c:/program files/microchip/xc32/v2.40/bin/bin/../../lib/gcc/pic32c/6.2.1/../../../../pic32c/lib/v7e-m/fpv4-sp/hard\libc_nano.a(lib_a-mbtowc_r.o)
 .debug_abbrev  0x00006d84       0x14 c:/program files/microchip/xc32/v2.40/bin/bin/../../lib/gcc/pic32c/6.2.1/../../../../pic32c/lib/v7e-m/fpv4-sp/hard\libc_nano.a(lib_a-memchr.o)
 .debug_abbrev  0x00006d98      0x165 c:/program files/microchip/xc32/v2.40/bin/bin/../../lib/gcc/pic32c/6.2.1/../../../../pic32c/lib/v7e-m/fpv4-sp/hard\libc_nano.a(lib_a-mlock.o)
 .debug_abbrev  0x00006efd      0x193 c:/program files/microchip/xc32/v2.40/bin/bin/../../lib/gcc/pic32c/6.2.1/../../../../pic32c/lib/v7e-m/fpv4-sp/hard\libc_nano.a(lib_a-readr.o)
 .debug_abbrev  0x00007090      0x1f8 c:/program files/microchip/xc32/v2.40/bin/bin/../../lib/gcc/pic32c/6.2.1/../../../../pic32c/lib/v7e-m/fpv4-sp/hard\libc_nano.a(lib_a-reent.o)
 .debug_abbrev  0x00007288      0x1dc c:/program files/microchip/xc32/v2.40/bin/bin/../../lib/gcc/pic32c/6.2.1/../../../../pic32c/lib/v7e-m/fpv4-sp/hard\libc_nano.a(lib_a-wcrtomb.o)
 .debug_abbrev  0x00007464      0x1da c:/program files/microchip/xc32/v2.40/bin/bin/../../lib/gcc/pic32c/6.2.1/../../../../pic32c/lib/v7e-m/fpv4-sp/hard\libc_nano.a(lib_a-wctomb_r.o)
 .debug_abbrev  0x0000763e      0x131 c:/program files/microchip/xc32/v2.40/bin/bin/../../lib/gcc/pic32c/6.2.1/../../../../pic32c/lib/v7e-m/fpv4-sp/hard\libc_nano.a(lib_a-ctype_.o)
 .debug_abbrev  0x0000776f       0x27 c:/program files/microchip/xc32/v2.40/bin/bin/../../lib/gcc/pic32c/6.2.1/../../../../pic32c/lib/v7e-m/fpv4-sp/hard\libpic32c.a(_close.o)
 .debug_abbrev  0x00007796       0x27 c:/program files/microchip/xc32/v2.40/bin/bin/../../lib/gcc/pic32c/6.2.1/../../../../pic32c/lib/v7e-m/fpv4-sp/hard\libpic32c.a(_fstat.o)
 .debug_abbrev  0x000077bd       0x27 c:/program files/microchip/xc32/v2.40/bin/bin/../../lib/gcc/pic32c/6.2.1/../../../../pic32c/lib/v7e-m/fpv4-sp/hard\libpic32c.a(_isatty.o)
 .debug_abbrev  0x000077e4       0x27 c:/program files/microchip/xc32/v2.40/bin/bin/../../lib/gcc/pic32c/6.2.1/../../../../pic32c/lib/v7e-m/fpv4-sp/hard\libpic32c.a(_lseek.o)
 .debug_abbrev  0x0000780b       0x27 c:/program files/microchip/xc32/v2.40/bin/bin/../../lib/gcc/pic32c/6.2.1/../../../../pic32c/lib/v7e-m/fpv4-sp/hard\libpic32c.a(_read.o)
 .debug_abbrev  0x00007832       0x2a c:/program files/microchip/xc32/v2.40/bin/bin/../../lib/gcc/pic32c/6.2.1/../../../../pic32c/lib/v7e-m/fpv4-sp/hard\libpic32c.a(sbrk.o)
 .debug_abbrev  0x0000785c       0x27 c:/program files/microchip/xc32/v2.40/bin/bin/../../lib/gcc/pic32c/6.2.1/../../../../pic32c/lib/v7e-m/fpv4-sp/hard\libpic32c.a(_write.o)
 .debug_abbrev  0x00007883       0x2a c:/program files/microchip/xc32/v2.40/bin/bin/../../lib/gcc/pic32c/6.2.1/../../../../pic32c/lib/v7e-m/fpv4-sp/hard\libpic32c.a(close.o)
 .debug_abbrev  0x000078ad       0x2a c:/program files/microchip/xc32/v2.40/bin/bin/../../lib/gcc/pic32c/6.2.1/../../../../pic32c/lib/v7e-m/fpv4-sp/hard\libpic32c.a(fstat.o)
 .debug_abbrev  0x000078d7       0x2a c:/program files/microchip/xc32/v2.40/bin/bin/../../lib/gcc/pic32c/6.2.1/../../../../pic32c/lib/v7e-m/fpv4-sp/hard\libpic32c.a(isatty.o)
 .debug_abbrev  0x00007901       0x2a c:/program files/microchip/xc32/v2.40/bin/bin/../../lib/gcc/pic32c/6.2.1/../../../../pic32c/lib/v7e-m/fpv4-sp/hard\libpic32c.a(lseek.o)
 .debug_abbrev  0x0000792b       0x2a c:/program files/microchip/xc32/v2.40/bin/bin/../../lib/gcc/pic32c/6.2.1/../../../../pic32c/lib/v7e-m/fpv4-sp/hard\libpic32c.a(read.o)
 .debug_abbrev  0x00007955       0x2a c:/program files/microchip/xc32/v2.40/bin/bin/../../lib/gcc/pic32c/6.2.1/../../../../pic32c/lib/v7e-m/fpv4-sp/hard\libpic32c.a(write.o)

.debug_loc      0x00000000     0x67a7
 .debug_loc     0x00000000      0xe45 build/same54_xplained_pro/production/_ext/265365281/mu_sched.o
 .debug_loc     0x00000e45      0x1d5 build/same54_xplained_pro/production/_ext/265365281/mu_spscq.o
 .debug_loc     0x0000101a      0x1c8 build/same54_xplained_pro/production/_ext/265365281/mu_task.o
 .debug_loc     0x000011e2      0x2a2 build/same54_xplained_pro/production/_ext/265365281/mu_time.o
 .debug_loc     0x00001484       0x9a build/same54_xplained_pro/production/_ext/18086165/plib_eic.o
 .debug_loc     0x0000151e      0x1ad build/same54_xplained_pro/production/_ext/560952012/plib_nvic.o
 .debug_loc     0x000016cb      0x42c build/same54_xplained_pro/production/_ext/392550042/plib_nvmctrl.o
 .debug_loc     0x00001af7       0x63 build/same54_xplained_pro/production/_ext/561005163/plib_port.o
 .debug_loc     0x00001b5a       0xa4 build/same54_xplained_pro/production/_ext/18098999/plib_rtc_timer.o
 .debug_loc     0x00001bfe      0x5b0 build/same54_xplained_pro/production/_ext/1547227007/plib_sercom2_usart.o
 .debug_loc     0x000021ae       0x84 build/same54_xplained_pro/production/_ext/561100223/plib_supc.o
 .debug_loc     0x00002232       0xc3 build/same54_xplained_pro/production/_ext/697067648/xc32_monitor.o
 .debug_loc     0x000022f5       0x41 build/same54_xplained_pro/production/_ext/602300742/initialization.o
 .debug_loc     0x00002336       0x34 build/same54_xplained_pro/production/_ext/602300742/startup_xc32.o
 .debug_loc     0x0000236a      0x1b0 build/same54_xplained_pro/production/_ext/1483874177/button_task.o
 .debug_loc     0x0000251a      0x1dc build/same54_xplained_pro/production/_ext/1483874177/idle_task.o
 .debug_loc     0x000026f6      0x1fd build/same54_xplained_pro/production/_ext/1483874177/kbd_task.o
 .debug_loc     0x000028f3      0x19e build/same54_xplained_pro/production/_ext/1483874177/led_task.o
 .debug_loc     0x00002a91      0x16c build/same54_xplained_pro/production/_ext/1483874177/mu_port.o
 .debug_loc     0x00002bfd      0x51e build/same54_xplained_pro/production/_ext/1483874177/screen_redraw_task.o
 .debug_loc     0x0000311b      0x14c build/same54_xplained_pro/production/_ext/1483874177/screen_update_task.o
 .debug_loc     0x00003267      0x115 build/same54_xplained_pro/production/_ext/1483874177/mulib_tasker.o
 .debug_loc     0x0000337c       0x20 build/same54_xplained_pro/production/_ext/1360937237/main.o
 .debug_loc     0x0000339c       0x74 c:/program files/microchip/xc32/v2.40/bin/bin/../../lib/gcc/pic32c/6.2.1/../../../../pic32c/lib/v7e-m/fpv4-sp/hard\libc_nano.a(lib_a-init.o)
 .debug_loc     0x00003410      0x12a c:/program files/microchip/xc32/v2.40/bin/bin/../../lib/gcc/pic32c/6.2.1/../../../../pic32c/lib/v7e-m/fpv4-sp/hard\libc_nano.a(lib_a-memmove.o)
 .debug_loc     0x0000353a       0x50 c:/program files/microchip/xc32/v2.40/bin/bin/../../lib/gcc/pic32c/6.2.1/../../../../pic32c/lib/v7e-m/fpv4-sp/hard\libc_nano.a(_lib_a-printf.cdnopsuxX.o)
 .debug_loc     0x0000358a      0x202 c:/program files/microchip/xc32/v2.40/bin/bin/../../lib/gcc/pic32c/6.2.1/../../../../pic32c/lib/v7e-m/fpv4-sp/hard\libc_nano.a(lib_a-puts.o)
 .debug_loc     0x0000378c      0x133 c:/program files/microchip/xc32/v2.40/bin/bin/../../lib/gcc/pic32c/6.2.1/../../../../pic32c/lib/v7e-m/fpv4-sp/hard\libc_nano.a(lib_a-wbuf.o)
 .debug_loc     0x000038bf       0x7a c:/program files/microchip/xc32/v2.40/bin/bin/../../lib/gcc/pic32c/6.2.1/../../../../pic32c/lib/v7e-m/fpv4-sp/hard\libc_nano.a(lib_a-wsetup.o)
 .debug_loc     0x00003939      0x2f4 c:/program files/microchip/xc32/v2.40/bin/bin/../../lib/gcc/pic32c/6.2.1/../../../../pic32c/lib/v7e-m/fpv4-sp/hard\libc_nano.a(lib_a-fflush.o)
 .debug_loc     0x00003c2d      0x228 c:/program files/microchip/xc32/v2.40/bin/bin/../../lib/gcc/pic32c/6.2.1/../../../../pic32c/lib/v7e-m/fpv4-sp/hard\libc_nano.a(lib_a-findfp.o)
 .debug_loc     0x00003e55      0x139 c:/program files/microchip/xc32/v2.40/bin/bin/../../lib/gcc/pic32c/6.2.1/../../../../pic32c/lib/v7e-m/fpv4-sp/hard\libc_nano.a(lib_a-fwalk.o)
 .debug_loc     0x00003f8e      0x254 c:/program files/microchip/xc32/v2.40/bin/bin/../../lib/gcc/pic32c/6.2.1/../../../../pic32c/lib/v7e-m/fpv4-sp/hard\libc_nano.a(lib_a-makebuf.o)
 .debug_loc     0x000041e2       0x4c c:/program files/microchip/xc32/v2.40/bin/bin/../../lib/gcc/pic32c/6.2.1/../../../../pic32c/lib/v7e-m/fpv4-sp/hard\libc_nano.a(lib_a-memset.o)
 .debug_loc     0x0000422e      0x141 c:/program files/microchip/xc32/v2.40/bin/bin/../../lib/gcc/pic32c/6.2.1/../../../../pic32c/lib/v7e-m/fpv4-sp/hard\libc_nano.a(lib_a-nano-freer.o)
 .debug_loc     0x0000436f      0x326 c:/program files/microchip/xc32/v2.40/bin/bin/../../lib/gcc/pic32c/6.2.1/../../../../pic32c/lib/v7e-m/fpv4-sp/hard\libc_nano.a(lib_a-nano-mallocr.o)
 .debug_loc     0x00004695      0x7ab c:/program files/microchip/xc32/v2.40/bin/bin/../../lib/gcc/pic32c/6.2.1/../../../../pic32c/lib/v7e-m/fpv4-sp/hard\libc_nano.a(_lib_a-nano-vfprintf.cdnopsuxX.o)
 .debug_loc     0x00004e40      0x5d7 c:/program files/microchip/xc32/v2.40/bin/bin/../../lib/gcc/pic32c/6.2.1/../../../../pic32c/lib/v7e-m/fpv4-sp/hard\libc_nano.a(lib_a-nano-vfprintf_i.o)
 .debug_loc     0x00005417       0x6d c:/program files/microchip/xc32/v2.40/bin/bin/../../lib/gcc/pic32c/6.2.1/../../../../pic32c/lib/v7e-m/fpv4-sp/hard\libc_nano.a(lib_a-sbrkr.o)
 .debug_loc     0x00005484      0x1f2 c:/program files/microchip/xc32/v2.40/bin/bin/../../lib/gcc/pic32c/6.2.1/../../../../pic32c/lib/v7e-m/fpv4-sp/hard\libc_nano.a(lib_a-__ssfputs.o)
 .debug_loc     0x00005676      0x2ef c:/program files/microchip/xc32/v2.40/bin/bin/../../lib/gcc/pic32c/6.2.1/../../../../pic32c/lib/v7e-m/fpv4-sp/hard\libc_nano.a(lib_a-stdio.o)
 .debug_loc     0x00005965       0xc5 c:/program files/microchip/xc32/v2.40/bin/bin/../../lib/gcc/pic32c/6.2.1/../../../../pic32c/lib/v7e-m/fpv4-sp/hard\libc_nano.a(lib_a-writer.o)
 .debug_loc     0x00005a2a       0x6d c:/program files/microchip/xc32/v2.40/bin/bin/../../lib/gcc/pic32c/6.2.1/../../../../pic32c/lib/v7e-m/fpv4-sp/hard\libc_nano.a(lib_a-closer.o)
 .debug_loc     0x00005a97      0x298 c:/program files/microchip/xc32/v2.40/bin/bin/../../lib/gcc/pic32c/6.2.1/../../../../pic32c/lib/v7e-m/fpv4-sp/hard\libc_nano.a(lib_a-fputwc.o)
 .debug_loc     0x00005d2f       0x99 c:/program files/microchip/xc32/v2.40/bin/bin/../../lib/gcc/pic32c/6.2.1/../../../../pic32c/lib/v7e-m/fpv4-sp/hard\libc_nano.a(lib_a-fstatr.o)
 .debug_loc     0x00005dc8       0x6d c:/program files/microchip/xc32/v2.40/bin/bin/../../lib/gcc/pic32c/6.2.1/../../../../pic32c/lib/v7e-m/fpv4-sp/hard\libc_nano.a(lib_a-isattyr.o)
 .debug_loc     0x00005e35      0x17b c:/program files/microchip/xc32/v2.40/bin/bin/../../lib/gcc/pic32c/6.2.1/../../../../pic32c/lib/v7e-m/fpv4-sp/hard\libc_nano.a(lib_a-locale.o)
 .debug_loc     0x00005fb0       0xc5 c:/program files/microchip/xc32/v2.40/bin/bin/../../lib/gcc/pic32c/6.2.1/../../../../pic32c/lib/v7e-m/fpv4-sp/hard\libc_nano.a(lib_a-lseekr.o)
 .debug_loc     0x00006075      0x229 c:/program files/microchip/xc32/v2.40/bin/bin/../../lib/gcc/pic32c/6.2.1/../../../../pic32c/lib/v7e-m/fpv4-sp/hard\libc_nano.a(lib_a-mbtowc_r.o)
 .debug_loc     0x0000629e       0xc5 c:/program files/microchip/xc32/v2.40/bin/bin/../../lib/gcc/pic32c/6.2.1/../../../../pic32c/lib/v7e-m/fpv4-sp/hard\libc_nano.a(lib_a-readr.o)
 .debug_loc     0x00006363      0x15e c:/program files/microchip/xc32/v2.40/bin/bin/../../lib/gcc/pic32c/6.2.1/../../../../pic32c/lib/v7e-m/fpv4-sp/hard\libc_nano.a(lib_a-reent.o)
 .debug_loc     0x000064c1      0x1a8 c:/program files/microchip/xc32/v2.40/bin/bin/../../lib/gcc/pic32c/6.2.1/../../../../pic32c/lib/v7e-m/fpv4-sp/hard\libc_nano.a(lib_a-wcrtomb.o)
 .debug_loc     0x00006669      0x116 c:/program files/microchip/xc32/v2.40/bin/bin/../../lib/gcc/pic32c/6.2.1/../../../../pic32c/lib/v7e-m/fpv4-sp/hard\libc_nano.a(lib_a-wctomb_r.o)
 .debug_loc     0x0000677f       0x14 c:/program files/microchip/xc32/v2.40/bin/bin/../../lib/gcc/pic32c/6.2.1/../../../../pic32c/lib/v7e-m/fpv4-sp/hard\libpic32c.a(read.o)
 .debug_loc     0x00006793       0x14 c:/program files/microchip/xc32/v2.40/bin/bin/../../lib/gcc/pic32c/6.2.1/../../../../pic32c/lib/v7e-m/fpv4-sp/hard\libpic32c.a(write.o)

.debug_aranges  0x00000000      0xf20
 .debug_aranges
                0x00000000       0xf0 build/same54_xplained_pro/production/_ext/265365281/mu_sched.o
 .debug_aranges
                0x000000f0       0x58 build/same54_xplained_pro/production/_ext/265365281/mu_spscq.o
 .debug_aranges
                0x00000148       0x48 build/same54_xplained_pro/production/_ext/265365281/mu_task.o
 .debug_aranges
                0x00000190       0x60 build/same54_xplained_pro/production/_ext/265365281/mu_time.o
 .debug_aranges
                0x000001f0       0x20 build/same54_xplained_pro/production/_ext/465512950/bsp.o
 .debug_aranges
                0x00000210       0x20 build/same54_xplained_pro/production/_ext/199192420/plib_clock.o
 .debug_aranges
                0x00000230       0x40 build/same54_xplained_pro/production/_ext/18086165/plib_eic.o
 .debug_aranges
                0x00000270       0x20 build/same54_xplained_pro/production/_ext/201341906/plib_evsys.o
 .debug_aranges
                0x00000290       0x20 build/same54_xplained_pro/production/_ext/560952012/plib_nvic.o
 .debug_aranges
                0x000002b0       0xb0 build/same54_xplained_pro/production/_ext/392550042/plib_nvmctrl.o
 .debug_aranges
                0x00000360       0x58 build/same54_xplained_pro/production/_ext/554773095/plib_pm.o
 .debug_aranges
                0x000003b8       0x60 build/same54_xplained_pro/production/_ext/561005163/plib_port.o
 .debug_aranges
                0x00000418       0xa0 build/same54_xplained_pro/production/_ext/18098999/plib_rtc_timer.o
 .debug_aranges
                0x000004b8       0x88 build/same54_xplained_pro/production/_ext/1547227007/plib_sercom2_usart.o
 .debug_aranges
                0x00000540       0x40 build/same54_xplained_pro/production/_ext/561100223/plib_supc.o
 .debug_aranges
                0x00000580       0x28 build/same54_xplained_pro/production/_ext/697067648/xc32_monitor.o
 .debug_aranges
                0x000005a8       0x20 build/same54_xplained_pro/production/_ext/602300742/initialization.o
 .debug_aranges
                0x000005c8       0x20 build/same54_xplained_pro/production/_ext/602300742/interrupts.o
 .debug_aranges
                0x000005e8       0x48 build/same54_xplained_pro/production/_ext/602300742/exceptions.o
 .debug_aranges
                0x00000630       0x20 build/same54_xplained_pro/production/_ext/602300742/startup_xc32.o
 .debug_aranges
                0x00000650       0x30 build/same54_xplained_pro/production/_ext/1483874177/button_task.o
 .debug_aranges
                0x00000680       0x30 build/same54_xplained_pro/production/_ext/1483874177/idle_task.o
 .debug_aranges
                0x000006b0       0x38 build/same54_xplained_pro/production/_ext/1483874177/kbd_task.o
 .debug_aranges
                0x000006e8       0x28 build/same54_xplained_pro/production/_ext/1483874177/led_task.o
 .debug_aranges
                0x00000710       0x70 build/same54_xplained_pro/production/_ext/1483874177/mu_port.o
 .debug_aranges
                0x00000780       0x28 build/same54_xplained_pro/production/_ext/1483874177/screen_redraw_task.o
 .debug_aranges
                0x000007a8       0x28 build/same54_xplained_pro/production/_ext/1483874177/screen_update_task.o
 .debug_aranges
                0x000007d0       0x58 build/same54_xplained_pro/production/_ext/1483874177/mulib_tasker.o
 .debug_aranges
                0x00000828       0x20 build/same54_xplained_pro/production/_ext/1360937237/main.o
 .debug_aranges
                0x00000848       0x20 c:/program files/microchip/xc32/v2.40/bin/bin/../../lib/gcc/pic32c/6.2.1/../../../../pic32c/lib/v7e-m/fpv4-sp/hard\libpic32c.a(data_init.o)
 .debug_aranges
                0x00000868       0x20 c:/program files/microchip/xc32/v2.40/bin/bin/../../lib/gcc/pic32c/6.2.1/../../../../pic32c/lib/v7e-m/fpv4-sp/hard\libc_nano.a(lib_a-init.o)
 .debug_aranges
                0x00000888       0x20 c:/program files/microchip/xc32/v2.40/bin/bin/../../lib/gcc/pic32c/6.2.1/../../../../pic32c/lib/v7e-m/fpv4-sp/hard\libc_nano.a(lib_a-memmove.o)
 .debug_aranges
                0x000008a8       0x20 c:/program files/microchip/xc32/v2.40/bin/bin/../../lib/gcc/pic32c/6.2.1/../../../../pic32c/lib/v7e-m/fpv4-sp/hard\libc_nano.a(_lib_a-printf.cdnopsuxX.o)
 .debug_aranges
                0x000008c8       0x28 c:/program files/microchip/xc32/v2.40/bin/bin/../../lib/gcc/pic32c/6.2.1/../../../../pic32c/lib/v7e-m/fpv4-sp/hard\libc_nano.a(lib_a-puts.o)
 .debug_aranges
                0x000008f0       0x28 c:/program files/microchip/xc32/v2.40/bin/bin/../../lib/gcc/pic32c/6.2.1/../../../../pic32c/lib/v7e-m/fpv4-sp/hard\libc_nano.a(lib_a-wbuf.o)
 .debug_aranges
                0x00000918       0x20 c:/program files/microchip/xc32/v2.40/bin/bin/../../lib/gcc/pic32c/6.2.1/../../../../pic32c/lib/v7e-m/fpv4-sp/hard\libc_nano.a(lib_a-wsetup.o)
 .debug_aranges
                0x00000938       0x30 c:/program files/microchip/xc32/v2.40/bin/bin/../../lib/gcc/pic32c/6.2.1/../../../../pic32c/lib/v7e-m/fpv4-sp/hard\libc_nano.a(lib_a-fflush.o)
 .debug_aranges
                0x00000968       0x48 c:/program files/microchip/xc32/v2.40/bin/bin/../../lib/gcc/pic32c/6.2.1/../../../../pic32c/lib/v7e-m/fpv4-sp/hard\libc_nano.a(lib_a-findfp.o)
 .debug_aranges
                0x000009b0       0x28 c:/program files/microchip/xc32/v2.40/bin/bin/../../lib/gcc/pic32c/6.2.1/../../../../pic32c/lib/v7e-m/fpv4-sp/hard\libc_nano.a(lib_a-fwalk.o)
 .debug_aranges
                0x000009d8       0x18 c:/program files/microchip/xc32/v2.40/bin/bin/../../lib/gcc/pic32c/6.2.1/../../../../pic32c/lib/v7e-m/fpv4-sp/hard\libc_nano.a(lib_a-impure.o)
 .debug_aranges
                0x000009f0       0x28 c:/program files/microchip/xc32/v2.40/bin/bin/../../lib/gcc/pic32c/6.2.1/../../../../pic32c/lib/v7e-m/fpv4-sp/hard\libc_nano.a(lib_a-makebuf.o)
 .debug_aranges
                0x00000a18       0x20 c:/program files/microchip/xc32/v2.40/bin/bin/../../lib/gcc/pic32c/6.2.1/../../../../pic32c/lib/v7e-m/fpv4-sp/hard\libc_nano.a(lib_a-memset.o)
 .debug_aranges
                0x00000a38       0x20 c:/program files/microchip/xc32/v2.40/bin/bin/../../lib/gcc/pic32c/6.2.1/../../../../pic32c/lib/v7e-m/fpv4-sp/hard\libc_nano.a(lib_a-nano-freer.o)
 .debug_aranges
                0x00000a58       0x20 c:/program files/microchip/xc32/v2.40/bin/bin/../../lib/gcc/pic32c/6.2.1/../../../../pic32c/lib/v7e-m/fpv4-sp/hard\libc_nano.a(lib_a-nano-mallocr.o)
 .debug_aranges
                0x00000a78       0x30 c:/program files/microchip/xc32/v2.40/bin/bin/../../lib/gcc/pic32c/6.2.1/../../../../pic32c/lib/v7e-m/fpv4-sp/hard\libc_nano.a(_lib_a-nano-vfprintf.cdnopsuxX.o)
 .debug_aranges
                0x00000aa8       0x28 c:/program files/microchip/xc32/v2.40/bin/bin/../../lib/gcc/pic32c/6.2.1/../../../../pic32c/lib/v7e-m/fpv4-sp/hard\libc_nano.a(lib_a-nano-vfprintf_i.o)
 .debug_aranges
                0x00000ad0       0x20 c:/program files/microchip/xc32/v2.40/bin/bin/../../lib/gcc/pic32c/6.2.1/../../../../pic32c/lib/v7e-m/fpv4-sp/hard\libc_nano.a(lib_a-sbrkr.o)
 .debug_aranges
                0x00000af0       0x28 c:/program files/microchip/xc32/v2.40/bin/bin/../../lib/gcc/pic32c/6.2.1/../../../../pic32c/lib/v7e-m/fpv4-sp/hard\libc_nano.a(lib_a-__ssfputs.o)
 .debug_aranges
                0x00000b18       0x40 c:/program files/microchip/xc32/v2.40/bin/bin/../../lib/gcc/pic32c/6.2.1/../../../../pic32c/lib/v7e-m/fpv4-sp/hard\libc_nano.a(lib_a-stdio.o)
 .debug_aranges
                0x00000b58       0x20 c:/program files/microchip/xc32/v2.40/bin/bin/../../lib/gcc/pic32c/6.2.1/../../../../pic32c/lib/v7e-m/fpv4-sp/hard\libc_nano.a(lib_a-writer.o)
 .debug_aranges
                0x00000b78       0x20 c:/program files/microchip/xc32/v2.40/bin/bin/../../lib/gcc/pic32c/6.2.1/../../../../pic32c/lib/v7e-m/fpv4-sp/hard\libc_nano.a(lib_a-closer.o)
 .debug_aranges
                0x00000b98       0x30 c:/program files/microchip/xc32/v2.40/bin/bin/../../lib/gcc/pic32c/6.2.1/../../../../pic32c/lib/v7e-m/fpv4-sp/hard\libc_nano.a(lib_a-fputwc.o)
 .debug_aranges
                0x00000bc8       0x20 c:/program files/microchip/xc32/v2.40/bin/bin/../../lib/gcc/pic32c/6.2.1/../../../../pic32c/lib/v7e-m/fpv4-sp/hard\libc_nano.a(lib_a-fstatr.o)
 .debug_aranges
                0x00000be8       0x20 c:/program files/microchip/xc32/v2.40/bin/bin/../../lib/gcc/pic32c/6.2.1/../../../../pic32c/lib/v7e-m/fpv4-sp/hard\libc_nano.a(lib_a-isattyr.o)
 .debug_aranges
                0x00000c08       0x40 c:/program files/microchip/xc32/v2.40/bin/bin/../../lib/gcc/pic32c/6.2.1/../../../../pic32c/lib/v7e-m/fpv4-sp/hard\libc_nano.a(lib_a-locale.o)
 .debug_aranges
                0x00000c48       0x20 c:/program files/microchip/xc32/v2.40/bin/bin/../../lib/gcc/pic32c/6.2.1/../../../../pic32c/lib/v7e-m/fpv4-sp/hard\libc_nano.a(lib_a-lseekr.o)
 .debug_aranges
                0x00000c68       0x28 c:/program files/microchip/xc32/v2.40/bin/bin/../../lib/gcc/pic32c/6.2.1/../../../../pic32c/lib/v7e-m/fpv4-sp/hard\libc_nano.a(lib_a-mbtowc_r.o)
 .debug_aranges
                0x00000c90       0x20 c:/program files/microchip/xc32/v2.40/bin/bin/../../lib/gcc/pic32c/6.2.1/../../../../pic32c/lib/v7e-m/fpv4-sp/hard\libc_nano.a(lib_a-memchr.o)
 .debug_aranges
                0x00000cb0       0x20 c:/program files/microchip/xc32/v2.40/bin/bin/../../lib/gcc/pic32c/6.2.1/../../../../pic32c/lib/v7e-m/fpv4-sp/hard\libc_nano.a(lib_a-mlock.o)
 .debug_aranges
                0x00000cd0       0x20 c:/program files/microchip/xc32/v2.40/bin/bin/../../lib/gcc/pic32c/6.2.1/../../../../pic32c/lib/v7e-m/fpv4-sp/hard\libc_nano.a(lib_a-readr.o)
 .debug_aranges
                0x00000cf0       0x28 c:/program files/microchip/xc32/v2.40/bin/bin/../../lib/gcc/pic32c/6.2.1/../../../../pic32c/lib/v7e-m/fpv4-sp/hard\libc_nano.a(lib_a-reent.o)
 .debug_aranges
                0x00000d18       0x28 c:/program files/microchip/xc32/v2.40/bin/bin/../../lib/gcc/pic32c/6.2.1/../../../../pic32c/lib/v7e-m/fpv4-sp/hard\libc_nano.a(lib_a-wcrtomb.o)
 .debug_aranges
                0x00000d40       0x28 c:/program files/microchip/xc32/v2.40/bin/bin/../../lib/gcc/pic32c/6.2.1/../../../../pic32c/lib/v7e-m/fpv4-sp/hard\libc_nano.a(lib_a-wctomb_r.o)
 .debug_aranges
                0x00000d68       0x18 c:/program files/microchip/xc32/v2.40/bin/bin/../../lib/gcc/pic32c/6.2.1/../../../../pic32c/lib/v7e-m/fpv4-sp/hard\libc_nano.a(lib_a-ctype_.o)
 .debug_aranges
                0x00000d80       0x20 c:/program files/microchip/xc32/v2.40/bin/bin/../../lib/gcc/pic32c/6.2.1/../../../../pic32c/lib/v7e-m/fpv4-sp/hard\libpic32c.a(_close.o)
 .debug_aranges
                0x00000da0       0x20 c:/program files/microchip/xc32/v2.40/bin/bin/../../lib/gcc/pic32c/6.2.1/../../../../pic32c/lib/v7e-m/fpv4-sp/hard\libpic32c.a(_fstat.o)
 .debug_aranges
                0x00000dc0       0x20 c:/program files/microchip/xc32/v2.40/bin/bin/../../lib/gcc/pic32c/6.2.1/../../../../pic32c/lib/v7e-m/fpv4-sp/hard\libpic32c.a(_isatty.o)
 .debug_aranges
                0x00000de0       0x20 c:/program files/microchip/xc32/v2.40/bin/bin/../../lib/gcc/pic32c/6.2.1/../../../../pic32c/lib/v7e-m/fpv4-sp/hard\libpic32c.a(_lseek.o)
 .debug_aranges
                0x00000e00       0x20 c:/program files/microchip/xc32/v2.40/bin/bin/../../lib/gcc/pic32c/6.2.1/../../../../pic32c/lib/v7e-m/fpv4-sp/hard\libpic32c.a(_read.o)
 .debug_aranges
                0x00000e20       0x20 c:/program files/microchip/xc32/v2.40/bin/bin/../../lib/gcc/pic32c/6.2.1/../../../../pic32c/lib/v7e-m/fpv4-sp/hard\libpic32c.a(sbrk.o)
 .debug_aranges
                0x00000e40       0x20 c:/program files/microchip/xc32/v2.40/bin/bin/../../lib/gcc/pic32c/6.2.1/../../../../pic32c/lib/v7e-m/fpv4-sp/hard\libpic32c.a(_write.o)
 .debug_aranges
                0x00000e60       0x20 c:/program files/microchip/xc32/v2.40/bin/bin/../../lib/gcc/pic32c/6.2.1/../../../../pic32c/lib/v7e-m/fpv4-sp/hard\libpic32c.a(close.o)
 .debug_aranges
                0x00000e80       0x20 c:/program files/microchip/xc32/v2.40/bin/bin/../../lib/gcc/pic32c/6.2.1/../../../../pic32c/lib/v7e-m/fpv4-sp/hard\libpic32c.a(fstat.o)
 .debug_aranges
                0x00000ea0       0x20 c:/program files/microchip/xc32/v2.40/bin/bin/../../lib/gcc/pic32c/6.2.1/../../../../pic32c/lib/v7e-m/fpv4-sp/hard\libpic32c.a(isatty.o)
 .debug_aranges
                0x00000ec0       0x20 c:/program files/microchip/xc32/v2.40/bin/bin/../../lib/gcc/pic32c/6.2.1/../../../../pic32c/lib/v7e-m/fpv4-sp/hard\libpic32c.a(lseek.o)
 .debug_aranges
                0x00000ee0       0x20 c:/program files/microchip/xc32/v2.40/bin/bin/../../lib/gcc/pic32c/6.2.1/../../../../pic32c/lib/v7e-m/fpv4-sp/hard\libpic32c.a(read.o)
 .debug_aranges
                0x00000f00       0x20 c:/program files/microchip/xc32/v2.40/bin/bin/../../lib/gcc/pic32c/6.2.1/../../../../pic32c/lib/v7e-m/fpv4-sp/hard\libpic32c.a(write.o)

.debug_ranges   0x00000000      0xdd0
 .debug_ranges  0x00000000      0x110 build/same54_xplained_pro/production/_ext/265365281/mu_sched.o
 .debug_ranges  0x00000110       0x48 build/same54_xplained_pro/production/_ext/265365281/mu_spscq.o
 .debug_ranges  0x00000158       0x38 build/same54_xplained_pro/production/_ext/265365281/mu_task.o
 .debug_ranges  0x00000190       0x50 build/same54_xplained_pro/production/_ext/265365281/mu_time.o
 .debug_ranges  0x000001e0       0x10 build/same54_xplained_pro/production/_ext/465512950/bsp.o
 .debug_ranges  0x000001f0       0x10 build/same54_xplained_pro/production/_ext/199192420/plib_clock.o
 .debug_ranges  0x00000200       0x30 build/same54_xplained_pro/production/_ext/18086165/plib_eic.o
 .debug_ranges  0x00000230       0x10 build/same54_xplained_pro/production/_ext/201341906/plib_evsys.o
 .debug_ranges  0x00000240       0x10 build/same54_xplained_pro/production/_ext/560952012/plib_nvic.o
 .debug_ranges  0x00000250       0xa0 build/same54_xplained_pro/production/_ext/392550042/plib_nvmctrl.o
 .debug_ranges  0x000002f0       0x48 build/same54_xplained_pro/production/_ext/554773095/plib_pm.o
 .debug_ranges  0x00000338       0x50 build/same54_xplained_pro/production/_ext/561005163/plib_port.o
 .debug_ranges  0x00000388       0x90 build/same54_xplained_pro/production/_ext/18098999/plib_rtc_timer.o
 .debug_ranges  0x00000418       0x78 build/same54_xplained_pro/production/_ext/1547227007/plib_sercom2_usart.o
 .debug_ranges  0x00000490       0x30 build/same54_xplained_pro/production/_ext/561100223/plib_supc.o
 .debug_ranges  0x000004c0       0x18 build/same54_xplained_pro/production/_ext/697067648/xc32_monitor.o
 .debug_ranges  0x000004d8       0x10 build/same54_xplained_pro/production/_ext/602300742/initialization.o
 .debug_ranges  0x000004e8       0x10 build/same54_xplained_pro/production/_ext/602300742/interrupts.o
 .debug_ranges  0x000004f8       0x38 build/same54_xplained_pro/production/_ext/602300742/exceptions.o
 .debug_ranges  0x00000530       0x10 build/same54_xplained_pro/production/_ext/602300742/startup_xc32.o
 .debug_ranges  0x00000540       0x20 build/same54_xplained_pro/production/_ext/1483874177/button_task.o
 .debug_ranges  0x00000560       0x68 build/same54_xplained_pro/production/_ext/1483874177/idle_task.o
 .debug_ranges  0x000005c8       0x28 build/same54_xplained_pro/production/_ext/1483874177/kbd_task.o
 .debug_ranges  0x000005f0       0x18 build/same54_xplained_pro/production/_ext/1483874177/led_task.o
 .debug_ranges  0x00000608       0x60 build/same54_xplained_pro/production/_ext/1483874177/mu_port.o
 .debug_ranges  0x00000668       0x18 build/same54_xplained_pro/production/_ext/1483874177/screen_redraw_task.o
 .debug_ranges  0x00000680       0x18 build/same54_xplained_pro/production/_ext/1483874177/screen_update_task.o
 .debug_ranges  0x00000698       0x48 build/same54_xplained_pro/production/_ext/1483874177/mulib_tasker.o
 .debug_ranges  0x000006e0       0x10 build/same54_xplained_pro/production/_ext/1360937237/main.o
 .debug_ranges  0x000006f0       0x10 c:/program files/microchip/xc32/v2.40/bin/bin/../../lib/gcc/pic32c/6.2.1/../../../../pic32c/lib/v7e-m/fpv4-sp/hard\libpic32c.a(data_init.o)
 .debug_ranges  0x00000700       0x10 c:/program files/microchip/xc32/v2.40/bin/bin/../../lib/gcc/pic32c/6.2.1/../../../../pic32c/lib/v7e-m/fpv4-sp/hard\libc_nano.a(lib_a-init.o)
 .debug_ranges  0x00000710       0x10 c:/program files/microchip/xc32/v2.40/bin/bin/../../lib/gcc/pic32c/6.2.1/../../../../pic32c/lib/v7e-m/fpv4-sp/hard\libc_nano.a(lib_a-memmove.o)
 .debug_ranges  0x00000720       0x10 c:/program files/microchip/xc32/v2.40/bin/bin/../../lib/gcc/pic32c/6.2.1/../../../../pic32c/lib/v7e-m/fpv4-sp/hard\libc_nano.a(_lib_a-printf.cdnopsuxX.o)
 .debug_ranges  0x00000730       0x68 c:/program files/microchip/xc32/v2.40/bin/bin/../../lib/gcc/pic32c/6.2.1/../../../../pic32c/lib/v7e-m/fpv4-sp/hard\libc_nano.a(lib_a-puts.o)
 .debug_ranges  0x00000798       0x30 c:/program files/microchip/xc32/v2.40/bin/bin/../../lib/gcc/pic32c/6.2.1/../../../../pic32c/lib/v7e-m/fpv4-sp/hard\libc_nano.a(lib_a-wbuf.o)
 .debug_ranges  0x000007c8       0x38 c:/program files/microchip/xc32/v2.40/bin/bin/../../lib/gcc/pic32c/6.2.1/../../../../pic32c/lib/v7e-m/fpv4-sp/hard\libc_nano.a(lib_a-wsetup.o)
 .debug_ranges  0x00000800       0x68 c:/program files/microchip/xc32/v2.40/bin/bin/../../lib/gcc/pic32c/6.2.1/../../../../pic32c/lib/v7e-m/fpv4-sp/hard\libc_nano.a(lib_a-fflush.o)
 .debug_ranges  0x00000868       0x38 c:/program files/microchip/xc32/v2.40/bin/bin/../../lib/gcc/pic32c/6.2.1/../../../../pic32c/lib/v7e-m/fpv4-sp/hard\libc_nano.a(lib_a-findfp.o)
 .debug_ranges  0x000008a0       0x18 c:/program files/microchip/xc32/v2.40/bin/bin/../../lib/gcc/pic32c/6.2.1/../../../../pic32c/lib/v7e-m/fpv4-sp/hard\libc_nano.a(lib_a-fwalk.o)
 .debug_ranges  0x000008b8       0x30 c:/program files/microchip/xc32/v2.40/bin/bin/../../lib/gcc/pic32c/6.2.1/../../../../pic32c/lib/v7e-m/fpv4-sp/hard\libc_nano.a(lib_a-makebuf.o)
 .debug_ranges  0x000008e8       0x10 c:/program files/microchip/xc32/v2.40/bin/bin/../../lib/gcc/pic32c/6.2.1/../../../../pic32c/lib/v7e-m/fpv4-sp/hard\libc_nano.a(lib_a-memset.o)
 .debug_ranges  0x000008f8       0x10 c:/program files/microchip/xc32/v2.40/bin/bin/../../lib/gcc/pic32c/6.2.1/../../../../pic32c/lib/v7e-m/fpv4-sp/hard\libc_nano.a(lib_a-nano-freer.o)
 .debug_ranges  0x00000908       0x58 c:/program files/microchip/xc32/v2.40/bin/bin/../../lib/gcc/pic32c/6.2.1/../../../../pic32c/lib/v7e-m/fpv4-sp/hard\libc_nano.a(lib_a-nano-mallocr.o)
 .debug_ranges  0x00000960       0xe0 c:/program files/microchip/xc32/v2.40/bin/bin/../../lib/gcc/pic32c/6.2.1/../../../../pic32c/lib/v7e-m/fpv4-sp/hard\libc_nano.a(_lib_a-nano-vfprintf.cdnopsuxX.o)
 .debug_ranges  0x00000a40       0xc8 c:/program files/microchip/xc32/v2.40/bin/bin/../../lib/gcc/pic32c/6.2.1/../../../../pic32c/lib/v7e-m/fpv4-sp/hard\libc_nano.a(lib_a-nano-vfprintf_i.o)
 .debug_ranges  0x00000b08       0x10 c:/program files/microchip/xc32/v2.40/bin/bin/../../lib/gcc/pic32c/6.2.1/../../../../pic32c/lib/v7e-m/fpv4-sp/hard\libc_nano.a(lib_a-sbrkr.o)
 .debug_ranges  0x00000b18       0x30 c:/program files/microchip/xc32/v2.40/bin/bin/../../lib/gcc/pic32c/6.2.1/../../../../pic32c/lib/v7e-m/fpv4-sp/hard\libc_nano.a(lib_a-__ssfputs.o)
 .debug_ranges  0x00000b48       0x30 c:/program files/microchip/xc32/v2.40/bin/bin/../../lib/gcc/pic32c/6.2.1/../../../../pic32c/lib/v7e-m/fpv4-sp/hard\libc_nano.a(lib_a-stdio.o)
 .debug_ranges  0x00000b78       0x10 c:/program files/microchip/xc32/v2.40/bin/bin/../../lib/gcc/pic32c/6.2.1/../../../../pic32c/lib/v7e-m/fpv4-sp/hard\libc_nano.a(lib_a-writer.o)
 .debug_ranges  0x00000b88       0x10 c:/program files/microchip/xc32/v2.40/bin/bin/../../lib/gcc/pic32c/6.2.1/../../../../pic32c/lib/v7e-m/fpv4-sp/hard\libc_nano.a(lib_a-closer.o)
 .debug_ranges  0x00000b98       0x58 c:/program files/microchip/xc32/v2.40/bin/bin/../../lib/gcc/pic32c/6.2.1/../../../../pic32c/lib/v7e-m/fpv4-sp/hard\libc_nano.a(lib_a-fputwc.o)
 .debug_ranges  0x00000bf0       0x10 c:/program files/microchip/xc32/v2.40/bin/bin/../../lib/gcc/pic32c/6.2.1/../../../../pic32c/lib/v7e-m/fpv4-sp/hard\libc_nano.a(lib_a-fstatr.o)
 .debug_ranges  0x00000c00       0x10 c:/program files/microchip/xc32/v2.40/bin/bin/../../lib/gcc/pic32c/6.2.1/../../../../pic32c/lib/v7e-m/fpv4-sp/hard\libc_nano.a(lib_a-isattyr.o)
 .debug_ranges  0x00000c10       0x30 c:/program files/microchip/xc32/v2.40/bin/bin/../../lib/gcc/pic32c/6.2.1/../../../../pic32c/lib/v7e-m/fpv4-sp/hard\libc_nano.a(lib_a-locale.o)
 .debug_ranges  0x00000c40       0x10 c:/program files/microchip/xc32/v2.40/bin/bin/../../lib/gcc/pic32c/6.2.1/../../../../pic32c/lib/v7e-m/fpv4-sp/hard\libc_nano.a(lib_a-lseekr.o)
 .debug_ranges  0x00000c50       0x18 c:/program files/microchip/xc32/v2.40/bin/bin/../../lib/gcc/pic32c/6.2.1/../../../../pic32c/lib/v7e-m/fpv4-sp/hard\libc_nano.a(lib_a-mbtowc_r.o)
 .debug_ranges  0x00000c68       0x10 c:/program files/microchip/xc32/v2.40/bin/bin/../../lib/gcc/pic32c/6.2.1/../../../../pic32c/lib/v7e-m/fpv4-sp/hard\libc_nano.a(lib_a-mlock.o)
 .debug_ranges  0x00000c78       0x10 c:/program files/microchip/xc32/v2.40/bin/bin/../../lib/gcc/pic32c/6.2.1/../../../../pic32c/lib/v7e-m/fpv4-sp/hard\libc_nano.a(lib_a-readr.o)
 .debug_ranges  0x00000c88       0x48 c:/program files/microchip/xc32/v2.40/bin/bin/../../lib/gcc/pic32c/6.2.1/../../../../pic32c/lib/v7e-m/fpv4-sp/hard\libc_nano.a(lib_a-reent.o)
 .debug_ranges  0x00000cd0       0x18 c:/program files/microchip/xc32/v2.40/bin/bin/../../lib/gcc/pic32c/6.2.1/../../../../pic32c/lib/v7e-m/fpv4-sp/hard\libc_nano.a(lib_a-wcrtomb.o)
 .debug_ranges  0x00000ce8       0x18 c:/program files/microchip/xc32/v2.40/bin/bin/../../lib/gcc/pic32c/6.2.1/../../../../pic32c/lib/v7e-m/fpv4-sp/hard\libc_nano.a(lib_a-wctomb_r.o)
 .debug_ranges  0x00000d00       0x10 c:/program files/microchip/xc32/v2.40/bin/bin/../../lib/gcc/pic32c/6.2.1/../../../../pic32c/lib/v7e-m/fpv4-sp/hard\libpic32c.a(_close.o)
 .debug_ranges  0x00000d10       0x10 c:/program files/microchip/xc32/v2.40/bin/bin/../../lib/gcc/pic32c/6.2.1/../../../../pic32c/lib/v7e-m/fpv4-sp/hard\libpic32c.a(_fstat.o)
 .debug_ranges  0x00000d20       0x10 c:/program files/microchip/xc32/v2.40/bin/bin/../../lib/gcc/pic32c/6.2.1/../../../../pic32c/lib/v7e-m/fpv4-sp/hard\libpic32c.a(_isatty.o)
 .debug_ranges  0x00000d30       0x10 c:/program files/microchip/xc32/v2.40/bin/bin/../../lib/gcc/pic32c/6.2.1/../../../../pic32c/lib/v7e-m/fpv4-sp/hard\libpic32c.a(_lseek.o)
 .debug_ranges  0x00000d40       0x10 c:/program files/microchip/xc32/v2.40/bin/bin/../../lib/gcc/pic32c/6.2.1/../../../../pic32c/lib/v7e-m/fpv4-sp/hard\libpic32c.a(_read.o)
 .debug_ranges  0x00000d50       0x10 c:/program files/microchip/xc32/v2.40/bin/bin/../../lib/gcc/pic32c/6.2.1/../../../../pic32c/lib/v7e-m/fpv4-sp/hard\libpic32c.a(sbrk.o)
 .debug_ranges  0x00000d60       0x10 c:/program files/microchip/xc32/v2.40/bin/bin/../../lib/gcc/pic32c/6.2.1/../../../../pic32c/lib/v7e-m/fpv4-sp/hard\libpic32c.a(_write.o)
 .debug_ranges  0x00000d70       0x10 c:/program files/microchip/xc32/v2.40/bin/bin/../../lib/gcc/pic32c/6.2.1/../../../../pic32c/lib/v7e-m/fpv4-sp/hard\libpic32c.a(close.o)
 .debug_ranges  0x00000d80       0x10 c:/program files/microchip/xc32/v2.40/bin/bin/../../lib/gcc/pic32c/6.2.1/../../../../pic32c/lib/v7e-m/fpv4-sp/hard\libpic32c.a(fstat.o)
 .debug_ranges  0x00000d90       0x10 c:/program files/microchip/xc32/v2.40/bin/bin/../../lib/gcc/pic32c/6.2.1/../../../../pic32c/lib/v7e-m/fpv4-sp/hard\libpic32c.a(isatty.o)
 .debug_ranges  0x00000da0       0x10 c:/program files/microchip/xc32/v2.40/bin/bin/../../lib/gcc/pic32c/6.2.1/../../../../pic32c/lib/v7e-m/fpv4-sp/hard\libpic32c.a(lseek.o)
 .debug_ranges  0x00000db0       0x10 c:/program files/microchip/xc32/v2.40/bin/bin/../../lib/gcc/pic32c/6.2.1/../../../../pic32c/lib/v7e-m/fpv4-sp/hard\libpic32c.a(read.o)
 .debug_ranges  0x00000dc0       0x10 c:/program files/microchip/xc32/v2.40/bin/bin/../../lib/gcc/pic32c/6.2.1/../../../../pic32c/lib/v7e-m/fpv4-sp/hard\libpic32c.a(write.o)

.debug_line     0x00000000     0xa755
 .debug_line    0x00000000      0x44b build/same54_xplained_pro/production/_ext/265365281/mu_sched.o
 .debug_line    0x0000044b      0x198 build/same54_xplained_pro/production/_ext/265365281/mu_spscq.o
 .debug_line    0x000005e3      0x184 build/same54_xplained_pro/production/_ext/265365281/mu_task.o
 .debug_line    0x00000767      0x1a0 build/same54_xplained_pro/production/_ext/265365281/mu_time.o
 .debug_line    0x00000907      0x20b build/same54_xplained_pro/production/_ext/465512950/bsp.o
 .debug_line    0x00000b12      0x1a6 build/same54_xplained_pro/production/_ext/199192420/plib_clock.o
 .debug_line    0x00000cb8      0x1e3 build/same54_xplained_pro/production/_ext/18086165/plib_eic.o
 .debug_line    0x00000e9b      0x13a build/same54_xplained_pro/production/_ext/201341906/plib_evsys.o
 .debug_line    0x00000fd5      0x1c8 build/same54_xplained_pro/production/_ext/560952012/plib_nvic.o
 .debug_line    0x0000119d      0x358 build/same54_xplained_pro/production/_ext/392550042/plib_nvmctrl.o
 .debug_line    0x000014f5      0x1ef build/same54_xplained_pro/production/_ext/554773095/plib_pm.o
 .debug_line    0x000016e4      0x20c build/same54_xplained_pro/production/_ext/561005163/plib_port.o
 .debug_line    0x000018f0      0x36c build/same54_xplained_pro/production/_ext/18098999/plib_rtc_timer.o
 .debug_line    0x00001c5c      0x35d build/same54_xplained_pro/production/_ext/1547227007/plib_sercom2_usart.o
 .debug_line    0x00001fb9      0x1c1 build/same54_xplained_pro/production/_ext/561100223/plib_supc.o
 .debug_line    0x0000217a      0x250 build/same54_xplained_pro/production/_ext/697067648/xc32_monitor.o
 .debug_line    0x000023ca      0x4b6 build/same54_xplained_pro/production/_ext/602300742/initialization.o
 .debug_line    0x00002880      0x20a build/same54_xplained_pro/production/_ext/602300742/interrupts.o
 .debug_line    0x00002a8a      0x22a build/same54_xplained_pro/production/_ext/602300742/exceptions.o
 .debug_line    0x00002cb4      0x26f build/same54_xplained_pro/production/_ext/602300742/startup_xc32.o
 .debug_line    0x00002f23      0x300 build/same54_xplained_pro/production/_ext/1483874177/button_task.o
 .debug_line    0x00003223      0x3d6 build/same54_xplained_pro/production/_ext/1483874177/idle_task.o
 .debug_line    0x000035f9      0x386 build/same54_xplained_pro/production/_ext/1483874177/kbd_task.o
 .debug_line    0x0000397f      0x2ce build/same54_xplained_pro/production/_ext/1483874177/led_task.o
 .debug_line    0x00003c4d      0x318 build/same54_xplained_pro/production/_ext/1483874177/mu_port.o
 .debug_line    0x00003f65      0x300 build/same54_xplained_pro/production/_ext/1483874177/screen_redraw_task.o
 .debug_line    0x00004265      0x2a9 build/same54_xplained_pro/production/_ext/1483874177/screen_update_task.o
 .debug_line    0x0000450e      0x37d build/same54_xplained_pro/production/_ext/1483874177/mulib_tasker.o
 .debug_line    0x0000488b      0x201 build/same54_xplained_pro/production/_ext/1360937237/main.o
 .debug_line    0x00004a8c       0xd8 c:/program files/microchip/xc32/v2.40/bin/bin/../../lib/gcc/pic32c/6.2.1/../../../../pic32c/lib/v7e-m/fpv4-sp/hard\libpic32c.a(data_init.o)
 .debug_line    0x00004b64      0x11d c:/program files/microchip/xc32/v2.40/bin/bin/../../lib/gcc/pic32c/6.2.1/../../../../pic32c/lib/v7e-m/fpv4-sp/hard\libc_nano.a(lib_a-init.o)
 .debug_line    0x00004c81      0x2ba c:/program files/microchip/xc32/v2.40/bin/bin/../../lib/gcc/pic32c/6.2.1/../../../../pic32c/lib/v7e-m/fpv4-sp/hard\libc_nano.a(lib_a-memmove.o)
 .debug_line    0x00004f3b      0x1c8 c:/program files/microchip/xc32/v2.40/bin/bin/../../lib/gcc/pic32c/6.2.1/../../../../pic32c/lib/v7e-m/fpv4-sp/hard\libc_nano.a(_lib_a-printf.cdnopsuxX.o)
 .debug_line    0x00005103      0x295 c:/program files/microchip/xc32/v2.40/bin/bin/../../lib/gcc/pic32c/6.2.1/../../../../pic32c/lib/v7e-m/fpv4-sp/hard\libc_nano.a(lib_a-puts.o)
 .debug_line    0x00005398      0x277 c:/program files/microchip/xc32/v2.40/bin/bin/../../lib/gcc/pic32c/6.2.1/../../../../pic32c/lib/v7e-m/fpv4-sp/hard\libc_nano.a(lib_a-wbuf.o)
 .debug_line    0x0000560f      0x260 c:/program files/microchip/xc32/v2.40/bin/bin/../../lib/gcc/pic32c/6.2.1/../../../../pic32c/lib/v7e-m/fpv4-sp/hard\libc_nano.a(lib_a-wsetup.o)
 .debug_line    0x0000586f      0x2cc c:/program files/microchip/xc32/v2.40/bin/bin/../../lib/gcc/pic32c/6.2.1/../../../../pic32c/lib/v7e-m/fpv4-sp/hard\libc_nano.a(lib_a-fflush.o)