Archive member included to satisfy reference by file (symbol)

c:/program files/microchip/xc32/v2.40/bin/bin/../../lib/gcc/pic32c/6.2.1/../../../../pic32c/lib/v7e-m/fpv4-sp/hard\libpic32c.a(data_init.o)
                              build/same54_xplained_pro/debug/_ext/602300742/startup_xc32.o (__pic32c_data_initialization)
c:/program files/microchip/xc32/v2.40/bin/bin/../../lib/gcc/pic32c/6.2.1/v7e-m/fpv4-sp/hard\libgcc.a(_arm_addsubdf3.o)
                              build/same54_xplained_pro/debug/_ext/1947099541/mu_port.o (__aeabi_i2d)
c:/program files/microchip/xc32/v2.40/bin/bin/../../lib/gcc/pic32c/6.2.1/v7e-m/fpv4-sp/hard\libgcc.a(_arm_muldivdf3.o)
                              build/same54_xplained_pro/debug/_ext/1947099541/mu_port.o (__aeabi_ddiv)
c:/program files/microchip/xc32/v2.40/bin/bin/../../lib/gcc/pic32c/6.2.1/v7e-m/fpv4-sp/hard\libgcc.a(_arm_truncdfsf2.o)
                              build/same54_xplained_pro/debug/_ext/1947099541/mu_port.o (__aeabi_d2f)
c:/program files/microchip/xc32/v2.40/bin/bin/../../lib/gcc/pic32c/6.2.1/v7e-m/fpv4-sp/hard\libgcc.a(_aeabi_uldivmod.o)
                              build/same54_xplained_pro/debug/_ext/1547227007/plib_sercom2_usart.o (__aeabi_uldivmod)
c:/program files/microchip/xc32/v2.40/bin/bin/../../lib/gcc/pic32c/6.2.1/v7e-m/fpv4-sp/hard\libgcc.a(_udivmoddi4.o)
                              c:/program files/microchip/xc32/v2.40/bin/bin/../../lib/gcc/pic32c/6.2.1/v7e-m/fpv4-sp/hard\libgcc.a(_aeabi_uldivmod.o) (__udivmoddi4)
c:/program files/microchip/xc32/v2.40/bin/bin/../../lib/gcc/pic32c/6.2.1/v7e-m/fpv4-sp/hard\libgcc.a(_dvmd_tls.o)
                              c:/program files/microchip/xc32/v2.40/bin/bin/../../lib/gcc/pic32c/6.2.1/v7e-m/fpv4-sp/hard\libgcc.a(_aeabi_uldivmod.o) (__aeabi_ldiv0)
c:/program files/microchip/xc32/v2.40/bin/bin/../../lib/gcc/pic32c/6.2.1/../../../../pic32c/lib/v7e-m/fpv4-sp/hard\libg_nano.a(lib_a-init.o)
                              build/same54_xplained_pro/debug/_ext/602300742/startup_xc32.o (__libc_init_array)
c:/program files/microchip/xc32/v2.40/bin/bin/../../lib/gcc/pic32c/6.2.1/../../../../pic32c/lib/v7e-m/fpv4-sp/hard\libg_nano.a(lib_a-memcpy-stub.o)
                              build/same54_xplained_pro/debug/_ext/265365281/mu_buf.o (memcpy)
c:/program files/microchip/xc32/v2.40/bin/bin/../../lib/gcc/pic32c/6.2.1/../../../../pic32c/lib/v7e-m/fpv4-sp/hard\libg_nano.a(lib_a-memmove.o)
                              build/same54_xplained_pro/debug/_ext/265365281/mu_pstore.o (memmove)
c:/program files/microchip/xc32/v2.40/bin/bin/../../lib/gcc/pic32c/6.2.1/../../../../pic32c/lib/v7e-m/fpv4-sp/hard\libg_nano.a(_lib_a-printf.cdnopsuxX.o)
                              (_printf_cdnopsuxX)
c:/program files/microchip/xc32/v2.40/bin/bin/../../lib/gcc/pic32c/6.2.1/../../../../pic32c/lib/v7e-m/fpv4-sp/hard\libg_nano.a(lib_a-puts.o)
                              build/same54_xplained_pro/debug/_ext/1947099541/tasky.o (puts)
c:/program files/microchip/xc32/v2.40/bin/bin/../../lib/gcc/pic32c/6.2.1/../../../../pic32c/lib/v7e-m/fpv4-sp/hard\libg_nano.a(lib_a-strlen.o)
                              build/same54_xplained_pro/debug/_ext/265365281/mu_buf.o (strlen)
c:/program files/microchip/xc32/v2.40/bin/bin/../../lib/gcc/pic32c/6.2.1/../../../../pic32c/lib/v7e-m/fpv4-sp/hard\libg_nano.a(lib_a-wbuf.o)
                              c:/program files/microchip/xc32/v2.40/bin/bin/../../lib/gcc/pic32c/6.2.1/../../../../pic32c/lib/v7e-m/fpv4-sp/hard\libg_nano.a(lib_a-puts.o) (__swbuf_r)
c:/program files/microchip/xc32/v2.40/bin/bin/../../lib/gcc/pic32c/6.2.1/../../../../pic32c/lib/v7e-m/fpv4-sp/hard\libg_nano.a(lib_a-wsetup.o)
                              c:/program files/microchip/xc32/v2.40/bin/bin/../../lib/gcc/pic32c/6.2.1/../../../../pic32c/lib/v7e-m/fpv4-sp/hard\libg_nano.a(lib_a-puts.o) (__swsetup_r)
c:/program files/microchip/xc32/v2.40/bin/bin/../../lib/gcc/pic32c/6.2.1/../../../../pic32c/lib/v7e-m/fpv4-sp/hard\libg_nano.a(lib_a-fflush.o)
                              c:/program files/microchip/xc32/v2.40/bin/bin/../../lib/gcc/pic32c/6.2.1/../../../../pic32c/lib/v7e-m/fpv4-sp/hard\libg_nano.a(lib_a-wbuf.o) (_fflush_r)
c:/program files/microchip/xc32/v2.40/bin/bin/../../lib/gcc/pic32c/6.2.1/../../../../pic32c/lib/v7e-m/fpv4-sp/hard\libg_nano.a(lib_a-findfp.o)
                              c:/program files/microchip/xc32/v2.40/bin/bin/../../lib/gcc/pic32c/6.2.1/../../../../pic32c/lib/v7e-m/fpv4-sp/hard\libg_nano.a(lib_a-puts.o) (__sinit)
c:/program files/microchip/xc32/v2.40/bin/bin/../../lib/gcc/pic32c/6.2.1/../../../../pic32c/lib/v7e-m/fpv4-sp/hard\libg_nano.a(lib_a-fwalk.o)
                              c:/program files/microchip/xc32/v2.40/bin/bin/../../lib/gcc/pic32c/6.2.1/../../../../pic32c/lib/v7e-m/fpv4-sp/hard\libg_nano.a(lib_a-fflush.o) (_fwalk_reent)
c:/program files/microchip/xc32/v2.40/bin/bin/../../lib/gcc/pic32c/6.2.1/../../../../pic32c/lib/v7e-m/fpv4-sp/hard\libg_nano.a(lib_a-impure.o)
[...]
Memory Configuration

Name             Origin             Length             Attributes
rom              0x00000000         0x00100000         xrl
ram              0x20000000         0x00040000         xw !r
config_00804000  0x00804000         0x00000004
config_00804004  0x00804004         0x00000004
config_00804008  0x00804008         0x00000004
*default*        0x00000000         0xffffffff

Linker script and memory map

LOAD c:/program files/microchip/xc32/v2.40/bin/bin/../../lib/gcc/pic32c/6.2.1/v7e-m/fpv4-sp/hard/crti.o
LOAD c:/program files/microchip/xc32/v2.40/bin/bin/../../lib/gcc/pic32c/6.2.1/v7e-m/fpv4-sp/hard/crtbegin.o
LOAD build/same54_xplained_pro/debug/_ext/265365281/mu_bitvec.o
LOAD build/same54_xplained_pro/debug/_ext/265365281/mu_buf.o
LOAD build/same54_xplained_pro/debug/_ext/265365281/mu_bufref.o
LOAD build/same54_xplained_pro/debug/_ext/265365281/mu_event.o
LOAD build/same54_xplained_pro/debug/_ext/265365281/mu_list.o
LOAD build/same54_xplained_pro/debug/_ext/265365281/mu_pstore.o
LOAD build/same54_xplained_pro/debug/_ext/265365281/mu_queue.o
LOAD build/same54_xplained_pro/debug/_ext/265365281/mu_sched.o
LOAD build/same54_xplained_pro/debug/_ext/265365281/mu_spscq.o
LOAD build/same54_xplained_pro/debug/_ext/265365281/mu_str.o
LOAD build/same54_xplained_pro/debug/_ext/265365281/mu_substr.o
LOAD build/same54_xplained_pro/debug/_ext/265365281/mu_task.o
LOAD build/same54_xplained_pro/debug/_ext/265365281/mu_time.o
LOAD build/same54_xplained_pro/debug/_ext/265365281/mu_version.o
LOAD build/same54_xplained_pro/debug/_ext/465512950/bsp.o
LOAD build/same54_xplained_pro/debug/_ext/199192420/plib_clock.o
LOAD build/same54_xplained_pro/debug/_ext/560615476/plib_cmcc.o
LOAD build/same54_xplained_pro/debug/_ext/18086165/plib_eic.o
LOAD build/same54_xplained_pro/debug/_ext/201341906/plib_evsys.o
LOAD build/same54_xplained_pro/debug/_ext/560952012/plib_nvic.o
LOAD build/same54_xplained_pro/debug/_ext/392550042/plib_nvmctrl.o
LOAD build/same54_xplained_pro/debug/_ext/554773095/plib_pm.o
LOAD build/same54_xplained_pro/debug/_ext/561005163/plib_port.o
LOAD build/same54_xplained_pro/debug/_ext/18098999/plib_rtc_timer.o
LOAD build/same54_xplained_pro/debug/_ext/1547227007/plib_sercom2_usart.o
LOAD build/same54_xplained_pro/debug/_ext/561100223/plib_supc.o
LOAD build/same54_xplained_pro/debug/_ext/697067648/xc32_monitor.o
LOAD build/same54_xplained_pro/debug/_ext/602300742/initialization.o
LOAD build/same54_xplained_pro/debug/_ext/602300742/interrupts.o
LOAD build/same54_xplained_pro/debug/_ext/602300742/exceptions.o
LOAD build/same54_xplained_pro/debug/_ext/602300742/startup_xc32.o
LOAD build/same54_xplained_pro/debug/_ext/602300742/libc_syscalls.o
LOAD build/same54_xplained_pro/debug/_ext/1947099541/tasky.o
LOAD build/same54_xplained_pro/debug/_ext/1947099541/mu_port.o
LOAD build/same54_xplained_pro/debug/_ext/1360937237/main.o
LOAD build/same54_xplained_pro/debug/_ext/1947099541/button_task.o
LOAD build/same54_xplained_pro/debug/_ext/1947099541/idle_task.o
LOAD build/same54_xplained_pro/debug/_ext/1947099541/led_task.o
LOAD build/same54_xplained_pro/debug/_ext/1947099541/screen_redraw_task.o
LOAD build/same54_xplained_pro/debug/_ext/1947099541/screen_update_task.o
                0x00000001                __MPLAB_BUILD = 0x1
                0x00000001                __ICD2RAM = 0x1
                0x00000001                __MPLAB_DEBUG = 0x1
                0x00000001                __DEBUG = 0x1
                0x00000200                _min_heap_size = 0x200
START GROUP
LOAD c:/program files/microchip/xc32/v2.40/bin/bin/../../lib/gcc/pic32c/6.2.1/../../../../pic32c/lib/v7e-m/fpv4-sp/hard\libpic32c.a
LOAD c:/program files/microchip/xc32/v2.40/bin/bin/../../lib/gcc/pic32c/6.2.1/v7e-m/fpv4-sp/hard\libgcc.a
LOAD c:/program files/microchip/xc32/v2.40/bin/bin/../../lib/gcc/pic32c/6.2.1/../../../../pic32c/lib/v7e-m/fpv4-sp/hard\libg_nano.a
LOAD c:/program files/microchip/xc32/v2.40/bin/bin/../../lib/gcc/pic32c/6.2.1/../../../../pic32c/lib/v7e-m/fpv4-sp/hard\libm_nano.a
LOAD c:/program files/microchip/xc32/v2.40/bin/bin/../../lib/gcc/pic32c/6.2.1/../../../../pic32c/lib/v7e-m/fpv4-sp/hard\libc_nano.a
END GROUP
LOAD c:/program files/microchip/xc32/v2.40/bin/bin/../../lib/gcc/pic32c/6.2.1/v7e-m/fpv4-sp/hard/crtend.o
LOAD c:/program files/microchip/xc32/v2.40/bin/bin/../../lib/gcc/pic32c/6.2.1/v7e-m/fpv4-sp/hard/crtn.o
                0x00100000                __rom_end = (ORIGIN (rom) + LENGTH (rom))
                0x20040000                __ram_end = (ORIGIN (ram) + LENGTH (ram))

.config_00804000
                0x00804000        0x4
 *(.config_00804000)
 .config_00804000
                0x00804000        0x4 build/same54_xplained_pro/debug/_ext/602300742/initialization.o

.config_00804004
                0x00804004        0x4
 *(.config_00804004)
 .config_00804004
                0x00804004        0x4 build/same54_xplained_pro/debug/_ext/602300742/initialization.o

.config_00804008
                0x00804008        0x4
 *(.config_00804008)
 .config_00804008
                0x00804008        0x4 build/same54_xplained_pro/debug/_ext/602300742/initialization.o

.vectors        0x00000000      0x264
                0x00000000                . = ALIGN (0x4)
                0x00000000                _sfixed = .
 *(.vectors .vectors.* .vectors_default .vectors_default.*)
 .vectors       0x00000000      0x264 build/same54_xplained_pro/debug/_ext/602300742/interrupts.o
                0x00000000                exception_table
 *(.isr_vector)
 *(.reset*)
 *(.after_vectors)

.text           0x00000264       0x20
                0x00000264                . = ALIGN (0x4)
 *(.glue_7t)
 .glue_7t       0x00000264        0x0 linker stubs
 *(.glue_7)
 .glue_7        0x00000264        0x0 linker stubs
 *(.gnu.linkonce.r.*)
 *(.ARM.extab* .gnu.linkonce.armextab.*)
                0x00000264                . = ALIGN (0x4)
 *(.init)
 .init          0x00000264        0x4 c:/program files/microchip/xc32/v2.40/bin/bin/../../lib/gcc/pic32c/6.2.1/v7e-m/fpv4-sp/hard/crti.o
                0x00000264                _init
 .init          0x00000268        0x8 c:/program files/microchip/xc32/v2.40/bin/bin/../../lib/gcc/pic32c/6.2.1/v7e-m/fpv4-sp/hard/crtn.o
                0x00000270                . = ALIGN (0x4)
                0x00000270                __preinit_array_start = .
 *(.preinit_array)
                0x00000270                __preinit_array_end = .
                0x00000270                . = ALIGN (0x4)
                0x00000270                __init_array_start = .
 *(SORT(.init_array.*))
 *(.init_array)
 .init_array    0x00000270        0x4 c:/program files/microchip/xc32/v2.40/bin/bin/../../lib/gcc/pic32c/6.2.1/v7e-m/fpv4-sp/hard/crtbegin.o
                0x00000274                __init_array_end = .
                0x00000274                . = ALIGN (0x4)
 *crtbegin.o(.ctors)
 *(EXCLUDE_FILE(*crtend.o) .ctors)
 *(SORT(.ctors.*))
 *crtend.o(.ctors)
                0x00000274                . = ALIGN (0x4)
 *(.fini)
 .fini          0x00000274        0x4 c:/program files/microchip/xc32/v2.40/bin/bin/../../lib/gcc/pic32c/6.2.1/v7e-m/fpv4-sp/hard/crti.o
                0x00000274                _fini
 .fini          0x00000278        0x8 c:/program files/microchip/xc32/v2.40/bin/bin/../../lib/gcc/pic32c/6.2.1/v7e-m/fpv4-sp/hard/crtn.o
                0x00000280                . = ALIGN (0x4)
                0x00000280                __fini_array_start = .
 *(.fini_array)
 .fini_array    0x00000280        0x4 c:/program files/microchip/xc32/v2.40/bin/bin/../../lib/gcc/pic32c/6.2.1/v7e-m/fpv4-sp/hard/crtbegin.o
 *(SORT(.fini_array.*))
                0x00000284                __fini_array_end = .
 *crtbegin.o(.dtors)
 *(EXCLUDE_FILE(*crtend.o) .dtors)
 *(SORT(.dtors.*))
 *crtend.o(.dtors)
                0x00000284                . = ALIGN (0x4)
                0x00000284                _efixed = .
                [!provide]                PROVIDE (__exidx_start, .)

.ARM.exidx
 *(.ARM.exidx* .gnu.linkonce.armexidx.*)
                [!provide]                PROVIDE (__exidx_end, .)
                0x00000284                . = ALIGN (0x4)
                0x00000284                _etext = .

.bss            0x20000000      0x100
                0x20000000                . = ALIGN (0x4)
                0x20000000                __bss_start__ = .
                0x20000000                _sbss = .
                0x20000000                _szero = .
 *(COMMON)
 COMMON         0x20000000       0xc0 build/same54_xplained_pro/debug/_ext/18086165/plib_eic.o
                0x20000000                eicCallbackObject
 COMMON         0x200000c0        0xc build/same54_xplained_pro/debug/_ext/18098999/plib_rtc_timer.o
                0x200000c0                rtcObj
 COMMON         0x200000cc       0x30 build/same54_xplained_pro/debug/_ext/1547227007/plib_sercom2_usart.o
                0x200000cc                sercom2USARTObj
 COMMON         0x200000fc        0x4 c:/program files/microchip/xc32/v2.40/bin/bin/../../lib/gcc/pic32c/6.2.1/../../../../pic32c/lib/v7e-m/fpv4-sp/hard\libg_nano.a(lib_a-reent.o)
                0x200000fc                errno
                0x20000100                . = ALIGN (0x4)
                0x20000100                __bss_end__ = .
                0x20000100                _ebss = .
                0x20000100                _ezero = .
                0x20000100                . = ALIGN (0x4)
                0x20000100                _end = .
                0x2003ffff                _ram_end_ = ((ORIGIN (ram) + LENGTH (ram)) - 0x1)
OUTPUT(dist/same54_xplained_pro/debug/tasky.X.debug.elf elf32-littlearm)
LOAD stack
LOAD data_init

.ARM.attributes
                0x00000000       0x30
 .ARM.attributes
                0x00000000       0x22 c:/program files/microchip/xc32/v2.40/bin/bin/../../lib/gcc/pic32c/6.2.1/v7e-m/fpv4-sp/hard/crti.o
 .ARM.attributes
                0x00000022       0x34 c:/program files/microchip/xc32/v2.40/bin/bin/../../lib/gcc/pic32c/6.2.1/v7e-m/fpv4-sp/hard/crtbegin.o
 .ARM.attributes
                0x00000056       0x39 build/same54_xplained_pro/debug/_ext/265365281/mu_event.o
 .ARM.attributes
                0x0000008f       0x39 build/same54_xplained_pro/debug/_ext/265365281/mu_sched.o
 .ARM.attributes
                0x000000c8       0x39 build/same54_xplained_pro/debug/_ext/265365281/mu_spscq.o
 .ARM.attributes
                0x00000101       0x39 build/same54_xplained_pro/debug/_ext/265365281/mu_task.o
 .ARM.attributes
                0x0000013a       0x39 build/same54_xplained_pro/debug/_ext/265365281/mu_time.o
 .ARM.attributes
                0x00000173       0x39 build/same54_xplained_pro/debug/_ext/465512950/bsp.o
 .ARM.attributes
                0x000001ac       0x39 build/same54_xplained_pro/debug/_ext/199192420/plib_clock.o
 .ARM.attributes
                0x000001e5       0x39 build/same54_xplained_pro/debug/_ext/18086165/plib_eic.o
 .ARM.attributes
                0x0000021e       0x39 build/same54_xplained_pro/debug/_ext/201341906/plib_evsys.o
 .ARM.attributes
                0x00000257       0x39 build/same54_xplained_pro/debug/_ext/560952012/plib_nvic.o
 .ARM.attributes
                0x00000290       0x39 build/same54_xplained_pro/debug/_ext/392550042/plib_nvmctrl.o
 .ARM.attributes
                0x000002c9       0x39 build/same54_xplained_pro/debug/_ext/554773095/plib_pm.o
 .ARM.attributes
                0x00000302       0x39 build/same54_xplained_pro/debug/_ext/561005163/plib_port.o
 .ARM.attributes
                0x0000033b       0x39 build/same54_xplained_pro/debug/_ext/18098999/plib_rtc_timer.o
 .ARM.attributes
                0x00000374       0x39 build/same54_xplained_pro/debug/_ext/1547227007/plib_sercom2_usart.o
 .ARM.attributes
                0x000003ad       0x39 build/same54_xplained_pro/debug/_ext/561100223/plib_supc.o
 .ARM.attributes
                0x000003e6       0x39 build/same54_xplained_pro/debug/_ext/697067648/xc32_monitor.o
 .ARM.attributes
                0x0000041f       0x39 build/same54_xplained_pro/debug/_ext/602300742/initialization.o
 .ARM.attributes
                0x00000458       0x39 build/same54_xplained_pro/debug/_ext/602300742/interrupts.o
 .ARM.attributes
                0x00000491       0x39 build/same54_xplained_pro/debug/_ext/602300742/exceptions.o
 .ARM.attributes
                0x000004ca       0x39 build/same54_xplained_pro/debug/_ext/602300742/startup_xc32.o
 .ARM.attributes
                0x00000503       0x39 build/same54_xplained_pro/debug/_ext/1947099541/tasky.o
 .ARM.attributes
                0x0000053c       0x39 build/same54_xplained_pro/debug/_ext/1947099541/mu_port.o
 .ARM.attributes
                0x00000575       0x39 build/same54_xplained_pro/debug/_ext/1360937237/main.o
 .ARM.attributes
                0x000005ae       0x39 build/same54_xplained_pro/debug/_ext/1947099541/button_task.o
 .ARM.attributes
                0x000005e7       0x39 build/same54_xplained_pro/debug/_ext/1947099541/idle_task.o
 .ARM.attributes
                0x00000620       0x39 build/same54_xplained_pro/debug/_ext/1947099541/led_task.o
 .ARM.attributes
                0x00000659       0x39 build/same54_xplained_pro/debug/_ext/1947099541/screen_redraw_task.o
 .ARM.attributes
                0x00000692       0x39 build/same54_xplained_pro/debug/_ext/1947099541/screen_update_task.o
 .ARM.attributes
                0x000006cb       0x34 c:/program files/microchip/xc32/v2.40/bin/bin/../../lib/gcc/pic32c/6.2.1/../../../../pic32c/lib/v7e-m/fpv4-sp/hard\libpic32c.a(data_init.o)
 .ARM.attributes
                0x000006ff       0x34 c:/program files/microchip/xc32/v2.40/bin/bin/../../lib/gcc/pic32c/6.2.1/../../../../pic32c/lib/v7e-m/fpv4-sp/hard\libg_nano.a(lib_a-init.o)
 .ARM.attributes
                0x00000733       0x34 c:/program files/microchip/xc32/v2.40/bin/bin/../../lib/gcc/pic32c/6.2.1/../../../../pic32c/lib/v7e-m/fpv4-sp/hard\libg_nano.a(lib_a-memmove.o)
 .ARM.attributes
                0x00000767       0x34 c:/program files/microchip/xc32/v2.40/bin/bin/../../lib/gcc/pic32c/6.2.1/../../../../pic32c/lib/v7e-m/fpv4-sp/hard\libg_nano.a(_lib_a-printf.cdnopsuxX.o)
 .ARM.attributes
                0x0000079b       0x34 c:/program files/microchip/xc32/v2.40/bin/bin/../../lib/gcc/pic32c/6.2.1/../../../../pic32c/lib/v7e-m/fpv4-sp/hard\libg_nano.a(lib_a-puts.o)
 .ARM.attributes
                0x000007cf       0x34 c:/program files/microchip/xc32/v2.40/bin/bin/../../lib/gcc/pic32c/6.2.1/../../../../pic32c/lib/v7e-m/fpv4-sp/hard\libg_nano.a(lib_a-wbuf.o)
 .ARM.attributes
                0x00000803       0x34 c:/program files/microchip/xc32/v2.40/bin/bin/../../lib/gcc/pic32c/6.2.1/../../../../pic32c/lib/v7e-m/fpv4-sp/hard\libg_nano.a(lib_a-wsetup.o)
 .ARM.attributes
                0x00000837       0x34 c:/program files/microchip/xc32/v2.40/bin/bin/../../lib/gcc/pic32c/6.2.1/../../../../pic32c/lib/v7e-m/fpv4-sp/hard\libg_nano.a(lib_a-fflush.o)
 .ARM.attributes
                0x0000086b       0x34 c:/program files/microchip/xc32/v2.40/bin/bin/../../lib/gcc/pic32c/6.2.1/../../../../pic32c/lib/v7e-m/fpv4-sp/hard\libg_nano.a(lib_a-findfp.o)
 .ARM.attributes
                0x0000089f       0x34 c:/program files/microchip/xc32/v2.40/bin/bin/../../lib/gcc/pic32c/6.2.1/../../../../pic32c/lib/v7e-m/fpv4-sp/hard\libg_nano.a(lib_a-fwalk.o)
 .ARM.attributes
                0x000008d3       0x34 c:/program files/microchip/xc32/v2.40/bin/bin/../../lib/gcc/pic32c/6.2.1/../../../../pic32c/lib/v7e-m/fpv4-sp/hard\libg_nano.a(lib_a-impure.o)
 .ARM.attributes
                0x00000907       0x34 c:/program files/microchip/xc32/v2.40/bin/bin/../../lib/gcc/pic32c/6.2.1/../../../../pic32c/lib/v7e-m/fpv4-sp/hard\libg_nano.a(lib_a-makebuf.o)
 .ARM.attributes
                0x0000093b       0x34 c:/program files/microchip/xc32/v2.40/bin/bin/../../lib/gcc/pic32c/6.2.1/../../../../pic32c/lib/v7e-m/fpv4-sp/hard\libg_nano.a(lib_a-memset.o)
 .ARM.attributes
                0x0000096f       0x34 c:/program files/microchip/xc32/v2.40/bin/bin/../../lib/gcc/pic32c/6.2.1/../../../../pic32c/lib/v7e-m/fpv4-sp/hard\libg_nano.a(lib_a-nano-freer.o)
 .ARM.attributes
                0x000009a3       0x34 c:/program files/microchip/xc32/v2.40/bin/bin/../../lib/gcc/pic32c/6.2.1/../../../../pic32c/lib/v7e-m/fpv4-sp/hard\libg_nano.a(lib_a-nano-mallocr.o)
 .ARM.attributes
                0x000009d7       0x34 c:/program files/microchip/xc32/v2.40/bin/bin/../../lib/gcc/pic32c/6.2.1/../../../../pic32c/lib/v7e-m/fpv4-sp/hard\libg_nano.a(_lib_a-nano-vfprintf.cdnopsuxX.o)
 .ARM.attributes
                0x00000a0b       0x34 c:/program files/microchip/xc32/v2.40/bin/bin/../../lib/gcc/pic32c/6.2.1/../../../../pic32c/lib/v7e-m/fpv4-sp/hard\libg_nano.a(lib_a-nano-vfprintf_i.o)
 .ARM.attributes
                0x00000a3f       0x34 c:/program files/microchip/xc32/v2.40/bin/bin/../../lib/gcc/pic32c/6.2.1/../../../../pic32c/lib/v7e-m/fpv4-sp/hard\libg_nano.a(lib_a-sbrkr.o)
 .ARM.attributes
                0x00000a73       0x34 c:/program files/microchip/xc32/v2.40/bin/bin/../../lib/gcc/pic32c/6.2.1/../../../../pic32c/lib/v7e-m/fpv4-sp/hard\libg_nano.a(lib_a-__ssfputs.o)
 .ARM.attributes
                0x00000aa7       0x34 c:/program files/microchip/xc32/v2.40/bin/bin/../../lib/gcc/pic32c/6.2.1/../../../../pic32c/lib/v7e-m/fpv4-sp/hard\libg_nano.a(lib_a-stdio.o)
 .ARM.attributes
                0x00000adb       0x34 c:/program files/microchip/xc32/v2.40/bin/bin/../../lib/gcc/pic32c/6.2.1/../../../../pic32c/lib/v7e-m/fpv4-sp/hard\libg_nano.a(lib_a-writer.o)
 .ARM.attributes
                0x00000b0f       0x34 c:/program files/microchip/xc32/v2.40/bin/bin/../../lib/gcc/pic32c/6.2.1/../../../../pic32c/lib/v7e-m/fpv4-sp/hard\libg_nano.a(lib_a-closer.o)
 .ARM.attributes
                0x00000b43       0x34 c:/program files/microchip/xc32/v2.40/bin/bin/../../lib/gcc/pic32c/6.2.1/../../../../pic32c/lib/v7e-m/fpv4-sp/hard\libg_nano.a(lib_a-fputwc.o)
 .ARM.attributes
                0x00000b77       0x34 c:/program files/microchip/xc32/v2.40/bin/bin/../../lib/gcc/pic32c/6.2.1/../../../../pic32c/lib/v7e-m/fpv4-sp/hard\libg_nano.a(lib_a-fstatr.o)
 .ARM.attributes
                0x00000bab       0x34 c:/program files/microchip/xc32/v2.40/bin/bin/../../lib/gcc/pic32c/6.2.1/../../../../pic32c/lib/v7e-m/fpv4-sp/hard\libg_nano.a(lib_a-isattyr.o)
 .ARM.attributes
                0x00000bdf       0x34 c:/program files/microchip/xc32/v2.40/bin/bin/../../lib/gcc/pic32c/6.2.1/../../../../pic32c/lib/v7e-m/fpv4-sp/hard\libg_nano.a(lib_a-locale.o)
 .ARM.attributes
                0x00000c13       0x34 c:/program files/microchip/xc32/v2.40/bin/bin/../../lib/gcc/pic32c/6.2.1/../../../../pic32c/lib/v7e-m/fpv4-sp/hard\libg_nano.a(lib_a-lseekr.o)
 .ARM.attributes
                0x00000c47       0x34 c:/program files/microchip/xc32/v2.40/bin/bin/../../lib/gcc/pic32c/6.2.1/../../../../pic32c/lib/v7e-m/fpv4-sp/hard\libg_nano.a(lib_a-mbtowc_r.o)
 .ARM.attributes
                0x00000c7b       0x20 c:/program files/microchip/xc32/v2.40/bin/bin/../../lib/gcc/pic32c/6.2.1/../../../../pic32c/lib/v7e-m/fpv4-sp/hard\libg_nano.a(lib_a-memchr.o)
 .ARM.attributes
                0x00000c9b       0x34 c:/program files/microchip/xc32/v2.40/bin/bin/../../lib/gcc/pic32c/6.2.1/../../../../pic32c/lib/v7e-m/fpv4-sp/hard\libg_nano.a(lib_a-mlock.o)
 .ARM.attributes
                0x00000ccf       0x34 c:/program files/microchip/xc32/v2.40/bin/bin/../../lib/gcc/pic32c/6.2.1/../../../../pic32c/lib/v7e-m/fpv4-sp/hard\libg_nano.a(lib_a-readr.o)
 .ARM.attributes
                0x00000d03       0x34 c:/program files/microchip/xc32/v2.40/bin/bin/../../lib/gcc/pic32c/6.2.1/../../../../pic32c/lib/v7e-m/fpv4-sp/hard\libg_nano.a(lib_a-reent.o)
 .ARM.attributes
                0x00000d37       0x34 c:/program files/microchip/xc32/v2.40/bin/bin/../../lib/gcc/pic32c/6.2.1/../../../../pic32c/lib/v7e-m/fpv4-sp/hard\libg_nano.a(lib_a-wcrtomb.o)
 .ARM.attributes
                0x00000d6b       0x34 c:/program files/microchip/xc32/v2.40/bin/bin/../../lib/gcc/pic32c/6.2.1/../../../../pic32c/lib/v7e-m/fpv4-sp/hard\libg_nano.a(lib_a-wctomb_r.o)
 .ARM.attributes
                0x00000d9f       0x34 c:/program files/microchip/xc32/v2.40/bin/bin/../../lib/gcc/pic32c/6.2.1/../../../../pic32c/lib/v7e-m/fpv4-sp/hard\libg_nano.a(lib_a-ctype_.o)
 .ARM.attributes
                0x00000dd3       0x34 c:/program files/microchip/xc32/v2.40/bin/bin/../../lib/gcc/pic32c/6.2.1/../../../../pic32c/lib/v7e-m/fpv4-sp/hard\libpic32c.a(_close.o)
 .ARM.attributes
                0x00000e07       0x34 c:/program files/microchip/xc32/v2.40/bin/bin/../../lib/gcc/pic32c/6.2.1/../../../../pic32c/lib/v7e-m/fpv4-sp/hard\libpic32c.a(_fstat.o)
 .ARM.attributes
                0x00000e3b       0x34 c:/program files/microchip/xc32/v2.40/bin/bin/../../lib/gcc/pic32c/6.2.1/../../../../pic32c/lib/v7e-m/fpv4-sp/hard\libpic32c.a(_isatty.o)
 .ARM.attributes
                0x00000e6f       0x34 c:/program files/microchip/xc32/v2.40/bin/bin/../../lib/gcc/pic32c/6.2.1/../../../../pic32c/lib/v7e-m/fpv4-sp/hard\libpic32c.a(_lseek.o)
 .ARM.attributes
                0x00000ea3       0x34 c:/program files/microchip/xc32/v2.40/bin/bin/../../lib/gcc/pic32c/6.2.1/../../../../pic32c/lib/v7e-m/fpv4-sp/hard\libpic32c.a(_read.o)
 .ARM.attributes
                0x00000ed7       0x34 c:/program files/microchip/xc32/v2.40/bin/bin/../../lib/gcc/pic32c/6.2.1/../../../../pic32c/lib/v7e-m/fpv4-sp/hard\libpic32c.a(sbrk.o)
 .ARM.attributes
                0x00000f0b       0x34 c:/program files/microchip/xc32/v2.40/bin/bin/../../lib/gcc/pic32c/6.2.1/../../../../pic32c/lib/v7e-m/fpv4-sp/hard\libpic32c.a(_write.o)
 .ARM.attributes
                0x00000f3f       0x34 c:/program files/microchip/xc32/v2.40/bin/bin/../../lib/gcc/pic32c/6.2.1/../../../../pic32c/lib/v7e-m/fpv4-sp/hard\libpic32c.a(close.o)
 .ARM.attributes
                0x00000f73       0x34 c:/program files/microchip/xc32/v2.40/bin/bin/../../lib/gcc/pic32c/6.2.1/../../../../pic32c/lib/v7e-m/fpv4-sp/hard\libpic32c.a(fstat.o)
 .ARM.attributes
                0x00000fa7       0x34 c:/program files/microchip/xc32/v2.40/bin/bin/../../lib/gcc/pic32c/6.2.1/../../../../pic32c/lib/v7e-m/fpv4-sp/hard\libpic32c.a(isatty.o)
 .ARM.attributes
                0x00000fdb       0x34 c:/program files/microchip/xc32/v2.40/bin/bin/../../lib/gcc/pic32c/6.2.1/../../../../pic32c/lib/v7e-m/fpv4-sp/hard\libpic32c.a(lseek.o)
 .ARM.attributes
                0x0000100f       0x34 c:/program files/microchip/xc32/v2.40/bin/bin/../../lib/gcc/pic32c/6.2.1/../../../../pic32c/lib/v7e-m/fpv4-sp/hard\libpic32c.a(read.o)
 .ARM.attributes
                0x00001043       0x34 c:/program files/microchip/xc32/v2.40/bin/bin/../../lib/gcc/pic32c/6.2.1/../../../../pic32c/lib/v7e-m/fpv4-sp/hard\libpic32c.a(write.o)
 .ARM.attributes
                0x00001077       0x22 c:/program files/microchip/xc32/v2.40/bin/bin/../../lib/gcc/pic32c/6.2.1/v7e-m/fpv4-sp/hard/crtn.o

.comment        0x00000000       0x3c
 .comment       0x00000000       0x3c c:/program files/microchip/xc32/v2.40/bin/bin/../../lib/gcc/pic32c/6.2.1/v7e-m/fpv4-sp/hard/crtbegin.o
                                 0x3d (size before relaxing)
 .comment       0x0000003c       0x3d build/same54_xplained_pro/debug/_ext/265365281/mu_event.o
 .comment       0x0000003c       0x3d build/same54_xplained_pro/debug/_ext/265365281/mu_sched.o
 .comment       0x0000003c       0x3d build/same54_xplained_pro/debug/_ext/265365281/mu_spscq.o
 .comment       0x0000003c       0x3d build/same54_xplained_pro/debug/_ext/265365281/mu_task.o
 .comment       0x0000003c       0x3d build/same54_xplained_pro/debug/_ext/265365281/mu_time.o
 .comment       0x0000003c       0x3d build/same54_xplained_pro/debug/_ext/465512950/bsp.o
 .comment       0x0000003c       0x3d build/same54_xplained_pro/debug/_ext/199192420/plib_clock.o
 .comment       0x0000003c       0x3d build/same54_xplained_pro/debug/_ext/18086165/plib_eic.o
 .comment       0x0000003c       0x3d build/same54_xplained_pro/debug/_ext/201341906/plib_evsys.o
 .comment       0x0000003c       0x3d build/same54_xplained_pro/debug/_ext/560952012/plib_nvic.o
 .comment       0x0000003c       0x3d build/same54_xplained_pro/debug/_ext/392550042/plib_nvmctrl.o
 .comment       0x0000003c       0x3d build/same54_xplained_pro/debug/_ext/554773095/plib_pm.o
 .comment       0x0000003c       0x3d build/same54_xplained_pro/debug/_ext/561005163/plib_port.o
 .comment       0x0000003c       0x3d build/same54_xplained_pro/debug/_ext/18098999/plib_rtc_timer.o
 .comment       0x0000003c       0x3d build/same54_xplained_pro/debug/_ext/1547227007/plib_sercom2_usart.o
 .comment       0x0000003c       0x3d build/same54_xplained_pro/debug/_ext/561100223/plib_supc.o
 .comment       0x0000003c       0x3d build/same54_xplained_pro/debug/_ext/697067648/xc32_monitor.o
 .comment       0x0000003c       0x3d build/same54_xplained_pro/debug/_ext/602300742/initialization.o
 .comment       0x0000003c       0x3d build/same54_xplained_pro/debug/_ext/602300742/interrupts.o
 .comment       0x0000003c       0x3d build/same54_xplained_pro/debug/_ext/602300742/exceptions.o
 .comment       0x0000003c       0x3d build/same54_xplained_pro/debug/_ext/602300742/startup_xc32.o
 .comment       0x0000003c       0x3d build/same54_xplained_pro/debug/_ext/1947099541/tasky.o
 .comment       0x0000003c       0x3d build/same54_xplained_pro/debug/_ext/1947099541/mu_port.o
 .comment       0x0000003c       0x3d build/same54_xplained_pro/debug/_ext/1360937237/main.o
 .comment       0x0000003c       0x3d build/same54_xplained_pro/debug/_ext/1947099541/button_task.o
 .comment       0x0000003c       0x3d build/same54_xplained_pro/debug/_ext/1947099541/idle_task.o
 .comment       0x0000003c       0x3d build/same54_xplained_pro/debug/_ext/1947099541/led_task.o
 .comment       0x0000003c       0x3d build/same54_xplained_pro/debug/_ext/1947099541/screen_redraw_task.o
 .comment       0x0000003c       0x3d build/same54_xplained_pro/debug/_ext/1947099541/screen_update_task.o
 .comment       0x0000003c       0x3d c:/program files/microchip/xc32/v2.40/bin/bin/../../lib/gcc/pic32c/6.2.1/../../../../pic32c/lib/v7e-m/fpv4-sp/hard\libpic32c.a(data_init.o)
 .comment       0x0000003c       0x3d c:/program files/microchip/xc32/v2.40/bin/bin/../../lib/gcc/pic32c/6.2.1/../../../../pic32c/lib/v7e-m/fpv4-sp/hard\libg_nano.a(lib_a-init.o)
 .comment       0x0000003c       0x3d c:/program files/microchip/xc32/v2.40/bin/bin/../../lib/gcc/pic32c/6.2.1/../../../../pic32c/lib/v7e-m/fpv4-sp/hard\libg_nano.a(lib_a-memmove.o)
 .comment       0x0000003c       0x3d c:/program files/microchip/xc32/v2.40/bin/bin/../../lib/gcc/pic32c/6.2.1/../../../../pic32c/lib/v7e-m/fpv4-sp/hard\libg_nano.a(_lib_a-printf.cdnopsuxX.o)
 .comment       0x0000003c       0x3d c:/program files/microchip/xc32/v2.40/bin/bin/../../lib/gcc/pic32c/6.2.1/../../../../pic32c/lib/v7e-m/fpv4-sp/hard\libg_nano.a(lib_a-puts.o)
 .comment       0x0000003c       0x3d c:/program files/microchip/xc32/v2.40/bin/bin/../../lib/gcc/pic32c/6.2.1/../../../../pic32c/lib/v7e-m/fpv4-sp/hard\libg_nano.a(lib_a-wbuf.o)
 .comment       0x0000003c       0x3d c:/program files/microchip/xc32/v2.40/bin/bin/../../lib/gcc/pic32c/6.2.1/../../../../pic32c/lib/v7e-m/fpv4-sp/hard\libg_nano.a(lib_a-wsetup.o)
 .comment       0x0000003c       0x3d c:/program files/microchip/xc32/v2.40/bin/bin/../../lib/gcc/pic32c/6.2.1/../../../../pic32c/lib/v7e-m/fpv4-sp/hard\libg_nano.a(lib_a-fflush.o)
 .comment       0x0000003c       0x3d c:/program files/microchip/xc32/v2.40/bin/bin/../../lib/gcc/pic32c/6.2.1/../../../../pic32c/lib/v7e-m/fpv4-sp/hard\libg_nano.a(lib_a-findfp.o)
 .comment       0x0000003c       0x3d c:/program files/microchip/xc32/v2.40/bin/bin/../../lib/gcc/pic32c/6.2.1/../../../../pic32c/lib/v7e-m/fpv4-sp/hard\libg_nano.a(lib_a-fwalk.o)
 .comment       0x0000003c       0x3d c:/program files/microchip/xc32/v2.40/bin/bin/../../lib/gcc/pic32c/6.2.1/../../../../pic32c/lib/v7e-m/fpv4-sp/hard\libg_nano.a(lib_a-impure.o)
 .comment       0x0000003c       0x3d c:/program files/microchip/xc32/v2.40/bin/bin/../../lib/gcc/pic32c/6.2.1/../../../../pic32c/lib/v7e-m/fpv4-sp/hard\libg_nano.a(lib_a-makebuf.o)
 .comment       0x0000003c       0x3d c:/program files/microchip/xc32/v2.40/bin/bin/../../lib/gcc/pic32c/6.2.1/../../../../pic32c/lib/v7e-m/fpv4-sp/hard\libg_nano.a(lib_a-memset.o)
 .comment       0x0000003c       0x3d c:/program files/microchip/xc32/v2.40/bin/bin/../../lib/gcc/pic32c/6.2.1/../../../../pic32c/lib/v7e-m/fpv4-sp/hard\libg_nano.a(lib_a-nano-freer.o)
 .comment       0x0000003c       0x3d c:/program files/microchip/xc32/v2.40/bin/bin/../../lib/gcc/pic32c/6.2.1/../../../../pic32c/lib/v7e-m/fpv4-sp/hard\libg_nano.a(lib_a-nano-mallocr.o)
 .comment       0x0000003c       0x3d c:/program files/microchip/xc32/v2.40/bin/bin/../../lib/gcc/pic32c/6.2.1/../../../../pic32c/lib/v7e-m/fpv4-sp/hard\libg_nano.a(_lib_a-nano-vfprintf.cdnopsuxX.o)
 .comment       0x0000003c       0x3d c:/program files/microchip/xc32/v2.40/bin/bin/../../lib/gcc/pic32c/6.2.1/../../../../pic32c/lib/v7e-m/fpv4-sp/hard\libg_nano.a(lib_a-nano-vfprintf_i.o)
 .comment       0x0000003c       0x3d c:/program files/microchip/xc32/v2.40/bin/bin/../../lib/gcc/pic32c/6.2.1/../../../../pic32c/lib/v7e-m/fpv4-sp/hard\libg_nano.a(lib_a-sbrkr.o)
 .comment       0x0000003c       0x3d c:/program files/microchip/xc32/v2.40/bin/bin/../../lib/gcc/pic32c/6.2.1/../../../../pic32c/lib/v7e-m/fpv4-sp/hard\libg_nano.a(lib_a-__ssfputs.o)
 .comment       0x0000003c       0x3d c:/program files/microchip/xc32/v2.40/bin/bin/../../lib/gcc/pic32c/6.2.1/../../../../pic32c/lib/v7e-m/fpv4-sp/hard\libg_nano.a(lib_a-stdio.o)
 .comment       0x0000003c       0x3d c:/program files/microchip/xc32/v2.40/bin/bin/../../lib/gcc/pic32c/6.2.1/../../../../pic32c/lib/v7e-m/fpv4-sp/hard\libg_nano.a(lib_a-writer.o)
 .comment       0x0000003c       0x3d c:/program files/microchip/xc32/v2.40/bin/bin/../../lib/gcc/pic32c/6.2.1/../../../../pic32c/lib/v7e-m/fpv4-sp/hard\libg_nano.a(lib_a-closer.o)
 .comment       0x0000003c       0x3d c:/program files/microchip/xc32/v2.40/bin/bin/../../lib/gcc/pic32c/6.2.1/../../../../pic32c/lib/v7e-m/fpv4-sp/hard\libg_nano.a(lib_a-fputwc.o)
 .comment       0x0000003c       0x3d c:/program files/microchip/xc32/v2.40/bin/bin/../../lib/gcc/pic32c/6.2.1/../../../../pic32c/lib/v7e-m/fpv4-sp/hard\libg_nano.a(lib_a-fstatr.o)
 .comment       0x0000003c       0x3d c:/program files/microchip/xc32/v2.40/bin/bin/../../lib/gcc/pic32c/6.2.1/../../../../pic32c/lib/v7e-m/fpv4-sp/hard\libg_nano.a(lib_a-isattyr.o)
 .comment       0x0000003c       0x3d c:/program files/microchip/xc32/v2.40/bin/bin/../../lib/gcc/pic32c/6.2.1/../../../../pic32c/lib/v7e-m/fpv4-sp/hard\libg_nano.a(lib_a-locale.o)
 .comment       0x0000003c       0x3d c:/program files/microchip/xc32/v2.40/bin/bin/../../lib/gcc/pic32c/6.2.1/../../../../pic32c/lib/v7e-m/fpv4-sp/hard\libg_nano.a(lib_a-lseekr.o)
 .comment       0x0000003c       0x3d c:/program files/microchip/xc32/v2.40/bin/bin/../../lib/gcc/pic32c/6.2.1/../../../../pic32c/lib/v7e-m/fpv4-sp/hard\libg_nano.a(lib_a-mbtowc_r.o)
 .comment       0x0000003c       0x3d c:/program files/microchip/xc32/v2.40/bin/bin/../../lib/gcc/pic32c/6.2.1/../../../../pic32c/lib/v7e-m/fpv4-sp/hard\libg_nano.a(lib_a-mlock.o)
 .comment       0x0000003c       0x3d c:/program files/microchip/xc32/v2.40/bin/bin/../../lib/gcc/pic32c/6.2.1/../../../../pic32c/lib/v7e-m/fpv4-sp/hard\libg_nano.a(lib_a-readr.o)
 .comment       0x0000003c       0x3d c:/program files/microchip/xc32/v2.40/bin/bin/../../lib/gcc/pic32c/6.2.1/../../../../pic32c/lib/v7e-m/fpv4-sp/hard\libg_nano.a(lib_a-reent.o)
 .comment       0x0000003c       0x3d c:/program files/microchip/xc32/v2.40/bin/bin/../../lib/gcc/pic32c/6.2.1/../../../../pic32c/lib/v7e-m/fpv4-sp/hard\libg_nano.a(lib_a-wcrtomb.o)
 .comment       0x0000003c       0x3d c:/program files/microchip/xc32/v2.40/bin/bin/../../lib/gcc/pic32c/6.2.1/../../../../pic32c/lib/v7e-m/fpv4-sp/hard\libg_nano.a(lib_a-wctomb_r.o)
 .comment       0x0000003c       0x3d c:/program files/microchip/xc32/v2.40/bin/bin/../../lib/gcc/pic32c/6.2.1/../../../../pic32c/lib/v7e-m/fpv4-sp/hard\libg_nano.a(lib_a-ctype_.o)
 .comment       0x0000003c       0x3d c:/program files/microchip/xc32/v2.40/bin/bin/../../lib/gcc/pic32c/6.2.1/../../../../pic32c/lib/v7e-m/fpv4-sp/hard\libpic32c.a(_close.o)
 .comment       0x0000003c       0x3d c:/program files/microchip/xc32/v2.40/bin/bin/../../lib/gcc/pic32c/6.2.1/../../../../pic32c/lib/v7e-m/fpv4-sp/hard\libpic32c.a(_fstat.o)
 .comment       0x0000003c       0x3d c:/program files/microchip/xc32/v2.40/bin/bin/../../lib/gcc/pic32c/6.2.1/../../../../pic32c/lib/v7e-m/fpv4-sp/hard\libpic32c.a(_isatty.o)
 .comment       0x0000003c       0x3d c:/program files/microchip/xc32/v2.40/bin/bin/../../lib/gcc/pic32c/6.2.1/../../../../pic32c/lib/v7e-m/fpv4-sp/hard\libpic32c.a(_lseek.o)
 .comment       0x0000003c       0x3d c:/program files/microchip/xc32/v2.40/bin/bin/../../lib/gcc/pic32c/6.2.1/../../../../pic32c/lib/v7e-m/fpv4-sp/hard\libpic32c.a(_read.o)
 .comment       0x0000003c       0x3d c:/program files/microchip/xc32/v2.40/bin/bin/../../lib/gcc/pic32c/6.2.1/../../../../pic32c/lib/v7e-m/fpv4-sp/hard\libpic32c.a(sbrk.o)
 .comment       0x0000003c       0x3d c:/program files/microchip/xc32/v2.40/bin/bin/../../lib/gcc/pic32c/6.2.1/../../../../pic32c/lib/v7e-m/fpv4-sp/hard\libpic32c.a(_write.o)
 .comment       0x0000003c       0x3d c:/program files/microchip/xc32/v2.40/bin/bin/../../lib/gcc/pic32c/6.2.1/../../../../pic32c/lib/v7e-m/fpv4-sp/hard\libpic32c.a(close.o)
 .comment       0x0000003c       0x3d c:/program files/microchip/xc32/v2.40/bin/bin/../../lib/gcc/pic32c/6.2.1/../../../../pic32c/lib/v7e-m/fpv4-sp/hard\libpic32c.a(fstat.o)
 .comment       0x0000003c       0x3d c:/program files/microchip/xc32/v2.40/bin/bin/../../lib/gcc/pic32c/6.2.1/../../../../pic32c/lib/v7e-m/fpv4-sp/hard\libpic32c.a(isatty.o)
 .comment       0x0000003c       0x3d c:/program files/microchip/xc32/v2.40/bin/bin/../../lib/gcc/pic32c/6.2.1/../../../../pic32c/lib/v7e-m/fpv4-sp/hard\libpic32c.a(lseek.o)
 .comment       0x0000003c       0x3d c:/program files/microchip/xc32/v2.40/bin/bin/../../lib/gcc/pic32c/6.2.1/../../../../pic32c/lib/v7e-m/fpv4-sp/hard\libpic32c.a(read.o)
 .comment       0x0000003c       0x3d c:/program files/microchip/xc32/v2.40/bin/bin/../../lib/gcc/pic32c/6.2.1/../../../../pic32c/lib/v7e-m/fpv4-sp/hard\libpic32c.a(write.o)

.debug_info     0x00000000    0x47b82
 .debug_info    0x00000000      0x56f build/same54_xplained_pro/debug/_ext/265365281/mu_event.o
 .debug_info    0x0000056f     0x2242 build/same54_xplained_pro/debug/_ext/265365281/mu_sched.o
 .debug_info    0x000027b1      0x62c build/same54_xplained_pro/debug/_ext/265365281/mu_spscq.o
 .debug_info    0x00002ddd      0x6e3 build/same54_xplained_pro/debug/_ext/265365281/mu_task.o
 .debug_info    0x000034c0      0x7f6 build/same54_xplained_pro/debug/_ext/265365281/mu_time.o
 .debug_info    0x00003cb6     0x10f4 build/same54_xplained_pro/debug/_ext/465512950/bsp.o
 .debug_info    0x00004daa      0x8c9 build/same54_xplained_pro/debug/_ext/199192420/plib_clock.o
 .debug_info    0x00005673      0x798 build/same54_xplained_pro/debug/_ext/18086165/plib_eic.o
 .debug_info    0x00005e0b      0x38c build/same54_xplained_pro/debug/_ext/201341906/plib_evsys.o
 .debug_info    0x00006197     0x1384 build/same54_xplained_pro/debug/_ext/560952012/plib_nvic.o
 .debug_info    0x0000751b     0x1762 build/same54_xplained_pro/debug/_ext/392550042/plib_nvmctrl.o
 .debug_info    0x00008c7d      0x612 build/same54_xplained_pro/debug/_ext/554773095/plib_pm.o
 .debug_info    0x0000928f      0x855 build/same54_xplained_pro/debug/_ext/561005163/plib_port.o
 .debug_info    0x00009ae4     0x1cc0 build/same54_xplained_pro/debug/_ext/18098999/plib_rtc_timer.o
 .debug_info    0x0000b7a4     0x16d2 build/same54_xplained_pro/debug/_ext/1547227007/plib_sercom2_usart.o
 .debug_info    0x0000ce76      0x6db build/same54_xplained_pro/debug/_ext/561100223/plib_supc.o
 .debug_info    0x0000d551      0xf86 build/same54_xplained_pro/debug/_ext/697067648/xc32_monitor.o
 .debug_info    0x0000e4d7      0xfbd build/same54_xplained_pro/debug/_ext/602300742/initialization.o
 .debug_info    0x0000f494     0x2238 build/same54_xplained_pro/debug/_ext/602300742/interrupts.o
 .debug_info    0x000116cc      0xf71 build/same54_xplained_pro/debug/_ext/602300742/exceptions.o
 .debug_info    0x0001263d     0x1461 build/same54_xplained_pro/debug/_ext/602300742/startup_xc32.o
 .debug_info    0x00013a9e     0x170b build/same54_xplained_pro/debug/_ext/1947099541/tasky.o
 .debug_info    0x000151a9     0x132a build/same54_xplained_pro/debug/_ext/1947099541/mu_port.o
 .debug_info    0x000164d3      0xedb build/same54_xplained_pro/debug/_ext/1360937237/main.o
 .debug_info    0x000173ae     0x1459 build/same54_xplained_pro/debug/_ext/1947099541/button_task.o
 .debug_info    0x00018807     0x1bfa build/same54_xplained_pro/debug/_ext/1947099541/idle_task.o
 .debug_info    0x0001a401     0x1580 build/same54_xplained_pro/debug/_ext/1947099541/led_task.o
 .debug_info    0x0001b981     0x1596 build/same54_xplained_pro/debug/_ext/1947099541/screen_redraw_task.o
 .debug_info    0x0001cf17     0x1362 build/same54_xplained_pro/debug/_ext/1947099541/screen_update_task.o
 .debug_info    0x0001e279      0x2a2 c:/program files/microchip/xc32/v2.40/bin/bin/../../lib/gcc/pic32c/6.2.1/../../../../pic32c/lib/v7e-m/fpv4-sp/hard\libpic32c.a(data_init.o)
 .debug_info    0x0001e51b      0x41f c:/program files/microchip/xc32/v2.40/bin/bin/../../lib/gcc/pic32c/6.2.1/../../../../pic32c/lib/v7e-m/fpv4-sp/hard\libg_nano.a(lib_a-init.o)
 .debug_info    0x0001e93a     0x15de c:/program files/microchip/xc32/v2.40/bin/bin/../../lib/gcc/pic32c/6.2.1/../../../../pic32c/lib/v7e-m/fpv4-sp/hard\libg_nano.a(lib_a-memmove.o)
 .debug_info    0x0001ff18      0xf07 c:/program files/microchip/xc32/v2.40/bin/bin/../../lib/gcc/pic32c/6.2.1/../../../../pic32c/lib/v7e-m/fpv4-sp/hard\libg_nano.a(_lib_a-printf.cdnopsuxX.o)
 .debug_info    0x00020e1f     0x12e5 c:/program files/microchip/xc32/v2.40/bin/bin/../../lib/gcc/pic32c/6.2.1/../../../../pic32c/lib/v7e-m/fpv4-sp/hard\libg_nano.a(lib_a-puts.o)
 .debug_info    0x00022104     0x1279 c:/program files/microchip/xc32/v2.40/bin/bin/../../lib/gcc/pic32c/6.2.1/../../../../pic32c/lib/v7e-m/fpv4-sp/hard\libg_nano.a(lib_a-wbuf.o)
 .debug_info    0x0002337d     0x11f4 c:/program files/microchip/xc32/v2.40/bin/bin/../../lib/gcc/pic32c/6.2.1/../../../../pic32c/lib/v7e-m/fpv4-sp/hard\libg_nano.a(lib_a-wsetup.o)
 .debug_info    0x00024571     0x135a c:/program files/microchip/xc32/v2.40/bin/bin/../../lib/gcc/pic32c/6.2.1/../../../../pic32c/lib/v7e-m/fpv4-sp/hard\libg_nano.a(lib_a-fflush.o)
 .debug_info    0x000258cb     0x1534 c:/program files/microchip/xc32/v2.40/bin/bin/../../lib/gcc/pic32c/6.2.1/../../../../pic32c/lib/v7e-m/fpv4-sp/hard\libg_nano.a(lib_a-findfp.o)
 .debug_info    0x00026dff     0x1263 c:/program files/microchip/xc32/v2.40/bin/bin/../../lib/gcc/pic32c/6.2.1/../../../../pic32c/lib/v7e-m/fpv4-sp/hard\libg_nano.a(lib_a-fwalk.o)
 .debug_info    0x00028062      0xdef c:/program files/microchip/xc32/v2.40/bin/bin/../../lib/gcc/pic32c/6.2.1/../../../../pic32c/lib/v7e-m/fpv4-sp/hard\libg_nano.a(lib_a-impure.o)
 .debug_info    0x00028e51     0x15ab c:/program files/microchip/xc32/v2.40/bin/bin/../../lib/gcc/pic32c/6.2.1/../../../../pic32c/lib/v7e-m/fpv4-sp/hard\libg_nano.a(lib_a-makebuf.o)
 .debug_info    0x0002a3fc     0x15ae c:/program files/microchip/xc32/v2.40/bin/bin/../../lib/gcc/pic32c/6.2.1/../../../../pic32c/lib/v7e-m/fpv4-sp/hard\libg_nano.a(lib_a-memset.o)
 .debug_info    0x0002b9aa     0x11c1 c:/program files/microchip/xc32/v2.40/bin/bin/../../lib/gcc/pic32c/6.2.1/../../../../pic32c/lib/v7e-m/fpv4-sp/hard\libg_nano.a(lib_a-nano-freer.o)
 .debug_info    0x0002cb6b     0x1259 c:/program files/microchip/xc32/v2.40/bin/bin/../../lib/gcc/pic32c/6.2.1/../../../../pic32c/lib/v7e-m/fpv4-sp/hard\libg_nano.a(lib_a-nano-mallocr.o)
 .debug_info    0x0002ddc4     0x1fc6 c:/program files/microchip/xc32/v2.40/bin/bin/../../lib/gcc/pic32c/6.2.1/../../../../pic32c/lib/v7e-m/fpv4-sp/hard\libg_nano.a(_lib_a-nano-vfprintf.cdnopsuxX.o)
 .debug_info    0x0002fd8a     0x1db8 c:/program files/microchip/xc32/v2.40/bin/bin/../../lib/gcc/pic32c/6.2.1/../../../../pic32c/lib/v7e-m/fpv4-sp/hard\libg_nano.a(lib_a-nano-vfprintf_i.o)
 .debug_info    0x00031b42      0xedf c:/program files/microchip/xc32/v2.40/bin/bin/../../lib/gcc/pic32c/6.2.1/../../../../pic32c/lib/v7e-m/fpv4-sp/hard\libg_nano.a(lib_a-sbrkr.o)
 .debug_info    0x00032a21     0x1954 c:/program files/microchip/xc32/v2.40/bin/bin/../../lib/gcc/pic32c/6.2.1/../../../../pic32c/lib/v7e-m/fpv4-sp/hard\libg_nano.a(lib_a-__ssfputs.o)
 .debug_info    0x00034375     0x1422 c:/program files/microchip/xc32/v2.40/bin/bin/../../lib/gcc/pic32c/6.2.1/../../../../pic32c/lib/v7e-m/fpv4-sp/hard\libg_nano.a(lib_a-stdio.o)
 .debug_info    0x00035797      0xefe c:/program files/microchip/xc32/v2.40/bin/bin/../../lib/gcc/pic32c/6.2.1/../../../../pic32c/lib/v7e-m/fpv4-sp/hard\libg_nano.a(lib_a-writer.o)
 .debug_info    0x00036695      0xead c:/program files/microchip/xc32/v2.40/bin/bin/../../lib/gcc/pic32c/6.2.1/../../../../pic32c/lib/v7e-m/fpv4-sp/hard\libg_nano.a(lib_a-closer.o)
 .debug_info    0x00037542     0x139e c:/program files/microchip/xc32/v2.40/bin/bin/../../lib/gcc/pic32c/6.2.1/../../../../pic32c/lib/v7e-m/fpv4-sp/hard\libg_nano.a(lib_a-fputwc.o)
 .debug_info    0x000388e0     0x11a8 c:/program files/microchip/xc32/v2.40/bin/bin/../../lib/gcc/pic32c/6.2.1/../../../../pic32c/lib/v7e-m/fpv4-sp/hard\libg_nano.a(lib_a-fstatr.o)
 .debug_info    0x00039a88      0xeba c:/program files/microchip/xc32/v2.40/bin/bin/../../lib/gcc/pic32c/6.2.1/../../../../pic32c/lib/v7e-m/fpv4-sp/hard\libg_nano.a(lib_a-isattyr.o)
 .debug_info    0x0003a942     0x189e c:/program files/microchip/xc32/v2.40/bin/bin/../../lib/gcc/pic32c/6.2.1/../../../../pic32c/lib/v7e-m/fpv4-sp/hard\libg_nano.a(lib_a-locale.o)
 .debug_info    0x0003c1e0      0xee5 c:/program files/microchip/xc32/v2.40/bin/bin/../../lib/gcc/pic32c/6.2.1/../../../../pic32c/lib/v7e-m/fpv4-sp/hard\libg_nano.a(lib_a-lseekr.o)
 .debug_info    0x0003d0c5     0x1782 c:/program files/microchip/xc32/v2.40/bin/bin/../../lib/gcc/pic32c/6.2.1/../../../../pic32c/lib/v7e-m/fpv4-sp/hard\libg_nano.a(lib_a-mbtowc_r.o)
 .debug_info    0x0003e847      0x120 c:/program files/microchip/xc32/v2.40/bin/bin/../../lib/gcc/pic32c/6.2.1/../../../../pic32c/lib/v7e-m/fpv4-sp/hard\libg_nano.a(lib_a-memchr.o)
 .debug_info    0x0003e967      0xe2c c:/program files/microchip/xc32/v2.40/bin/bin/../../lib/gcc/pic32c/6.2.1/../../../../pic32c/lib/v7e-m/fpv4-sp/hard\libg_nano.a(lib_a-mlock.o)
 .debug_info    0x0003f793      0xefc c:/program files/microchip/xc32/v2.40/bin/bin/../../lib/gcc/pic32c/6.2.1/../../../../pic32c/lib/v7e-m/fpv4-sp/hard\libg_nano.a(lib_a-readr.o)
 .debug_info    0x0004068f      0xfe7 c:/program files/microchip/xc32/v2.40/bin/bin/../../lib/gcc/pic32c/6.2.1/../../../../pic32c/lib/v7e-m/fpv4-sp/hard\libg_nano.a(lib_a-reent.o)
 .debug_info    0x00041676     0x175e c:/program files/microchip/xc32/v2.40/bin/bin/../../lib/gcc/pic32c/6.2.1/../../../../pic32c/lib/v7e-m/fpv4-sp/hard\libg_nano.a(lib_a-wcrtomb.o)
 .debug_info    0x00042dd4     0x174d c:/program files/microchip/xc32/v2.40/bin/bin/../../lib/gcc/pic32c/6.2.1/../../../../pic32c/lib/v7e-m/fpv4-sp/hard\libg_nano.a(lib_a-wctomb_r.o)
 .debug_info    0x00044521     0x157f c:/program files/microchip/xc32/v2.40/bin/bin/../../lib/gcc/pic32c/6.2.1/../../../../pic32c/lib/v7e-m/fpv4-sp/hard\libg_nano.a(lib_a-ctype_.o)
 .debug_info    0x00045aa0      0x288 c:/program files/microchip/xc32/v2.40/bin/bin/../../lib/gcc/pic32c/6.2.1/../../../../pic32c/lib/v7e-m/fpv4-sp/hard\libpic32c.a(_close.o)
 .debug_info    0x00045d28      0x288 c:/program files/microchip/xc32/v2.40/bin/bin/../../lib/gcc/pic32c/6.2.1/../../../../pic32c/lib/v7e-m/fpv4-sp/hard\libpic32c.a(_fstat.o)
 .debug_info    0x00045fb0      0x28a c:/program files/microchip/xc32/v2.40/bin/bin/../../lib/gcc/pic32c/6.2.1/../../../../pic32c/lib/v7e-m/fpv4-sp/hard\libpic32c.a(_isatty.o)
 .debug_info    0x0004623a      0x288 c:/program files/microchip/xc32/v2.40/bin/bin/../../lib/gcc/pic32c/6.2.1/../../../../pic32c/lib/v7e-m/fpv4-sp/hard\libpic32c.a(_lseek.o)
 .debug_info    0x000464c2      0x286 c:/program files/microchip/xc32/v2.40/bin/bin/../../lib/gcc/pic32c/6.2.1/../../../../pic32c/lib/v7e-m/fpv4-sp/hard\libpic32c.a(_read.o)
 .debug_info    0x00046748      0x286 c:/program files/microchip/xc32/v2.40/bin/bin/../../lib/gcc/pic32c/6.2.1/../../../../pic32c/lib/v7e-m/fpv4-sp/hard\libpic32c.a(sbrk.o)
 .debug_info    0x000469ce      0x288 c:/program files/microchip/xc32/v2.40/bin/bin/../../lib/gcc/pic32c/6.2.1/../../../../pic32c/lib/v7e-m/fpv4-sp/hard\libpic32c.a(_write.o)
 .debug_info    0x00046c56      0x287 c:/program files/microchip/xc32/v2.40/bin/bin/../../lib/gcc/pic32c/6.2.1/../../../../pic32c/lib/v7e-m/fpv4-sp/hard\libpic32c.a(close.o)
 .debug_info    0x00046edd      0x287 c:/program files/microchip/xc32/v2.40/bin/bin/../../lib/gcc/pic32c/6.2.1/../../../../pic32c/lib/v7e-m/fpv4-sp/hard\libpic32c.a(fstat.o)
 .debug_info    0x00047164      0x289 c:/program files/microchip/xc32/v2.40/bin/bin/../../lib/gcc/pic32c/6.2.1/../../../../pic32c/lib/v7e-m/fpv4-sp/hard\libpic32c.a(isatty.o)
 .debug_info    0x000473ed      0x287 c:/program files/microchip/xc32/v2.40/bin/bin/../../lib/gcc/pic32c/6.2.1/../../../../pic32c/lib/v7e-m/fpv4-sp/hard\libpic32c.a(lseek.o)
 .debug_info    0x00047674      0x286 c:/program files/microchip/xc32/v2.40/bin/bin/../../lib/gcc/pic32c/6.2.1/../../../../pic32c/lib/v7e-m/fpv4-sp/hard\libpic32c.a(read.o)
 .debug_info    0x000478fa      0x288 c:/program files/microchip/xc32/v2.40/bin/bin/../../lib/gcc/pic32c/6.2.1/../../../../pic32c/lib/v7e-m/fpv4-sp/hard\libpic32c.a(write.o)

.debug_abbrev   0x00000000     0x7763
 .debug_abbrev  0x00000000       0xd6 build/same54_xplained_pro/debug/_ext/265365281/mu_event.o
 .debug_abbrev  0x000000d6      0x473 build/same54_xplained_pro/debug/_ext/265365281/mu_sched.o
 .debug_abbrev  0x00000549      0x140 build/same54_xplained_pro/debug/_ext/265365281/mu_spscq.o
 .debug_abbrev  0x00000689      0x137 build/same54_xplained_pro/debug/_ext/265365281/mu_task.o
 .debug_abbrev  0x000007c0       0xbf build/same54_xplained_pro/debug/_ext/265365281/mu_time.o
 .debug_abbrev  0x0000087f      0x1a3 build/same54_xplained_pro/debug/_ext/465512950/bsp.o
 .debug_abbrev  0x00000a22      0x114 build/same54_xplained_pro/debug/_ext/199192420/plib_clock.o
 .debug_abbrev  0x00000b36      0x186 build/same54_xplained_pro/debug/_ext/18086165/plib_eic.o
 .debug_abbrev  0x00000cbc       0x5e build/same54_xplained_pro/debug/_ext/201341906/plib_evsys.o
 .debug_abbrev  0x00000d1a      0x186 build/same54_xplained_pro/debug/_ext/560952012/plib_nvic.o
 .debug_abbrev  0x00000ea0      0x2ba build/same54_xplained_pro/debug/_ext/392550042/plib_nvmctrl.o
 .debug_abbrev  0x0000115a       0x93 build/same54_xplained_pro/debug/_ext/554773095/plib_pm.o
 .debug_abbrev  0x000011ed      0x160 build/same54_xplained_pro/debug/_ext/561005163/plib_port.o
 .debug_abbrev  0x0000134d      0x284 build/same54_xplained_pro/debug/_ext/18098999/plib_rtc_timer.o
 .debug_abbrev  0x000015d1      0x337 build/same54_xplained_pro/debug/_ext/1547227007/plib_sercom2_usart.o
 .debug_abbrev  0x00001908       0xe1 build/same54_xplained_pro/debug/_ext/561100223/plib_supc.o
 .debug_abbrev  0x000019e9      0x20a build/same54_xplained_pro/debug/_ext/697067648/xc32_monitor.o
 .debug_abbrev  0x00001bf3      0x1d6 build/same54_xplained_pro/debug/_ext/602300742/initialization.o
 .debug_abbrev  0x00001dc9      0x1a7 build/same54_xplained_pro/debug/_ext/602300742/interrupts.o
 .debug_abbrev  0x00001f70      0x196 build/same54_xplained_pro/debug/_ext/602300742/exceptions.o
 .debug_abbrev  0x00002106      0x269 build/same54_xplained_pro/debug/_ext/602300742/startup_xc32.o
 .debug_abbrev  0x0000236f      0x22c build/same54_xplained_pro/debug/_ext/1947099541/tasky.o
 .debug_abbrev  0x0000259b      0x28e build/same54_xplained_pro/debug/_ext/1947099541/mu_port.o
 .debug_abbrev  0x00002829      0x1d0 build/same54_xplained_pro/debug/_ext/1360937237/main.o
 .debug_abbrev  0x000029f9      0x28a build/same54_xplained_pro/debug/_ext/1947099541/button_task.o
 .debug_abbrev  0x00002c83      0x31a build/same54_xplained_pro/debug/_ext/1947099541/idle_task.o
 .debug_abbrev  0x00002f9d      0x236 build/same54_xplained_pro/debug/_ext/1947099541/led_task.o
 .debug_abbrev  0x000031d3      0x2cf build/same54_xplained_pro/debug/_ext/1947099541/screen_redraw_task.o
 .debug_abbrev  0x000034a2      0x22f build/same54_xplained_pro/debug/_ext/1947099541/screen_update_task.o
 .debug_abbrev  0x000036d1       0x2a c:/program files/microchip/xc32/v2.40/bin/bin/../../lib/gcc/pic32c/6.2.1/../../../../pic32c/lib/v7e-m/fpv4-sp/hard\libpic32c.a(data_init.o)
 .debug_abbrev  0x000036fb       0xa3 c:/program files/microchip/xc32/v2.40/bin/bin/../../lib/gcc/pic32c/6.2.1/../../../../pic32c/lib/v7e-m/fpv4-sp/hard\libg_nano.a(lib_a-init.o)
 .debug_abbrev  0x0000379e      0x175 c:/program files/microchip/xc32/v2.40/bin/bin/../../lib/gcc/pic32c/6.2.1/../../../../pic32c/lib/v7e-m/fpv4-sp/hard\libg_nano.a(lib_a-memmove.o)
 .debug_abbrev  0x00003913      0x196 c:/program files/microchip/xc32/v2.40/bin/bin/../../lib/gcc/pic32c/6.2.1/../../../../pic32c/lib/v7e-m/fpv4-sp/hard\libg_nano.a(_lib_a-printf.cdnopsuxX.o)
 .debug_abbrev  0x00003aa9      0x25f c:/program files/microchip/xc32/v2.40/bin/bin/../../lib/gcc/pic32c/6.2.1/../../../../pic32c/lib/v7e-m/fpv4-sp/hard\libg_nano.a(lib_a-puts.o)
 .debug_abbrev  0x00003d08      0x216 c:/program files/microchip/xc32/v2.40/bin/bin/../../lib/gcc/pic32c/6.2.1/../../../../pic32c/lib/v7e-m/fpv4-sp/hard\libg_nano.a(lib_a-wbuf.o)
 .debug_abbrev  0x00003f1e      0x1ec c:/program files/microchip/xc32/v2.40/bin/bin/../../lib/gcc/pic32c/6.2.1/../../../../pic32c/lib/v7e-m/fpv4-sp/hard\libg_nano.a(lib_a-wsetup.o)
 .debug_abbrev  0x0000410a      0x29e c:/program files/microchip/xc32/v2.40/bin/bin/../../lib/gcc/pic32c/6.2.1/../../../../pic32c/lib/v7e-m/fpv4-sp/hard\libg_nano.a(lib_a-fflush.o)
 .debug_abbrev  0x000043a8      0x2b5 c:/program files/microchip/xc32/v2.40/bin/bin/../../lib/gcc/pic32c/6.2.1/../../../../pic32c/lib/v7e-m/fpv4-sp/hard\libg_nano.a(lib_a-findfp.o)
 .debug_abbrev  0x0000465d      0x1ad c:/program files/microchip/xc32/v2.40/bin/bin/../../lib/gcc/pic32c/6.2.1/../../../../pic32c/lib/v7e-m/fpv4-sp/hard\libg_nano.a(lib_a-fwalk.o)
 .debug_abbrev  0x0000480a      0x131 c:/program files/microchip/xc32/v2.40/bin/bin/../../lib/gcc/pic32c/6.2.1/../../../../pic32c/lib/v7e-m/fpv4-sp/hard\libg_nano.a(lib_a-impure.o)
 .debug_abbrev  0x0000493b      0x268 c:/program files/microchip/xc32/v2.40/bin/bin/../../lib/gcc/pic32c/6.2.1/../../../../pic32c/lib/v7e-m/fpv4-sp/hard\libg_nano.a(lib_a-makebuf.o)
 .debug_abbrev  0x00004ba3      0x170 c:/program files/microchip/xc32/v2.40/bin/bin/../../lib/gcc/pic32c/6.2.1/../../../../pic32c/lib/v7e-m/fpv4-sp/hard\libg_nano.a(lib_a-memset.o)
 .debug_abbrev  0x00004d13      0x242 c:/program files/microchip/xc32/v2.40/bin/bin/../../lib/gcc/pic32c/6.2.1/../../../../pic32c/lib/v7e-m/fpv4-sp/hard\libg_nano.a(lib_a-nano-freer.o)
 .debug_abbrev  0x00004f55      0x281 c:/program files/microchip/xc32/v2.40/bin/bin/../../lib/gcc/pic32c/6.2.1/../../../../pic32c/lib/v7e-m/fpv4-sp/hard\libg_nano.a(lib_a-nano-mallocr.o)
 .debug_abbrev  0x000051d6      0x316 c:/program files/microchip/xc32/v2.40/bin/bin/../../lib/gcc/pic32c/6.2.1/../../../../pic32c/lib/v7e-m/fpv4-sp/hard\libg_nano.a(_lib_a-nano-vfprintf.cdnopsuxX.o)
 .debug_abbrev  0x000054ec      0x225 c:/program files/microchip/xc32/v2.40/bin/bin/../../lib/gcc/pic32c/6.2.1/../../../../pic32c/lib/v7e-m/fpv4-sp/hard\libg_nano.a(lib_a-nano-vfprintf_i.o)
 .debug_abbrev  0x00005711      0x1a8 c:/program files/microchip/xc32/v2.40/bin/bin/../../lib/gcc/pic32c/6.2.1/../../../../pic32c/lib/v7e-m/fpv4-sp/hard\libg_nano.a(lib_a-sbrkr.o)
 .debug_abbrev  0x000058b9      0x1f9 c:/program files/microchip/xc32/v2.40/bin/bin/../../lib/gcc/pic32c/6.2.1/../../../../pic32c/lib/v7e-m/fpv4-sp/hard\libg_nano.a(lib_a-__ssfputs.o)
 .debug_abbrev  0x00005ab2      0x23f c:/program files/microchip/xc32/v2.40/bin/bin/../../lib/gcc/pic32c/6.2.1/../../../../pic32c/lib/v7e-m/fpv4-sp/hard\libg_nano.a(lib_a-stdio.o)
 .debug_abbrev  0x00005cf1      0x198 c:/program files/microchip/xc32/v2.40/bin/bin/../../lib/gcc/pic32c/6.2.1/../../../../pic32c/lib/v7e-m/fpv4-sp/hard\libg_nano.a(lib_a-writer.o)
 .debug_abbrev  0x00005e89      0x193 c:/program files/microchip/xc32/v2.40/bin/bin/../../lib/gcc/pic32c/6.2.1/../../../../pic32c/lib/v7e-m/fpv4-sp/hard\libg_nano.a(lib_a-closer.o)
 .debug_abbrev  0x0000601c      0x27f c:/program files/microchip/xc32/v2.40/bin/bin/../../lib/gcc/pic32c/6.2.1/../../../../pic32c/lib/v7e-m/fpv4-sp/hard\libg_nano.a(lib_a-fputwc.o)
 .debug_abbrev  0x0000629b      0x193 c:/program files/microchip/xc32/v2.40/bin/bin/../../lib/gcc/pic32c/6.2.1/../../../../pic32c/lib/v7e-m/fpv4-sp/hard\libg_nano.a(lib_a-fstatr.o)
 .debug_abbrev  0x0000642e      0x193 c:/program files/microchip/xc32/v2.40/bin/bin/../../lib/gcc/pic32c/6.2.1/../../../../pic32c/lib/v7e-m/fpv4-sp/hard\libg_nano.a(lib_a-isattyr.o)
 .debug_abbrev  0x000065c1      0x256 c:/program files/microchip/xc32/v2.40/bin/bin/../../lib/gcc/pic32c/6.2.1/../../../../pic32c/lib/v7e-m/fpv4-sp/hard\libg_nano.a(lib_a-locale.o)
 .debug_abbrev  0x00006817      0x193 c:/program files/microchip/xc32/v2.40/bin/bin/../../lib/gcc/pic32c/6.2.1/../../../../pic32c/lib/v7e-m/fpv4-sp/hard\libg_nano.a(lib_a-lseekr.o)
 .debug_abbrev  0x000069aa      0x1be c:/program files/microchip/xc32/v2.40/bin/bin/../../lib/gcc/pic32c/6.2.1/../../../../pic32c/lib/v7e-m/fpv4-sp/hard\libg_nano.a(lib_a-mbtowc_r.o)
 .debug_abbrev  0x00006b68       0x14 c:/program files/microchip/xc32/v2.40/bin/bin/../../lib/gcc/pic32c/6.2.1/../../../../pic32c/lib/v7e-m/fpv4-sp/hard\libg_nano.a(lib_a-memchr.o)
 .debug_abbrev  0x00006b7c      0x165 c:/program files/microchip/xc32/v2.40/bin/bin/../../lib/gcc/pic32c/6.2.1/../../../../pic32c/lib/v7e-m/fpv4-sp/hard\libg_nano.a(lib_a-mlock.o)
 .debug_abbrev  0x00006ce1      0x193 c:/program files/microchip/xc32/v2.40/bin/bin/../../lib/gcc/pic32c/6.2.1/../../../../pic32c/lib/v7e-m/fpv4-sp/hard\libg_nano.a(lib_a-readr.o)
 .debug_abbrev  0x00006e74      0x1f8 c:/program files/microchip/xc32/v2.40/bin/bin/../../lib/gcc/pic32c/6.2.1/../../../../pic32c/lib/v7e-m/fpv4-sp/hard\libg_nano.a(lib_a-reent.o)
 .debug_abbrev  0x0000706c      0x1dc c:/program files/microchip/xc32/v2.40/bin/bin/../../lib/gcc/pic32c/6.2.1/../../../../pic32c/lib/v7e-m/fpv4-sp/hard\libg_nano.a(lib_a-wcrtomb.o)
 .debug_abbrev  0x00007248      0x1da c:/program files/microchip/xc32/v2.40/bin/bin/../../lib/gcc/pic32c/6.2.1/../../../../pic32c/lib/v7e-m/fpv4-sp/hard\libg_nano.a(lib_a-wctomb_r.o)
 .debug_abbrev  0x00007422      0x131 c:/program files/microchip/xc32/v2.40/bin/bin/../../lib/gcc/pic32c/6.2.1/../../../../pic32c/lib/v7e-m/fpv4-sp/hard\libg_nano.a(lib_a-ctype_.o)
 .debug_abbrev  0x00007553       0x27 c:/program files/microchip/xc32/v2.40/bin/bin/../../lib/gcc/pic32c/6.2.1/../../../../pic32c/lib/v7e-m/fpv4-sp/hard\libpic32c.a(_close.o)
 .debug_abbrev  0x0000757a       0x27 c:/program files/microchip/xc32/v2.40/bin/bin/../../lib/gcc/pic32c/6.2.1/../../../../pic32c/lib/v7e-m/fpv4-sp/hard\libpic32c.a(_fstat.o)
 .debug_abbrev  0x000075a1       0x27 c:/program files/microchip/xc32/v2.40/bin/bin/../../lib/gcc/pic32c/6.2.1/../../../../pic32c/lib/v7e-m/fpv4-sp/hard\libpic32c.a(_isatty.o)
 .debug_abbrev  0x000075c8       0x27 c:/program files/microchip/xc32/v2.40/bin/bin/../../lib/gcc/pic32c/6.2.1/../../../../pic32c/lib/v7e-m/fpv4-sp/hard\libpic32c.a(_lseek.o)
 .debug_abbrev  0x000075ef       0x27 c:/program files/microchip/xc32/v2.40/bin/bin/../../lib/gcc/pic32c/6.2.1/../../../../pic32c/lib/v7e-m/fpv4-sp/hard\libpic32c.a(_read.o)
 .debug_abbrev  0x00007616       0x2a c:/program files/microchip/xc32/v2.40/bin/bin/../../lib/gcc/pic32c/6.2.1/../../../../pic32c/lib/v7e-m/fpv4-sp/hard\libpic32c.a(sbrk.o)
 .debug_abbrev  0x00007640       0x27 c:/program files/microchip/xc32/v2.40/bin/bin/../../lib/gcc/pic32c/6.2.1/../../../../pic32c/lib/v7e-m/fpv4-sp/hard\libpic32c.a(_write.o)
 .debug_abbrev  0x00007667       0x2a c:/program files/microchip/xc32/v2.40/bin/bin/../../lib/gcc/pic32c/6.2.1/../../../../pic32c/lib/v7e-m/fpv4-sp/hard\libpic32c.a(close.o)
 .debug_abbrev  0x00007691       0x2a c:/program files/microchip/xc32/v2.40/bin/bin/../../lib/gcc/pic32c/6.2.1/../../../../pic32c/lib/v7e-m/fpv4-sp/hard\libpic32c.a(fstat.o)
 .debug_abbrev  0x000076bb       0x2a c:/program files/microchip/xc32/v2.40/bin/bin/../../lib/gcc/pic32c/6.2.1/../../../../pic32c/lib/v7e-m/fpv4-sp/hard\libpic32c.a(isatty.o)
 .debug_abbrev  0x000076e5       0x2a c:/program files/microchip/xc32/v2.40/bin/bin/../../lib/gcc/pic32c/6.2.1/../../../../pic32c/lib/v7e-m/fpv4-sp/hard\libpic32c.a(lseek.o)
 .debug_abbrev  0x0000770f       0x2a c:/program files/microchip/xc32/v2.40/bin/bin/../../lib/gcc/pic32c/6.2.1/../../../../pic32c/lib/v7e-m/fpv4-sp/hard\libpic32c.a(read.o)
 .debug_abbrev  0x00007739       0x2a c:/program files/microchip/xc32/v2.40/bin/bin/../../lib/gcc/pic32c/6.2.1/../../../../pic32c/lib/v7e-m/fpv4-sp/hard\libpic32c.a(write.o)

.debug_loc      0x00000000     0x627e
 .debug_loc     0x00000000       0x42 build/same54_xplained_pro/debug/_ext/265365281/mu_event.o
 .debug_loc     0x00000042      0xdd9 build/same54_xplained_pro/debug/_ext/265365281/mu_sched.o
 .debug_loc     0x00000e1b      0x1d5 build/same54_xplained_pro/debug/_ext/265365281/mu_spscq.o
 .debug_loc     0x00000ff0      0x1c8 build/same54_xplained_pro/debug/_ext/265365281/mu_task.o
 .debug_loc     0x000011b8      0x328 build/same54_xplained_pro/debug/_ext/265365281/mu_time.o
 .debug_loc     0x000014e0       0x9a build/same54_xplained_pro/debug/_ext/18086165/plib_eic.o
 .debug_loc     0x0000157a      0x1ad build/same54_xplained_pro/debug/_ext/560952012/plib_nvic.o
 .debug_loc     0x00001727      0x42c build/same54_xplained_pro/debug/_ext/392550042/plib_nvmctrl.o
 .debug_loc     0x00001b53       0x63 build/same54_xplained_pro/debug/_ext/561005163/plib_port.o
 .debug_loc     0x00001bb6       0xa4 build/same54_xplained_pro/debug/_ext/18098999/plib_rtc_timer.o
 .debug_loc     0x00001c5a      0x5b0 build/same54_xplained_pro/debug/_ext/1547227007/plib_sercom2_usart.o
 .debug_loc     0x0000220a       0x84 build/same54_xplained_pro/debug/_ext/561100223/plib_supc.o
 .debug_loc     0x0000228e       0xc3 build/same54_xplained_pro/debug/_ext/697067648/xc32_monitor.o
 .debug_loc     0x00002351       0x41 build/same54_xplained_pro/debug/_ext/602300742/initialization.o
 .debug_loc     0x00002392       0x34 build/same54_xplained_pro/debug/_ext/602300742/startup_xc32.o
 .debug_loc     0x000023c6       0x40 build/same54_xplained_pro/debug/_ext/1947099541/tasky.o
 .debug_loc     0x00002406      0x16c build/same54_xplained_pro/debug/_ext/1947099541/mu_port.o
 .debug_loc     0x00002572       0x20 build/same54_xplained_pro/debug/_ext/1360937237/main.o
 .debug_loc     0x00002592      0x1ef build/same54_xplained_pro/debug/_ext/1947099541/button_task.o
 .debug_loc     0x00002781      0x1a2 build/same54_xplained_pro/debug/_ext/1947099541/idle_task.o
 .debug_loc     0x00002923      0x19e build/same54_xplained_pro/debug/_ext/1947099541/led_task.o
 .debug_loc     0x00002ac1      0x266 build/same54_xplained_pro/debug/_ext/1947099541/screen_redraw_task.o
 .debug_loc     0x00002d27      0x14c build/same54_xplained_pro/debug/_ext/1947099541/screen_update_task.o
 .debug_loc     0x00002e73       0x74 c:/program files/microchip/xc32/v2.40/bin/bin/../../lib/gcc/pic32c/6.2.1/../../../../pic32c/lib/v7e-m/fpv4-sp/hard\libg_nano.a(lib_a-init.o)
 .debug_loc     0x00002ee7      0x12a c:/program files/microchip/xc32/v2.40/bin/bin/../../lib/gcc/pic32c/6.2.1/../../../../pic32c/lib/v7e-m/fpv4-sp/hard\libg_nano.a(lib_a-memmove.o)
 .debug_loc     0x00003011       0x50 c:/program files/microchip/xc32/v2.40/bin/bin/../../lib/gcc/pic32c/6.2.1/../../../../pic32c/lib/v7e-m/fpv4-sp/hard\libg_nano.a(_lib_a-printf.cdnopsuxX.o)
 .debug_loc     0x00003061      0x202 c:/program files/microchip/xc32/v2.40/bin/bin/../../lib/gcc/pic32c/6.2.1/../../../../pic32c/lib/v7e-m/fpv4-sp/hard\libg_nano.a(lib_a-puts.o)
 .debug_loc     0x00003263      0x133 c:/program files/microchip/xc32/v2.40/bin/bin/../../lib/gcc/pic32c/6.2.1/../../../../pic32c/lib/v7e-m/fpv4-sp/hard\libg_nano.a(lib_a-wbuf.o)
 .debug_loc     0x00003396       0x7a c:/program files/microchip/xc32/v2.40/bin/bin/../../lib/gcc/pic32c/6.2.1/../../../../pic32c/lib/v7e-m/fpv4-sp/hard\libg_nano.a(lib_a-wsetup.o)
 .debug_loc     0x00003410      0x2f4 c:/program files/microchip/xc32/v2.40/bin/bin/../../lib/gcc/pic32c/6.2.1/../../../../pic32c/lib/v7e-m/fpv4-sp/hard\libg_nano.a(lib_a-fflush.o)
 .debug_loc     0x00003704      0x228 c:/program files/microchip/xc32/v2.40/bin/bin/../../lib/gcc/pic32c/6.2.1/../../../../pic32c/lib/v7e-m/fpv4-sp/hard\libg_nano.a(lib_a-findfp.o)
 .debug_loc     0x0000392c      0x139 c:/program files/microchip/xc32/v2.40/bin/bin/../../lib/gcc/pic32c/6.2.1/../../../../pic32c/lib/v7e-m/fpv4-sp/hard\libg_nano.a(lib_a-fwalk.o)
 .debug_loc     0x00003a65      0x254 c:/program files/microchip/xc32/v2.40/bin/bin/../../lib/gcc/pic32c/6.2.1/../../../../pic32c/lib/v7e-m/fpv4-sp/hard\libg_nano.a(lib_a-makebuf.o)
 .debug_loc     0x00003cb9       0x4c c:/program files/microchip/xc32/v2.40/bin/bin/../../lib/gcc/pic32c/6.2.1/../../../../pic32c/lib/v7e-m/fpv4-sp/hard\libg_nano.a(lib_a-memset.o)
 .debug_loc     0x00003d05      0x141 c:/program files/microchip/xc32/v2.40/bin/bin/../../lib/gcc/pic32c/6.2.1/../../../../pic32c/lib/v7e-m/fpv4-sp/hard\libg_nano.a(lib_a-nano-freer.o)
 .debug_loc     0x00003e46      0x326 c:/program files/microchip/xc32/v2.40/bin/bin/../../lib/gcc/pic32c/6.2.1/../../../../pic32c/lib/v7e-m/fpv4-sp/hard\libg_nano.a(lib_a-nano-mallocr.o)
 .debug_loc     0x0000416c      0x7ab c:/program files/microchip/xc32/v2.40/bin/bin/../../lib/gcc/pic32c/6.2.1/../../../../pic32c/lib/v7e-m/fpv4-sp/hard\libg_nano.a(_lib_a-nano-vfprintf.cdnopsuxX.o)
 .debug_loc     0x00004917      0x5d7 c:/program files/microchip/xc32/v2.40/bin/bin/../../lib/gcc/pic32c/6.2.1/../../../../pic32c/lib/v7e-m/fpv4-sp/hard\libg_nano.a(lib_a-nano-vfprintf_i.o)
 .debug_loc     0x00004eee       0x6d c:/program files/microchip/xc32/v2.40/bin/bin/../../lib/gcc/pic32c/6.2.1/../../../../pic32c/lib/v7e-m/fpv4-sp/hard\libg_nano.a(lib_a-sbrkr.o)
 .debug_loc     0x00004f5b      0x1f2 c:/program files/microchip/xc32/v2.40/bin/bin/../../lib/gcc/pic32c/6.2.1/../../../../pic32c/lib/v7e-m/fpv4-sp/hard\libg_nano.a(lib_a-__ssfputs.o)
 .debug_loc     0x0000514d      0x2ef c:/program files/microchip/xc32/v2.40/bin/bin/../../lib/gcc/pic32c/6.2.1/../../../../pic32c/lib/v7e-m/fpv4-sp/hard\libg_nano.a(lib_a-stdio.o)
 .debug_loc     0x0000543c       0xc5 c:/program files/microchip/xc32/v2.40/bin/bin/../../lib/gcc/pic32c/6.2.1/../../../../pic32c/lib/v7e-m/fpv4-sp/hard\libg_nano.a(lib_a-writer.o)
 .debug_loc     0x00005501       0x6d c:/program files/microchip/xc32/v2.40/bin/bin/../../lib/gcc/pic32c/6.2.1/../../../../pic32c/lib/v7e-m/fpv4-sp/hard\libg_nano.a(lib_a-closer.o)
 .debug_loc     0x0000556e      0x298 c:/program files/microchip/xc32/v2.40/bin/bin/../../lib/gcc/pic32c/6.2.1/../../../../pic32c/lib/v7e-m/fpv4-sp/hard\libg_nano.a(lib_a-fputwc.o)
 .debug_loc     0x00005806       0x99 c:/program files/microchip/xc32/v2.40/bin/bin/../../lib/gcc/pic32c/6.2.1/../../../../pic32c/lib/v7e-m/fpv4-sp/hard\libg_nano.a(lib_a-fstatr.o)
 .debug_loc     0x0000589f       0x6d c:/program files/microchip/xc32/v2.40/bin/bin/../../lib/gcc/pic32c/6.2.1/../../../../pic32c/lib/v7e-m/fpv4-sp/hard\libg_nano.a(lib_a-isattyr.o)
 .debug_loc     0x0000590c      0x17b c:/program files/microchip/xc32/v2.40/bin/bin/../../lib/gcc/pic32c/6.2.1/../../../../pic32c/lib/v7e-m/fpv4-sp/hard\libg_nano.a(lib_a-locale.o)
 .debug_loc     0x00005a87       0xc5 c:/program files/microchip/xc32/v2.40/bin/bin/../../lib/gcc/pic32c/6.2.1/../../../../pic32c/lib/v7e-m/fpv4-sp/hard\libg_nano.a(lib_a-lseekr.o)
 .debug_loc     0x00005b4c      0x229 c:/program files/microchip/xc32/v2.40/bin/bin/../../lib/gcc/pic32c/6.2.1/../../../../pic32c/lib/v7e-m/fpv4-sp/hard\libg_nano.a(lib_a-mbtowc_r.o)
 .debug_loc     0x00005d75       0xc5 c:/program files/microchip/xc32/v2.40/bin/bin/../../lib/gcc/pic32c/6.2.1/../../../../pic32c/lib/v7e-m/fpv4-sp/hard\libg_nano.a(lib_a-readr.o)
 .debug_loc     0x00005e3a      0x15e c:/program files/microchip/xc32/v2.40/bin/bin/../../lib/gcc/pic32c/6.2.1/../../../../pic32c/lib/v7e-m/fpv4-sp/hard\libg_nano.a(lib_a-reent.o)
 .debug_loc     0x00005f98      0x1a8 c:/program files/microchip/xc32/v2.40/bin/bin/../../lib/gcc/pic32c/6.2.1/../../../../pic32c/lib/v7e-m/fpv4-sp/hard\libg_nano.a(lib_a-wcrtomb.o)
 .debug_loc     0x00006140      0x116 c:/program files/microchip/xc32/v2.40/bin/bin/../../lib/gcc/pic32c/6.2.1/../../../../pic32c/lib/v7e-m/fpv4-sp/hard\libg_nano.a(lib_a-wctomb_r.o)
 .debug_loc     0x00006256       0x14 c:/program files/microchip/xc32/v2.40/bin/bin/../../lib/gcc/pic32c/6.2.1/../../../../pic32c/lib/v7e-m/fpv4-sp/hard\libpic32c.a(read.o)
 .debug_loc     0x0000626a       0x14 c:/program files/microchip/xc32/v2.40/bin/bin/../../lib/gcc/pic32c/6.2.1/../../../../pic32c/lib/v7e-m/fpv4-sp/hard\libpic32c.a(write.o)

.debug_aranges  0x00000000      0xef8
 .debug_aranges
                0x00000000       0x30 build/same54_xplained_pro/debug/_ext/265365281/mu_event.o
 .debug_aranges
                0x00000030       0xf0 build/same54_xplained_pro/debug/_ext/265365281/mu_sched.o
 .debug_aranges
                0x00000120       0x58 build/same54_xplained_pro/debug/_ext/265365281/mu_spscq.o
 .debug_aranges
                0x00000178       0x48 build/same54_xplained_pro/debug/_ext/265365281/mu_task.o
 .debug_aranges
                0x000001c0       0x70 build/same54_xplained_pro/debug/_ext/265365281/mu_time.o
 .debug_aranges
                0x00000230       0x20 build/same54_xplained_pro/debug/_ext/465512950/bsp.o
 .debug_aranges
                0x00000250       0x20 build/same54_xplained_pro/debug/_ext/199192420/plib_clock.o
 .debug_aranges
                0x00000270       0x40 build/same54_xplained_pro/debug/_ext/18086165/plib_eic.o
 .debug_aranges
                0x000002b0       0x20 build/same54_xplained_pro/debug/_ext/201341906/plib_evsys.o
 .debug_aranges
                0x000002d0       0x20 build/same54_xplained_pro/debug/_ext/560952012/plib_nvic.o
 .debug_aranges
                0x000002f0       0xb0 build/same54_xplained_pro/debug/_ext/392550042/plib_nvmctrl.o
 .debug_aranges
                0x000003a0       0x58 build/same54_xplained_pro/debug/_ext/554773095/plib_pm.o
 .debug_aranges
                0x000003f8       0x60 build/same54_xplained_pro/debug/_ext/561005163/plib_port.o
 .debug_aranges
                0x00000458       0xa0 build/same54_xplained_pro/debug/_ext/18098999/plib_rtc_timer.o
 .debug_aranges
                0x000004f8       0x88 build/same54_xplained_pro/debug/_ext/1547227007/plib_sercom2_usart.o
 .debug_aranges
                0x00000580       0x40 build/same54_xplained_pro/debug/_ext/561100223/plib_supc.o
 .debug_aranges
                0x000005c0       0x28 build/same54_xplained_pro/debug/_ext/697067648/xc32_monitor.o
 .debug_aranges
                0x000005e8       0x20 build/same54_xplained_pro/debug/_ext/602300742/initialization.o
 .debug_aranges
                0x00000608       0x20 build/same54_xplained_pro/debug/_ext/602300742/interrupts.o
 .debug_aranges
                0x00000628       0x48 build/same54_xplained_pro/debug/_ext/602300742/exceptions.o
 .debug_aranges
                0x00000670       0x20 build/same54_xplained_pro/debug/_ext/602300742/startup_xc32.o
 .debug_aranges
                0x00000690       0x28 build/same54_xplained_pro/debug/_ext/1947099541/tasky.o
 .debug_aranges
                0x000006b8       0x70 build/same54_xplained_pro/debug/_ext/1947099541/mu_port.o
 .debug_aranges
                0x00000728       0x20 build/same54_xplained_pro/debug/_ext/1360937237/main.o
 .debug_aranges
                0x00000748       0x30 build/same54_xplained_pro/debug/_ext/1947099541/button_task.o
 .debug_aranges
                0x00000778       0x30 build/same54_xplained_pro/debug/_ext/1947099541/idle_task.o
 .debug_aranges
                0x000007a8       0x28 build/same54_xplained_pro/debug/_ext/1947099541/led_task.o
 .debug_aranges
                0x000007d0       0x28 build/same54_xplained_pro/debug/_ext/1947099541/screen_redraw_task.o
 .debug_aranges
                0x000007f8       0x28 build/same54_xplained_pro/debug/_ext/1947099541/screen_update_task.o
 .debug_aranges
                0x00000820       0x20 c:/program files/microchip/xc32/v2.40/bin/bin/../../lib/gcc/pic32c/6.2.1/../../../../pic32c/lib/v7e-m/fpv4-sp/hard\libpic32c.a(data_init.o)
 .debug_aranges
                0x00000840       0x20 c:/program files/microchip/xc32/v2.40/bin/bin/../../lib/gcc/pic32c/6.2.1/../../../../pic32c/lib/v7e-m/fpv4-sp/hard\libg_nano.a(lib_a-init.o)
 .debug_aranges
                0x00000860       0x20 c:/program files/microchip/xc32/v2.40/bin/bin/../../lib/gcc/pic32c/6.2.1/../../../../pic32c/lib/v7e-m/fpv4-sp/hard\libg_nano.a(lib_a-memmove.o)
 .debug_aranges
                0x00000880       0x20 c:/program files/microchip/xc32/v2.40/bin/bin/../../lib/gcc/pic32c/6.2.1/../../../../pic32c/lib/v7e-m/fpv4-sp/hard\libg_nano.a(_lib_a-printf.cdnopsuxX.o)
 .debug_aranges
                0x000008a0       0x28 c:/program files/microchip/xc32/v2.40/bin/bin/../../lib/gcc/pic32c/6.2.1/../../../../pic32c/lib/v7e-m/fpv4-sp/hard\libg_nano.a(lib_a-puts.o)
 .debug_aranges
                0x000008c8       0x28 c:/program files/microchip/xc32/v2.40/bin/bin/../../lib/gcc/pic32c/6.2.1/../../../../pic32c/lib/v7e-m/fpv4-sp/hard\libg_nano.a(lib_a-wbuf.o)
 .debug_aranges
                0x000008f0       0x20 c:/program files/microchip/xc32/v2.40/bin/bin/../../lib/gcc/pic32c/6.2.1/../../../../pic32c/lib/v7e-m/fpv4-sp/hard\libg_nano.a(lib_a-wsetup.o)
 .debug_aranges
                0x00000910       0x30 c:/program files/microchip/xc32/v2.40/bin/bin/../../lib/gcc/pic32c/6.2.1/../../../../pic32c/lib/v7e-m/fpv4-sp/hard\libg_nano.a(lib_a-fflush.o)
 .debug_aranges
                0x00000940       0x48 c:/program files/microchip/xc32/v2.40/bin/bin/../../lib/gcc/pic32c/6.2.1/../../../../pic32c/lib/v7e-m/fpv4-sp/hard\libg_nano.a(lib_a-findfp.o)
 .debug_aranges
                0x00000988       0x28 c:/program files/microchip/xc32/v2.40/bin/bin/../../lib/gcc/pic32c/6.2.1/../../../../pic32c/lib/v7e-m/fpv4-sp/hard\libg_nano.a(lib_a-fwalk.o)
 .debug_aranges
                0x000009b0       0x18 c:/program files/microchip/xc32/v2.40/bin/bin/../../lib/gcc/pic32c/6.2.1/../../../../pic32c/lib/v7e-m/fpv4-sp/hard\libg_nano.a(lib_a-impure.o)
 .debug_aranges
                0x000009c8       0x28 c:/program files/microchip/xc32/v2.40/bin/bin/../../lib/gcc/pic32c/6.2.1/../../../../pic32c/lib/v7e-m/fpv4-sp/hard\libg_nano.a(lib_a-makebuf.o)
 .debug_aranges
                0x000009f0       0x20 c:/program files/microchip/xc32/v2.40/bin/bin/../../lib/gcc/pic32c/6.2.1/../../../../pic32c/lib/v7e-m/fpv4-sp/hard\libg_nano.a(lib_a-memset.o)
 .debug_aranges
                0x00000a10       0x20 c:/program files/microchip/xc32/v2.40/bin/bin/../../lib/gcc/pic32c/6.2.1/../../../../pic32c/lib/v7e-m/fpv4-sp/hard\libg_nano.a(lib_a-nano-freer.o)
 .debug_aranges
                0x00000a30       0x20 c:/program files/microchip/xc32/v2.40/bin/bin/../../lib/gcc/pic32c/6.2.1/../../../../pic32c/lib/v7e-m/fpv4-sp/hard\libg_nano.a(lib_a-nano-mallocr.o)
 .debug_aranges
                0x00000a50       0x30 c:/program files/microchip/xc32/v2.40/bin/bin/../../lib/gcc/pic32c/6.2.1/../../../../pic32c/lib/v7e-m/fpv4-sp/hard\libg_nano.a(_lib_a-nano-vfprintf.cdnopsuxX.o)
 .debug_aranges
                0x00000a80       0x28 c:/program files/microchip/xc32/v2.40/bin/bin/../../lib/gcc/pic32c/6.2.1/../../../../pic32c/lib/v7e-m/fpv4-sp/hard\libg_nano.a(lib_a-nano-vfprintf_i.o)
 .debug_aranges
                0x00000aa8       0x20 c:/program files/microchip/xc32/v2.40/bin/bin/../../lib/gcc/pic32c/6.2.1/../../../../pic32c/lib/v7e-m/fpv4-sp/hard\libg_nano.a(lib_a-sbrkr.o)
 .debug_aranges
                0x00000ac8       0x28 c:/program files/microchip/xc32/v2.40/bin/bin/../../lib/gcc/pic32c/6.2.1/../../../../pic32c/lib/v7e-m/fpv4-sp/hard\libg_nano.a(lib_a-__ssfputs.o)
 .debug_aranges
                0x00000af0       0x40 c:/program files/microchip/xc32/v2.40/bin/bin/../../lib/gcc/pic32c/6.2.1/../../../../pic32c/lib/v7e-m/fpv4-sp/hard\libg_nano.a(lib_a-stdio.o)
 .debug_aranges
                0x00000b30       0x20 c:/program files/microchip/xc32/v2.40/bin/bin/../../lib/gcc/pic32c/6.2.1/../../../../pic32c/lib/v7e-m/fpv4-sp/hard\libg_nano.a(lib_a-writer.o)
 .debug_aranges
                0x00000b50       0x20 c:/program files/microchip/xc32/v2.40/bin/bin/../../lib/gcc/pic32c/6.2.1/../../../../pic32c/lib/v7e-m/fpv4-sp/hard\libg_nano.a(lib_a-closer.o)
 .debug_aranges
                0x00000b70       0x30 c:/program files/microchip/xc32/v2.40/bin/bin/../../lib/gcc/pic32c/6.2.1/../../../../pic32c/lib/v7e-m/fpv4-sp/hard\libg_nano.a(lib_a-fputwc.o)
 .debug_aranges
                0x00000ba0       0x20 c:/program files/microchip/xc32/v2.40/bin/bin/../../lib/gcc/pic32c/6.2.1/../../../../pic32c/lib/v7e-m/fpv4-sp/hard\libg_nano.a(lib_a-fstatr.o)
 .debug_aranges
                0x00000bc0       0x20 c:/program files/microchip/xc32/v2.40/bin/bin/../../lib/gcc/pic32c/6.2.1/../../../../pic32c/lib/v7e-m/fpv4-sp/hard\libg_nano.a(lib_a-isattyr.o)
 .debug_aranges
                0x00000be0       0x40 c:/program files/microchip/xc32/v2.40/bin/bin/../../lib/gcc/pic32c/6.2.1/../../../../pic32c/lib/v7e-m/fpv4-sp/hard\libg_nano.a(lib_a-locale.o)
 .debug_aranges
                0x00000c20       0x20 c:/program files/microchip/xc32/v2.40/bin/bin/../../lib/gcc/pic32c/6.2.1/../../../../pic32c/lib/v7e-m/fpv4-sp/hard\libg_nano.a(lib_a-lseekr.o)
 .debug_aranges
                0x00000c40       0x28 c:/program files/microchip/xc32/v2.40/bin/bin/../../lib/gcc/pic32c/6.2.1/../../../../pic32c/lib/v7e-m/fpv4-sp/hard\libg_nano.a(lib_a-mbtowc_r.o)
 .debug_aranges
                0x00000c68       0x20 c:/program files/microchip/xc32/v2.40/bin/bin/../../lib/gcc/pic32c/6.2.1/../../../../pic32c/lib/v7e-m/fpv4-sp/hard\libg_nano.a(lib_a-memchr.o)
 .debug_aranges
                0x00000c88       0x20 c:/program files/microchip/xc32/v2.40/bin/bin/../../lib/gcc/pic32c/6.2.1/../../../../pic32c/lib/v7e-m/fpv4-sp/hard\libg_nano.a(lib_a-mlock.o)
 .debug_aranges
                0x00000ca8       0x20 c:/program files/microchip/xc32/v2.40/bin/bin/../../lib/gcc/pic32c/6.2.1/../../../../pic32c/lib/v7e-m/fpv4-sp/hard\libg_nano.a(lib_a-readr.o)
 .debug_aranges
                0x00000cc8       0x28 c:/program files/microchip/xc32/v2.40/bin/bin/../../lib/gcc/pic32c/6.2.1/../../../../pic32c/lib/v7e-m/fpv4-sp/hard\libg_nano.a(lib_a-reent.o)
 .debug_aranges
                0x00000cf0       0x28 c:/program files/microchip/xc32/v2.40/bin/bin/../../lib/gcc/pic32c/6.2.1/../../../../pic32c/lib/v7e-m/fpv4-sp/hard\libg_nano.a(lib_a-wcrtomb.o)
 .debug_aranges
                0x00000d18       0x28 c:/program files/microchip/xc32/v2.40/bin/bin/../../lib/gcc/pic32c/6.2.1/../../../../pic32c/lib/v7e-m/fpv4-sp/hard\libg_nano.a(lib_a-wctomb_r.o)
 .debug_aranges
                0x00000d40       0x18 c:/program files/microchip/xc32/v2.40/bin/bin/../../lib/gcc/pic32c/6.2.1/../../../../pic32c/lib/v7e-m/fpv4-sp/hard\libg_nano.a(lib_a-ctype_.o)
 .debug_aranges
                0x00000d58       0x20 c:/program files/microchip/xc32/v2.40/bin/bin/../../lib/gcc/pic32c/6.2.1/../../../../pic32c/lib/v7e-m/fpv4-sp/hard\libpic32c.a(_close.o)
 .debug_aranges
                0x00000d78       0x20 c:/program files/microchip/xc32/v2.40/bin/bin/../../lib/gcc/pic32c/6.2.1/../../../../pic32c/lib/v7e-m/fpv4-sp/hard\libpic32c.a(_fstat.o)
 .debug_aranges
                0x00000d98       0x20 c:/program files/microchip/xc32/v2.40/bin/bin/../../lib/gcc/pic32c/6.2.1/../../../../pic32c/lib/v7e-m/fpv4-sp/hard\libpic32c.a(_isatty.o)
 .debug_aranges
                0x00000db8       0x20 c:/program files/microchip/xc32/v2.40/bin/bin/../../lib/gcc/pic32c/6.2.1/../../../../pic32c/lib/v7e-m/fpv4-sp/hard\libpic32c.a(_lseek.o)
 .debug_aranges
                0x00000dd8       0x20 c:/program files/microchip/xc32/v2.40/bin/bin/../../lib/gcc/pic32c/6.2.1/../../../../pic32c/lib/v7e-m/fpv4-sp/hard\libpic32c.a(_read.o)
 .debug_aranges
                0x00000df8       0x20 c:/program files/microchip/xc32/v2.40/bin/bin/../../lib/gcc/pic32c/6.2.1/../../../../pic32c/lib/v7e-m/fpv4-sp/hard\libpic32c.a(sbrk.o)
 .debug_aranges
                0x00000e18       0x20 c:/program files/microchip/xc32/v2.40/bin/bin/../../lib/gcc/pic32c/6.2.1/../../../../pic32c/lib/v7e-m/fpv4-sp/hard\libpic32c.a(_write.o)
 .debug_aranges
                0x00000e38       0x20 c:/program files/microchip/xc32/v2.40/bin/bin/../../lib/gcc/pic32c/6.2.1/../../../../pic32c/lib/v7e-m/fpv4-sp/hard\libpic32c.a(close.o)
 .debug_aranges
                0x00000e58       0x20 c:/program files/microchip/xc32/v2.40/bin/bin/../../lib/gcc/pic32c/6.2.1/../../../../pic32c/lib/v7e-m/fpv4-sp/hard\libpic32c.a(fstat.o)
 .debug_aranges
                0x00000e78       0x20 c:/program files/microchip/xc32/v2.40/bin/bin/../../lib/gcc/pic32c/6.2.1/../../../../pic32c/lib/v7e-m/fpv4-sp/hard\libpic32c.a(isatty.o)
 .debug_aranges
                0x00000e98       0x20 c:/program files/microchip/xc32/v2.40/bin/bin/../../lib/gcc/pic32c/6.2.1/../../../../pic32c/lib/v7e-m/fpv4-sp/hard\libpic32c.a(lseek.o)
 .debug_aranges
                0x00000eb8       0x20 c:/program files/microchip/xc32/v2.40/bin/bin/../../lib/gcc/pic32c/6.2.1/../../../../pic32c/lib/v7e-m/fpv4-sp/hard\libpic32c.a(read.o)
 .debug_aranges
                0x00000ed8       0x20 c:/program files/microchip/xc32/v2.40/bin/bin/../../lib/gcc/pic32c/6.2.1/../../../../pic32c/lib/v7e-m/fpv4-sp/hard\libpic32c.a(write.o)

.debug_ranges   0x00000000      0xda8
 .debug_ranges  0x00000000       0x20 build/same54_xplained_pro/debug/_ext/265365281/mu_event.o
 .debug_ranges  0x00000020      0x110 build/same54_xplained_pro/debug/_ext/265365281/mu_sched.o
 .debug_ranges  0x00000130       0x48 build/same54_xplained_pro/debug/_ext/265365281/mu_spscq.o
 .debug_ranges  0x00000178       0x38 build/same54_xplained_pro/debug/_ext/265365281/mu_task.o
 .debug_ranges  0x000001b0       0x60 build/same54_xplained_pro/debug/_ext/265365281/mu_time.o
 .debug_ranges  0x00000210       0x10 build/same54_xplained_pro/debug/_ext/465512950/bsp.o
 .debug_ranges  0x00000220       0x10 build/same54_xplained_pro/debug/_ext/199192420/plib_clock.o
 .debug_ranges  0x00000230       0x30 build/same54_xplained_pro/debug/_ext/18086165/plib_eic.o
 .debug_ranges  0x00000260       0x10 build/same54_xplained_pro/debug/_ext/201341906/plib_evsys.o
 .debug_ranges  0x00000270       0x10 build/same54_xplained_pro/debug/_ext/560952012/plib_nvic.o
 .debug_ranges  0x00000280       0xa0 build/same54_xplained_pro/debug/_ext/392550042/plib_nvmctrl.o
 .debug_ranges  0x00000320       0x48 build/same54_xplained_pro/debug/_ext/554773095/plib_pm.o
 .debug_ranges  0x00000368       0x50 build/same54_xplained_pro/debug/_ext/561005163/plib_port.o
 .debug_ranges  0x000003b8       0x90 build/same54_xplained_pro/debug/_ext/18098999/plib_rtc_timer.o
 .debug_ranges  0x00000448       0x78 build/same54_xplained_pro/debug/_ext/1547227007/plib_sercom2_usart.o
 .debug_ranges  0x000004c0       0x30 build/same54_xplained_pro/debug/_ext/561100223/plib_supc.o
 .debug_ranges  0x000004f0       0x18 build/same54_xplained_pro/debug/_ext/697067648/xc32_monitor.o
 .debug_ranges  0x00000508       0x10 build/same54_xplained_pro/debug/_ext/602300742/initialization.o
 .debug_ranges  0x00000518       0x10 build/same54_xplained_pro/debug/_ext/602300742/interrupts.o
 .debug_ranges  0x00000528       0x38 build/same54_xplained_pro/debug/_ext/602300742/exceptions.o
 .debug_ranges  0x00000560       0x10 build/same54_xplained_pro/debug/_ext/602300742/startup_xc32.o
 .debug_ranges  0x00000570       0x18 build/same54_xplained_pro/debug/_ext/1947099541/tasky.o
 .debug_ranges  0x00000588       0x60 build/same54_xplained_pro/debug/_ext/1947099541/mu_port.o
 .debug_ranges  0x000005e8       0x10 build/same54_xplained_pro/debug/_ext/1360937237/main.o
 .debug_ranges  0x000005f8       0x20 build/same54_xplained_pro/debug/_ext/1947099541/button_task.o
 .debug_ranges  0x00000618       0x38 build/same54_xplained_pro/debug/_ext/1947099541/idle_task.o
 .debug_ranges  0x00000650       0x18 build/same54_xplained_pro/debug/_ext/1947099541/led_task.o
 .debug_ranges  0x00000668       0x48 build/same54_xplained_pro/debug/_ext/1947099541/screen_redraw_task.o
 .debug_ranges  0x000006b0       0x18 build/same54_xplained_pro/debug/_ext/1947099541/screen_update_task.o
 .debug_ranges  0x000006c8       0x10 c:/program files/microchip/xc32/v2.40/bin/bin/../../lib/gcc/pic32c/6.2.1/../../../../pic32c/lib/v7e-m/fpv4-sp/hard\libpic32c.a(data_init.o)
 .debug_ranges  0x000006d8       0x10 c:/program files/microchip/xc32/v2.40/bin/bin/../../lib/gcc/pic32c/6.2.1/../../../../pic32c/lib/v7e-m/fpv4-sp/hard\libg_nano.a(lib_a-init.o)
 .debug_ranges  0x000006e8       0x10 c:/program files/microchip/xc32/v2.40/bin/bin/../../lib/gcc/pic32c/6.2.1/../../../../pic32c/lib/v7e-m/fpv4-sp/hard\libg_nano.a(lib_a-memmove.o)
 .debug_ranges  0x000006f8       0x10 c:/program files/microchip/xc32/v2.40/bin/bin/../../lib/gcc/pic32c/6.2.1/../../../../pic32c/lib/v7e-m/fpv4-sp/hard\libg_nano.a(_lib_a-printf.cdnopsuxX.o)
 .debug_ranges  0x00000708       0x68 c:/program files/microchip/xc32/v2.40/bin/bin/../../lib/gcc/pic32c/6.2.1/../../../../pic32c/lib/v7e-m/fpv4-sp/hard\libg_nano.a(lib_a-puts.o)
 .debug_ranges  0x00000770       0x30 c:/program files/microchip/xc32/v2.40/bin/bin/../../lib/gcc/pic32c/6.2.1/../../../../pic32c/lib/v7e-m/fpv4-sp/hard\libg_nano.a(lib_a-wbuf.o)
 .debug_ranges  0x000007a0       0x38 c:/program files/microchip/xc32/v2.40/bin/bin/../../lib/gcc/pic32c/6.2.1/../../../../pic32c/lib/v7e-m/fpv4-sp/hard\libg_nano.a(lib_a-wsetup.o)
 .debug_ranges  0x000007d8       0x68 c:/program files/microchip/xc32/v2.40/bin/bin/../../lib/gcc/pic32c/6.2.1/../../../../pic32c/lib/v7e-m/fpv4-sp/hard\libg_nano.a(lib_a-fflush.o)
 .debug_ranges  0x00000840       0x38 c:/program files/microchip/xc32/v2.40/bin/bin/../../lib/gcc/pic32c/6.2.1/../../../../pic32c/lib/v7e-m/fpv4-sp/hard\libg_nano.a(lib_a-findfp.o)
 .debug_ranges  0x00000878       0x18 c:/program files/microchip/xc32/v2.40/bin/bin/../../lib/gcc/pic32c/6.2.1/../../../../pic32c/lib/v7e-m/fpv4-sp/hard\libg_nano.a(lib_a-fwalk.o)
 .debug_ranges  0x00000890       0x30 c:/program files/microchip/xc32/v2.40/bin/bin/../../lib/gcc/pic32c/6.2.1/../../../../pic32c/lib/v7e-m/fpv4-sp/hard\libg_nano.a(lib_a-makebuf.o)
 .debug_ranges  0x000008c0       0x10 c:/program files/microchip/xc32/v2.40/bin/bin/../../lib/gcc/pic32c/6.2.1/../../../../pic32c/lib/v7e-m/fpv4-sp/hard\libg_nano.a(lib_a-memset.o)
 .debug_ranges  0x000008d0       0x10 c:/program files/microchip/xc32/v2.40/bin/bin/../../lib/gcc/pic32c/6.2.1/../../../../pic32c/lib/v7e-m/fpv4-sp/hard\libg_nano.a(lib_a-nano-freer.o)
 .debug_ranges  0x000008e0       0x58 c:/program files/microchip/xc32/v2.40/bin/bin/../../lib/gcc/pic32c/6.2.1/../../../../pic32c/lib/v7e-m/fpv4-sp/hard\libg_nano.a(lib_a-nano-mallocr.o)
 .debug_ranges  0x00000938       0xe0 c:/program files/microchip/xc32/v2.40/bin/bin/../../lib/gcc/pic32c/6.2.1/../../../../pic32c/lib/v7e-m/fpv4-sp/hard\libg_nano.a(_lib_a-nano-vfprintf.cdnopsuxX.o)
 .debug_ranges  0x00000a18       0xc8 c:/program files/microchip/xc32/v2.40/bin/bin/../../lib/gcc/pic32c/6.2.1/../../../../pic32c/lib/v7e-m/fpv4-sp/hard\libg_nano.a(lib_a-nano-vfprintf_i.o)
 .debug_ranges  0x00000ae0       0x10 c:/program files/microchip/xc32/v2.40/bin/bin/../../lib/gcc/pic32c/6.2.1/../../../../pic32c/lib/v7e-m/fpv4-sp/hard\libg_nano.a(lib_a-sbrkr.o)
 .debug_ranges  0x00000af0       0x30 c:/program files/microchip/xc32/v2.40/bin/bin/../../lib/gcc/pic32c/6.2.1/../../../../pic32c/lib/v7e-m/fpv4-sp/hard\libg_nano.a(lib_a-__ssfputs.o)
 .debug_ranges  0x00000b20       0x30 c:/program files/microchip/xc32/v2.40/bin/bin/../../lib/gcc/pic32c/6.2.1/../../../../pic32c/lib/v7e-m/fpv4-sp/hard\libg_nano.a(lib_a-stdio.o)
 .debug_ranges  0x00000b50       0x10 c:/program files/microchip/xc32/v2.40/bin/bin/../../lib/gcc/pic32c/6.2.1/../../../../pic32c/lib/v7e-m/fpv4-sp/hard\libg_nano.a(lib_a-writer.o)
 .debug_ranges  0x00000b60       0x10 c:/program files/microchip/xc32/v2.40/bin/bin/../../lib/gcc/pic32c/6.2.1/../../../../pic32c/lib/v7e-m/fpv4-sp/hard\libg_nano.a(lib_a-closer.o)
 .debug_ranges  0x00000b70       0x58 c:/program files/microchip/xc32/v2.40/bin/bin/../../lib/gcc/pic32c/6.2.1/../../../../pic32c/lib/v7e-m/fpv4-sp/hard\libg_nano.a(lib_a-fputwc.o)
 .debug_ranges  0x00000bc8       0x10 c:/program files/microchip/xc32/v2.40/bin/bin/../../lib/gcc/pic32c/6.2.1/../../../../pic32c/lib/v7e-m/fpv4-sp/hard\libg_nano.a(lib_a-fstatr.o)
 .debug_ranges  0x00000bd8       0x10 c:/program files/microchip/xc32/v2.40/bin/bin/../../lib/gcc/pic32c/6.2.1/../../../../pic32c/lib/v7e-m/fpv4-sp/hard\libg_nano.a(lib_a-isattyr.o)
 .debug_ranges  0x00000be8       0x30 c:/program files/microchip/xc32/v2.40/bin/bin/../../lib/gcc/pic32c/6.2.1/../../../../pic32c/lib/v7e-m/fpv4-sp/hard\libg_nano.a(lib_a-locale.o)
 .debug_ranges  0x00000c18       0x10 c:/program files/microchip/xc32/v2.40/bin/bin/../../lib/gcc/pic32c/6.2.1/../../../../pic32c/lib/v7e-m/fpv4-sp/hard\libg_nano.a(lib_a-lseekr.o)
 .debug_ranges  0x00000c28       0x18 c:/program files/microchip/xc32/v2.40/bin/bin/../../lib/gcc/pic32c/6.2.1/../../../../pic32c/lib/v7e-m/fpv4-sp/hard\libg_nano.a(lib_a-mbtowc_r.o)
 .debug_ranges  0x00000c40       0x10 c:/program files/microchip/xc32/v2.40/bin/bin/../../lib/gcc/pic32c/6.2.1/../../../../pic32c/lib/v7e-m/fpv4-sp/hard\libg_nano.a(lib_a-mlock.o)
 .debug_ranges  0x00000c50       0x10 c:/program files/microchip/xc32/v2.40/bin/bin/../../lib/gcc/pic32c/6.2.1/../../../../pic32c/lib/v7e-m/fpv4-sp/hard\libg_nano.a(lib_a-readr.o)
 .debug_ranges  0x00000c60       0x48 c:/program files/microchip/xc32/v2.40/bin/bin/../../lib/gcc/pic32c/6.2.1/../../../../pic32c/lib/v7e-m/fpv4-sp/hard\libg_nano.a(lib_a-reent.o)
 .debug_ranges  0x00000ca8       0x18 c:/program files/microchip/xc32/v2.40/bin/bin/../../lib/gcc/pic32c/6.2.1/../../../../pic32c/lib/v7e-m/fpv4-sp/hard\libg_nano.a(lib_a-wcrtomb.o)
 .debug_ranges  0x00000cc0       0x18 c:/program files/microchip/xc32/v2.40/bin/bin/../../lib/gcc/pic32c/6.2.1/../../../../pic32c/lib/v7e-m/fpv4-sp/hard\libg_nano.a(lib_a-wctomb_r.o)
 .debug_ranges  0x00000cd8       0x10 c:/program files/microchip/xc32/v2.40/bin/bin/../../lib/gcc/pic32c/6.2.1/../../../../pic32c/lib/v7e-m/fpv4-sp/hard\libpic32c.a(_close.o)
 .debug_ranges  0x00000ce8       0x10 c:/program files/microchip/xc32/v2.40/bin/bin/../../lib/gcc/pic32c/6.2.1/../../../../pic32c/lib/v7e-m/fpv4-sp/hard\libpic32c.a(_fstat.o)
 .debug_ranges  0x00000cf8       0x10 c:/program files/microchip/xc32/v2.40/bin/bin/../../lib/gcc/pic32c/6.2.1/../../../../pic32c/lib/v7e-m/fpv4-sp/hard\libpic32c.a(_isatty.o)
 .debug_ranges  0x00000d08       0x10 c:/program files/microchip/xc32/v2.40/bin/bin/../../lib/gcc/pic32c/6.2.1/../../../../pic32c/lib/v7e-m/fpv4-sp/hard\libpic32c.a(_lseek.o)
 .debug_ranges  0x00000d18       0x10 c:/program files/microchip/xc32/v2.40/bin/bin/../../lib/gcc/pic32c/6.2.1/../../../../pic32c/lib/v7e-m/fpv4-sp/hard\libpic32c.a(_read.o)
 .debug_ranges  0x00000d28       0x10 c:/program files/microchip/xc32/v2.40/bin/bin/../../lib/gcc/pic32c/6.2.1/../../../../pic32c/lib/v7e-m/fpv4-sp/hard\libpic32c.a(sbrk.o)
 .debug_ranges  0x00000d38       0x10 c:/program files/microchip/xc32/v2.40/bin/bin/../../lib/gcc/pic32c/6.2.1/../../../../pic32c/lib/v7e-m/fpv4-sp/hard\libpic32c.a(_write.o)
 .debug_ranges  0x00000d48       0x10 c:/program files/microchip/xc32/v2.40/bin/bin/../../lib/gcc/pic32c/6.2.1/../../../../pic32c/lib/v7e-m/fpv4-sp/hard\libpic32c.a(close.o)
 .debug_ranges  0x00000d58       0x10 c:/program files/microchip/xc32/v2.40/bin/bin/../../lib/gcc/pic32c/6.2.1/../../../../pic32c/lib/v7e-m/fpv4-sp/hard\libpic32c.a(fstat.o)
 .debug_ranges  0x00000d68       0x10 c:/program files/microchip/xc32/v2.40/bin/bin/../../lib/gcc/pic32c/6.2.1/../../../../pic32c/lib/v7e-m/fpv4-sp/hard\libpic32c.a(isatty.o)
 .debug_ranges  0x00000d78       0x10 c:/program files/microchip/xc32/v2.40/bin/bin/../../lib/gcc/pic32c/6.2.1/../../../../pic32c/lib/v7e-m/fpv4-sp/hard\libpic32c.a(lseek.o)
 .debug_ranges  0x00000d88       0x10 c:/program files/microchip/xc32/v2.40/bin/bin/../../lib/gcc/pic32c/6.2.1/../../../../pic32c/lib/v7e-m/fpv4-sp/hard\libpic32c.a(read.o)
 .debug_ranges  0x00000d98       0x10 c:/program files/microchip/xc32/v2.40/bin/bin/../../lib/gcc/pic32c/6.2.1/../../../../pic32c/lib/v7e-m/fpv4-sp/hard\libpic32c.a(write.o)

.debug_line     0x00000000     0xa486
 .debug_line    0x00000000      0x153 build/same54_xplained_pro/debug/_ext/265365281/mu_event.o
 .debug_line    0x00000153      0x44f build/same54_xplained_pro/debug/_ext/265365281/mu_sched.o
 .debug_line    0x000005a2      0x198 build/same54_xplained_pro/debug/_ext/265365281/mu_spscq.o
 .debug_line    0x0000073a      0x184 build/same54_xplained_pro/debug/_ext/265365281/mu_task.o
 .debug_line    0x000008be      0x1c4 build/same54_xplained_pro/debug/_ext/265365281/mu_time.o
 .debug_line    0x00000a82      0x20b build/same54_xplained_pro/debug/_ext/465512950/bsp.o
 .debug_line    0x00000c8d      0x1a6 build/same54_xplained_pro/debug/_ext/199192420/plib_clock.o
 .debug_line    0x00000e33      0x1e3 build/same54_xplained_pro/debug/_ext/18086165/plib_eic.o
 .debug_line    0x00001016      0x13a build/same54_xplained_pro/debug/_ext/201341906/plib_evsys.o
 .debug_line    0x00001150      0x1c8 build/same54_xplained_pro/debug/_ext/560952012/plib_nvic.o
 .debug_line    0x00001318      0x358 build/same54_xplained_pro/debug/_ext/392550042/plib_nvmctrl.o
 .debug_line    0x00001670      0x1ef build/same54_xplained_pro/debug/_ext/554773095/plib_pm.o
 .debug_line    0x0000185f      0x20b build/same54_xplained_pro/debug/_ext/561005163/plib_port.o
 .debug_line    0x00001a6a      0x36c build/same54_xplained_pro/debug/_ext/18098999/plib_rtc_timer.o
 .debug_line    0x00001dd6      0x35d build/same54_xplained_pro/debug/_ext/1547227007/plib_sercom2_usart.o
 .debug_line    0x00002133      0x1c1 build/same54_xplained_pro/debug/_ext/561100223/plib_supc.o
 .debug_line    0x000022f4      0x250 build/same54_xplained_pro/debug/_ext/697067648/xc32_monitor.o
 .debug_line    0x00002544      0x4b6 build/same54_xplained_pro/debug/_ext/602300742/initialization.o
 .debug_line    0x000029fa      0x20b build/same54_xplained_pro/debug/_ext/602300742/interrupts.o
 .debug_line    0x00002c05      0x230 build/same54_xplained_pro/debug/_ext/602300742/exceptions.o
 .debug_line    0x00002e35      0x270 build/same54_xplained_pro/debug/_ext/602300742/startup_xc32.o
 .debug_line    0x000030a5      0x301 build/same54_xplained_pro/debug/_ext/1947099541/tasky.o
 .debug_line    0x000033a6      0x311 build/same54_xplained_pro/debug/_ext/1947099541/mu_port.o
 .debug_line    0x000036b7      0x1fa build/same54_xplained_pro/debug/_ext/1360937237/main.o
 .debug_line    0x000038b1      0x2f6 build/same54_xplained_pro/debug/_ext/1947099541/button_task.o
 .debug_line    0x00003ba7      0x3b8 build/same54_xplained_pro/debug/_ext/1947099541/idle_task.o
 .debug_line    0x00003f5f      0x2d5 build/same54_xplained_pro/debug/_ext/1947099541/led_task.o
 .debug_line    0x00004234      0x2d9 build/same54_xplained_pro/debug/_ext/1947099541/screen_redraw_task.o
 .debug_line    0x0000450d      0x2b0 build/same54_xplained_pro/debug/_ext/1947099541/screen_update_task.o
 .debug_line    0x000047bd       0xd8 c:/program files/microchip/xc32/v2.40/bin/bin/../../lib/gcc/pic32c/6.2.1/../../../../pic32c/lib/v7e-m/fpv4-sp/hard\libpic32c.a(data_init.o)
 .debug_line    0x00004895      0x11d c:/program files/microchip/xc32/v2.40/bin/bin/../../lib/gcc/pic32c/6.2.1/../../../../pic32c/lib/v7e-m/fpv4-sp/hard\libg_nano.a(lib_a-init.o)
 .debug_line    0x000049b2      0x2ba c:/program files/microchip/xc32/v2.40/bin/bin/../../lib/gcc/pic32c/6.2.1/../../../../pic32c/lib/v7e-m/fpv4-sp/hard\libg_nano.a(lib_a-memmove.o)
 .debug_line    0x00004c6c      0x1c8 c:/program files/microchip/xc32/v2.40/bin/bin/../../lib/gcc/pic32c/6.2.1/../../../../pic32c/lib/v7e-m/fpv4-sp/hard\libg_nano.a(_lib_a-printf.cdnopsuxX.o)
 .debug_line    0x00004e34      0x295 c:/program files/microchip/xc32/v2.40/bin/bin/../../lib/gcc/pic32c/6.2.1/../../../../pic32c/lib/v7e-m/fpv4-sp/hard\libg_nano.a(lib_a-puts.o)
 .debug_line    0x000050c9      0x277 c:/program files/microchip/xc32/v2.40/bin/bin/../../lib/gcc/pic32c/6.2.1/../../../../pic32c/lib/v7e-m/fpv4-sp/hard\libg_nano.a(lib_a-wbuf.o)
 .debug_line    0x00005340      0x260 c:/program files/microchip/xc32/v2.40/bin/bin/../../lib/gcc/pic32c/6.2.1/../../../../pic32c/lib/v7e-m/fpv4-sp/hard\libg_nano.a(lib_a-wsetup.o)
 .debug_line    0x000055a0      0x2cc c:/program files/microchip/xc32/v2.40/bin/bin/../../lib/gcc/pic32c/6.2.1/../../../../pic32c/lib/v7e-m/fpv4-sp/hard\libg_nano.a(lib_a-fflush.o)
 .debug_line    0x0000586c      0x301 c:/program files/microchip/xc32/v2.40/bin/bin/../../lib/gcc/pic32c/6.2.1/../../../../pic32c/lib/v7e-m/fpv4-sp/hard\libg_nano.a(lib_a-findfp.o)
 .debug_line    0x00005b6d      0x265 c:/program files/microchip/xc32/v2.40/bin/bin/../../lib/gcc/pic32c/6.2.1/../../../../pic32c/lib/v7e-m/fpv4-sp/hard\libg_nano.a(lib_a-fwalk.o)
 .debug_line    0x00005dd2      0x17e c:/program files/microchip/xc32/v2.40/bin/bin/../../lib/gcc/pic32c/6.2.1/../../../../pic32c/lib/v7e-m/fpv4-sp/hard\libg_nano.a(lib_a-impure.o)
 .debug_line    0x00005f50      0x32c c:/program files/microchip/xc32/v2.40/bin/bin/../../lib/gcc/pic32c/6.2.1/../../../../pic32c/lib/v7e-m/fpv4-sp/hard\libg_nano.a(lib_a-makebuf.o)
 .debug_line    0x0000627c      0x2ae c:/program files/microchip/xc32/v2.40/bin/bin/../../lib/gcc/pic32c/6.2.1/../../../../pic32c/lib/v7e-m/fpv4-sp/hard\libg_nano.a(lib_a-memset.o)
 .debug_line    0x0000652a      0x1dc c:/program files/microchip/xc32/v2.40/bin/bin/../../lib/gcc/pic32c/6.2.1/../../../../pic32c/lib/v7e-m/fpv4-sp/hard\libg_nano.a(lib_a-nano-freer.o)