Archive member included to satisfy reference by file (symbol)

c:/program files (x86)/atmel/studio/7.0/toolchain/arm/arm-gnu-toolchain/bin/../lib/gcc/arm-none-eabi/6.3.1/thumb/v6-m\libgcc.a(_udivsi3.o)
                              hpl/core/hpl_core_m0plus_base.o (__aeabi_uidiv)
c:/program files (x86)/atmel/studio/7.0/toolchain/arm/arm-gnu-toolchain/bin/../lib/gcc/arm-none-eabi/6.3.1/thumb/v6-m\libgcc.a(_dvmd_tls.o)
                              c:/program files (x86)/atmel/studio/7.0/toolchain/arm/arm-gnu-toolchain/bin/../lib/gcc/arm-none-eabi/6.3.1/thumb/v6-m\libgcc.a(_udivsi3.o) (__aeabi_idiv0)
c:/program files (x86)/atmel/studio/7.0/toolchain/arm/arm-gnu-toolchain/bin/../lib/gcc/arm-none-eabi/6.3.1/thumb/v6-m\libgcc.a(_ffssi2.o)
                              hpl/eic/hpl_eic.o (__ffssi2)
c:/program files (x86)/atmel/studio/7.0/toolchain/arm/arm-gnu-toolchain/bin/../lib/gcc/arm-none-eabi/6.3.1/thumb/v6-m\libgcc.a(divsf3.o)
                              mu_port.o (__aeabi_fdiv)
c:/program files (x86)/atmel/studio/7.0/toolchain/arm/arm-gnu-toolchain/bin/../lib/gcc/arm-none-eabi/6.3.1/thumb/v6-m\libgcc.a(mulsf3.o)
                              mu_port.o (__aeabi_fmul)
c:/program files (x86)/atmel/studio/7.0/toolchain/arm/arm-gnu-toolchain/bin/../lib/gcc/arm-none-eabi/6.3.1/thumb/v6-m\libgcc.a(fixsfsi.o)
                              mu_port.o (__aeabi_f2iz)
c:/program files (x86)/atmel/studio/7.0/toolchain/arm/arm-gnu-toolchain/bin/../lib/gcc/arm-none-eabi/6.3.1/thumb/v6-m\libgcc.a(floatsisf.o)
                              mu_port.o (__aeabi_i2f)
c:/program files (x86)/atmel/studio/7.0/toolchain/arm/arm-gnu-toolchain/bin/../lib/gcc/arm-none-eabi/6.3.1/thumb/v6-m\libgcc.a(divdf3.o)
                              mu_port.o (__aeabi_ddiv)
c:/program files (x86)/atmel/studio/7.0/toolchain/arm/arm-gnu-toolchain/bin/../lib/gcc/arm-none-eabi/6.3.1/thumb/v6-m\libgcc.a(floatsidf.o)
                              mu_port.o (__aeabi_i2d)
c:/program files (x86)/atmel/studio/7.0/toolchain/arm/arm-gnu-toolchain/bin/../lib/gcc/arm-none-eabi/6.3.1/thumb/v6-m\libgcc.a(truncdfsf2.o)
                              mu_port.o (__aeabi_d2f)
c:/program files (x86)/atmel/studio/7.0/toolchain/arm/arm-gnu-toolchain/bin/../lib/gcc/arm-none-eabi/6.3.1/thumb/v6-m\libgcc.a(_clzsi2.o)
                              c:/program files (x86)/atmel/studio/7.0/toolchain/arm/arm-gnu-toolchain/bin/../lib/gcc/arm-none-eabi/6.3.1/thumb/v6-m\libgcc.a(divsf3.o) (__clzsi2)
c:/program files (x86)/atmel/studio/7.0/toolchain/arm/arm-gnu-toolchain/bin/../lib/gcc/arm-none-eabi/6.3.1/thumb/v6-m\libgcc.a(_ctzsi2.o)
                              c:/program files (x86)/atmel/studio/7.0/toolchain/arm/arm-gnu-toolchain/bin/../lib/gcc/arm-none-eabi/6.3.1/thumb/v6-m\libgcc.a(_ffssi2.o) (__ctzsi2)
c:/program files (x86)/atmel/studio/7.0/toolchain/arm/arm-gnu-toolchain/bin/../lib/gcc/arm-none-eabi/6.3.1/../../../../arm-none-eabi/lib/thumb/v6-m\libc_nano.a(lib_a-exit.o)
                              c:/program files (x86)/atmel/studio/7.0/toolchain/arm/arm-gnu-toolchain/bin/../lib/gcc/arm-none-eabi/6.3.1/../../../../arm-none-eabi/lib/thumb/v6-m/crt0.o (exit)
c:/program files (x86)/atmel/studio/7.0/toolchain/arm/arm-gnu-toolchain/bin/../lib/gcc/arm-none-eabi/6.3.1/../../../../arm-none-eabi/lib/thumb/v6-m\libc_nano.a(lib_a-impure.o)
                              c:/program files (x86)/atmel/studio/7.0/toolchain/arm/arm-gnu-toolchain/bin/../lib/gcc/arm-none-eabi/6.3.1/../../../../arm-none-eabi/lib/thumb/v6-m\libc_nano.a(lib_a-exit.o) (_global_impure_ptr)
c:/program files (x86)/atmel/studio/7.0/toolchain/arm/arm-gnu-toolchain/bin/../lib/gcc/arm-none-eabi/6.3.1/../../../../arm-none-eabi/lib/thumb/v6-m\libc_nano.a(lib_a-init.o)
                              c:/program files (x86)/atmel/studio/7.0/toolchain/arm/arm-gnu-toolchain/bin/../lib/gcc/arm-none-eabi/6.3.1/../../../../arm-none-eabi/lib/thumb/v6-m/crt0.o (__libc_init_array)
c:/program files (x86)/atmel/studio/7.0/toolchain/arm/arm-gnu-toolchain/bin/../lib/gcc/arm-none-eabi/6.3.1/../../../../arm-none-eabi/lib/thumb/v6-m\libc_nano.a(lib_a-memcpy-stub.o)
                              mulib/core/mu_sched.o (memcpy)
c:/program files (x86)/atmel/studio/7.0/toolchain/arm/arm-gnu-toolchain/bin/../lib/gcc/arm-none-eabi/6.3.1/../../../../arm-none-eabi/lib/thumb/v6-m\libc_nano.a(lib_a-memmove.o)
                              mulib/core/mu_pstore.o (memmove)
c:/program files (x86)/atmel/studio/7.0/toolchain/arm/arm-gnu-toolchain/bin/../lib/gcc/arm-none-eabi/6.3.1/../../../../arm-none-eabi/lib/thumb/v6-m\libc_nano.a(lib_a-memset.o)
                              c:/program files (x86)/atmel/studio/7.0/toolchain/arm/arm-gnu-toolchain/bin/../lib/gcc/arm-none-eabi/6.3.1/../../../../arm-none-eabi/lib/thumb/v6-m/crt0.o (memset)
c:/program files (x86)/atmel/studio/7.0/toolchain/arm/arm-gnu-toolchain/bin/../lib/gcc/arm-none-eabi/6.3.1/../../../../arm-none-eabi/lib/thumb/v6-m\libc_nano.a(lib_a-printf.o)
[...]
Memory Configuration

Name             Origin             Length             Attributes
rom              0x00000000         0x00040000         xr
ram              0x20000000         0x00008000         xrw
*default*        0x00000000         0xffffffff

Linker script and memory map

LOAD c:/program files (x86)/atmel/studio/7.0/toolchain/arm/arm-gnu-toolchain/bin/../lib/gcc/arm-none-eabi/6.3.1/thumb/v6-m/crti.o
LOAD c:/program files (x86)/atmel/studio/7.0/toolchain/arm/arm-gnu-toolchain/bin/../lib/gcc/arm-none-eabi/6.3.1/thumb/v6-m/crtbegin.o
LOAD c:/program files (x86)/atmel/studio/7.0/toolchain/arm/arm-gnu-toolchain/bin/../lib/gcc/arm-none-eabi/6.3.1/../../../../arm-none-eabi/lib/thumb/v6-m/crt0.o
LOAD mulib/core/mu_bitvec.o
LOAD mulib/core/mu_list.o
LOAD mulib/core/mu_log.o
LOAD mulib/core/mu_pstore.o
LOAD mulib/core/mu_queue.o
LOAD mulib/core/mu_sched.o
LOAD mulib/core/mu_spscq.o
LOAD mulib/core/mu_str.o
LOAD mulib/core/mu_substr.o
LOAD mulib/core/mu_task.o
LOAD mulib/core/mu_time.o
LOAD mulib/core/mu_vect.o
LOAD mulib/core/mu_version.o
LOAD atmel_start.o
LOAD mulib_blinky.o
LOAD button_task.o
LOAD Device_Startup/startup_samd21.o
LOAD Device_Startup/system_samd21.o
LOAD driver_init.o
LOAD examples/driver_examples.o
LOAD hal/src/hal_atomic.o
LOAD hal/src/hal_calendar.o
LOAD hal/src/hal_delay.o
LOAD hal/src/hal_ext_irq.o
LOAD hal/src/hal_gpio.o
LOAD hal/src/hal_init.o
LOAD hal/src/hal_io.o
LOAD hal/src/hal_sleep.o
LOAD hal/utils/src/utils_assert.o
LOAD hal/utils/src/utils_event.o
LOAD hal/utils/src/utils_list.o
LOAD hal/utils/src/utils_syscalls.o
LOAD hpl/core/hpl_core_m0plus_base.o
LOAD hpl/core/hpl_init.o
LOAD hpl/dmac/hpl_dmac.o
LOAD hpl/eic/hpl_eic.o
LOAD hpl/gclk/hpl_gclk.o
LOAD hpl/pm/hpl_pm.o
LOAD hpl/rtc/hpl_rtc.o
LOAD hpl/sysctrl/hpl_sysctrl.o
LOAD hpl/usart/usart_lite.o
LOAD led_task.o
LOAD main.o
LOAD mu_port.o
START GROUP
LOAD c:/program files (x86)/atmel/studio/7.0/toolchain/arm/arm-gnu-toolchain/bin/../lib/gcc/arm-none-eabi/6.3.1/../../../../arm-none-eabi/lib/thumb/v6-m\libm.a
END GROUP
START GROUP
LOAD c:/program files (x86)/atmel/studio/7.0/toolchain/arm/arm-gnu-toolchain/bin/../lib/gcc/arm-none-eabi/6.3.1/thumb/v6-m\libgcc.a
LOAD c:/program files (x86)/atmel/studio/7.0/toolchain/arm/arm-gnu-toolchain/bin/../lib/gcc/arm-none-eabi/6.3.1/../../../../arm-none-eabi/lib/thumb/v6-m\libc_nano.a
END GROUP
START GROUP
LOAD c:/program files (x86)/atmel/studio/7.0/toolchain/arm/arm-gnu-toolchain/bin/../lib/gcc/arm-none-eabi/6.3.1/thumb/v6-m\libgcc.a
LOAD c:/program files (x86)/atmel/studio/7.0/toolchain/arm/arm-gnu-toolchain/bin/../lib/gcc/arm-none-eabi/6.3.1/../../../../arm-none-eabi/lib/thumb/v6-m\libc_nano.a
END GROUP
LOAD c:/program files (x86)/atmel/studio/7.0/toolchain/arm/arm-gnu-toolchain/bin/../lib/gcc/arm-none-eabi/6.3.1/thumb/v6-m/crtend.o
LOAD c:/program files (x86)/atmel/studio/7.0/toolchain/arm/arm-gnu-toolchain/bin/../lib/gcc/arm-none-eabi/6.3.1/thumb/v6-m/crtn.o
                0x00002000                STACK_SIZE = DEFINED (STACK_SIZE)?STACK_SIZE:DEFINED (__stack_size__)?__stack_size__:0x2000

.text           0x00000000     0x219c
                0x00000000                . = ALIGN (0x4)
                0x00000000                _sfixed = .
 *(.vectors .vectors.*)
 .vectors       0x00000000       0xb4 Device_Startup/startup_samd21.o
                0x00000000                exception_table
 *(.text .text.* .gnu.linkonce.t.*)
 .text          0x000000b4       0x60 c:/program files (x86)/atmel/studio/7.0/toolchain/arm/arm-gnu-toolchain/bin/../lib/gcc/arm-none-eabi/6.3.1/thumb/v6-m/crtbegin.o
 .text.default_idle_fn
                0x00000114        0x2 mulib/core/mu_sched.o
 *fill*         0x00000116        0x2 
 .text.sched_task_at
                0x00000118       0x90 mulib/core/mu_sched.o
 .text.mu_sched_reset
                0x000001a8       0x18 mulib/core/mu_sched.o
                0x000001a8                mu_sched_reset
 .text.mu_sched_init
                0x000001c0       0x3c mulib/core/mu_sched.o
                0x000001c0                mu_sched_init
 .text.mu_sched_get_current_time
                0x000001fc        0x8 mulib/core/mu_sched.o
                0x000001fc                mu_sched_get_current_time
 .text.mu_sched_get_next_event
                0x00000204       0x1c mulib/core/mu_sched.o
                0x00000204                mu_sched_get_next_event
 .text.mu_sched_step
                0x00000220       0x8c mulib/core/mu_sched.o
                0x00000220                mu_sched_step
 .text.mu_sched_task_now
                0x000002ac       0x20 mulib/core/mu_sched.o
                0x000002ac                mu_sched_task_now
 .text.mu_sched_reschedule_in
                0x000002cc       0x34 mulib/core/mu_sched.o
                0x000002cc                mu_sched_reschedule_in
 .text.mu_sched_task_from_isr
                0x00000300       0x18 mulib/core/mu_sched.o
                0x00000300                mu_sched_task_from_isr
 .text.mu_spscq_init
                0x00000318       0x1e mulib/core/mu_spscq.o
                0x00000318                mu_spscq_init
 .text.mu_spscq_reset
                0x00000336        0xa mulib/core/mu_spscq.o
                0x00000336                mu_spscq_reset
 .text.mu_spscq_is_full
                0x00000340       0x14 mulib/core/mu_spscq.o
                0x00000340                mu_spscq_is_full
 .text.mu_spscq_put
                0x00000354       0x30 mulib/core/mu_spscq.o
                0x00000354                mu_spscq_put
 .text.mu_spscq_get
                0x00000384       0x2a mulib/core/mu_spscq.o
                0x00000384                mu_spscq_get
 .text.mu_task_init
                0x000003ae       0x10 mulib/core/mu_task.o
                0x000003ae                mu_task_init
 *fill*         0x000003be        0x2 
 .text.mu_task_call
                0x000003c0       0x40 mulib/core/mu_task.o
                0x000003c0                mu_task_call
 .text.mu_time_offset
                0x00000400        0xc mulib/core/mu_time.o
                0x00000400                mu_time_offset
 .text.mu_time_difference
                0x0000040c        0xc mulib/core/mu_time.o
                0x0000040c                mu_time_difference
 .text.mu_time_precedes
                0x00000418        0xc mulib/core/mu_time.o
                0x00000418                mu_time_precedes
 .text.mu_time_follows
                0x00000424       0x14 mulib/core/mu_time.o
                0x00000424                mu_time_follows
 .text.mu_time_now
                0x00000438        0xc mulib/core/mu_time.o
                0x00000438                mu_time_now
 .text.atmel_start_init
                0x00000444        0xc atmel_start.o
                0x00000444                atmel_start_init
 .text.mulib_blinky_init
                0x00000450       0x90 mulib_blinky.o
                0x00000450                mulib_blinky_init
 .text.mulib_blinky_step
                0x000004e0       0x14 mulib_blinky.o
                0x000004e0                mulib_blinky_step
 .text.button_task_fn
                0x000004f4       0x20 button_task.o
 .text.button_cb
                0x00000514       0x18 button_task.o
 .text.button_task_init
                0x0000052c       0x3c button_task.o
                0x0000052c                button_task_init
 .text.Dummy_Handler
                0x00000568        0x2 Device_Startup/startup_samd21.o
                0x00000568                SVCall_Handler
                0x00000568                DMAC_Handler
                0x00000568                HardFault_Handler
                0x00000568                AC_Handler
                0x00000568                SysTick_Handler
                0x00000568                PendSV_Handler
                0x00000568                TC7_Handler
                0x00000568                SERCOM1_Handler
                0x00000568                ADC_Handler
                0x00000568                NonMaskableInt_Handler
                0x00000568                TCC1_Handler
                0x00000568                SERCOM2_Handler
                0x00000568                TCC0_Handler
                0x00000568                TC6_Handler
                0x00000568                WDT_Handler
                0x00000568                TC4_Handler
                0x00000568                USB_Handler
                0x00000568                TC3_Handler
                0x00000568                Dummy_Handler
                0x00000568                PM_Handler
                0x00000568                SERCOM5_Handler
                0x00000568                TCC2_Handler
                0x00000568                EVSYS_Handler
                0x00000568                SERCOM3_Handler
                0x00000568                SERCOM4_Handler
                0x00000568                I2S_Handler
                0x00000568                NVMCTRL_Handler
                0x00000568                SERCOM0_Handler
                0x00000568                DAC_Handler
                0x00000568                PTC_Handler
                0x00000568                TC5_Handler
                0x00000568                SYSCTRL_Handler
 *fill*         0x0000056a        0x2 
 .text.Reset_Handler
                0x0000056c       0xe4 Device_Startup/startup_samd21.o
                0x0000056c                Reset_Handler
 .text.EXTERNAL_IRQ_0_init
                0x00000650       0x60 driver_init.o
                0x00000650                EXTERNAL_IRQ_0_init
 .text.USART_0_CLOCK_init
                0x000006b0       0x20 driver_init.o
                0x000006b0                USART_0_CLOCK_init
 .text.USART_0_PORT_init
                0x000006d0       0x40 driver_init.o
                0x000006d0                USART_0_PORT_init
 .text.CALENDAR_0_CLOCK_init
                0x00000710       0x20 driver_init.o
                0x00000710                CALENDAR_0_CLOCK_init
 .text.CALENDAR_0_init
                0x00000730       0x20 driver_init.o
                0x00000730                CALENDAR_0_init
 .text.system_init
                0x00000750       0x60 driver_init.o
                0x00000750                system_init
 .text.calendar_init
                0x000007b0       0x48 hal/src/hal_calendar.o
                0x000007b0                calendar_init
 .text.calendar_enable
                0x000007f8       0x2c hal/src/hal_calendar.o
                0x000007f8                calendar_enable
 .text.process_ext_irq
                0x00000824       0x38 hal/src/hal_ext_irq.o
 .text.ext_irq_init
                0x0000085c       0x24 hal/src/hal_ext_irq.o
                0x0000085c                ext_irq_init
 .text.ext_irq_register
                0x00000880       0x48 hal/src/hal_ext_irq.o
                0x00000880                ext_irq_register
 .text.assert   0x000008c8        0x8 hal/utils/src/utils_assert.o
                0x000008c8                assert
 .text._sbrk    0x000008d0       0x24 hal/utils/src/utils_syscalls.o
                0x000008d0                _sbrk
 .text._close   0x000008f4        0x6 hal/utils/src/utils_syscalls.o
                0x000008f4                _close
 .text._fstat   0x000008fa        0xa hal/utils/src/utils_syscalls.o
                0x000008fa                _fstat
 .text._isatty  0x00000904        0x4 hal/utils/src/utils_syscalls.o
                0x00000904                _isatty
 .text._lseek   0x00000908        0x4 hal/utils/src/utils_syscalls.o
                0x00000908                _lseek
 .text._init_chip
                0x0000090c       0x30 hpl/core/hpl_init.o
                0x0000090c                _init_chip
 .text._ext_irq_init
                0x0000093c       0x98 hpl/eic/hpl_eic.o
                0x0000093c                _ext_irq_init
 .text._ext_irq_enable
                0x000009d4       0x2c hpl/eic/hpl_eic.o
                0x000009d4                _ext_irq_enable
 .text.EIC_Handler
                0x00000a00       0xe8 hpl/eic/hpl_eic.o
                0x00000a00                EIC_Handler
 .text._gclk_init_generators_by_fref
                0x00000ae8       0x3c hpl/gclk/hpl_gclk.o
                0x00000ae8                _gclk_init_generators_by_fref
 .text._pm_init
                0x00000b24       0x20 hpl/pm/hpl_pm.o
                0x00000b24                _pm_init
 .text._calendar_init
                0x00000b44       0x8c hpl/rtc/hpl_rtc.o
                0x00000b44                _calendar_init
 .text._calendar_enable
                0x00000bd0       0x38 hpl/rtc/hpl_rtc.o
                0x00000bd0                _calendar_enable
 .text.RTC_Handler
                0x00000c08       0x24 hpl/rtc/hpl_rtc.o
                0x00000c08                RTC_Handler
 .text._sysctrl_init_sources
                0x00000c2c       0x44 hpl/sysctrl/hpl_sysctrl.o
                0x00000c2c                _sysctrl_init_sources
 .text._sysctrl_init_referenced_generators
                0x00000c70       0x10 hpl/sysctrl/hpl_sysctrl.o
                0x00000c70                _sysctrl_init_referenced_generators
 .text.USART_0_init
                0x00000c80       0xd8 hpl/usart/usart_lite.o
                0x00000c80                USART_0_init
 .text.USART_0_read_byte
                0x00000d58        0xc hpl/usart/usart_lite.o
                0x00000d58                USART_0_read_byte
 .text.USART_0_write_byte
                0x00000d64        0xc hpl/usart/usart_lite.o
                0x00000d64                USART_0_write_byte
 .text.USART_0_is_byte_sent
                0x00000d70       0x10 hpl/usart/usart_lite.o
                0x00000d70                USART_0_is_byte_sent
 .text.USART_0_is_byte_received
                0x00000d80       0x10 hpl/usart/usart_lite.o
                0x00000d80                USART_0_is_byte_received
 .text.led_task_fn
                0x00000d90       0x48 led_task.o
 .text.led_task_init
                0x00000dd8       0x24 led_task.o
                0x00000dd8                led_task_init
 .text.main     0x00000dfc       0x1c main.o
                0x00000dfc                main
 .text.mu_port_init
                0x00000e18       0x20 mu_port.o
                0x00000e18                mu_port_init
 .text.mu_port_time_offset
                0x00000e38        0x4 mu_port.o
                0x00000e38                mu_port_time_offset
 .text.mu_port_time_difference
                0x00000e3c        0x4 mu_port.o
                0x00000e3c                mu_port_time_difference
 .text.mu_port_time_precedes
                0x00000e40        0x6 mu_port.o
                0x00000e40                mu_port_time_precedes
 *fill*         0x00000e46        0x2 
 .text.mu_port_time_now
                0x00000e48       0x14 mu_port.o
                0x00000e48                mu_port_time_now
 .text._write   0x00000e5c       0x38 mu_port.o
                0x00000e5c                _write
 .text._read    0x00000e94       0x38 mu_port.o
                0x00000e94                _read
 .text          0x00000ecc      0x114 c:/program files (x86)/atmel/studio/7.0/toolchain/arm/arm-gnu-toolchain/bin/../lib/gcc/arm-none-eabi/6.3.1/thumb/v6-m\libgcc.a(_udivsi3.o)
                0x00000ecc                __aeabi_uidiv
                0x00000ecc                __udivsi3
                0x00000fd8                __aeabi_uidivmod
 .text          0x00000fe0        0x4 c:/program files (x86)/atmel/studio/7.0/toolchain/arm/arm-gnu-toolchain/bin/../lib/gcc/arm-none-eabi/6.3.1/thumb/v6-m\libgcc.a(_dvmd_tls.o)
                0x00000fe0                __aeabi_idiv0
                0x00000fe0                __aeabi_ldiv0
 .text          0x00000fe4       0x14 c:/program files (x86)/atmel/studio/7.0/toolchain/arm/arm-gnu-toolchain/bin/../lib/gcc/arm-none-eabi/6.3.1/thumb/v6-m\libgcc.a(_ffssi2.o)
                0x00000fe4                __ffssi2
 .text          0x00000ff8       0x40 c:/program files (x86)/atmel/studio/7.0/toolchain/arm/arm-gnu-toolchain/bin/../lib/gcc/arm-none-eabi/6.3.1/thumb/v6-m\libgcc.a(_ctzsi2.o)
                0x00000ff8                __ctzsi2
 .text.__libc_init_array
                0x00001038       0x48 c:/program files (x86)/atmel/studio/7.0/toolchain/arm/arm-gnu-toolchain/bin/../lib/gcc/arm-none-eabi/6.3.1/../../../../arm-none-eabi/lib/thumb/v6-m\libc_nano.a(lib_a-init.o)
                0x00001038                __libc_init_array
 .text.memcpy   0x00001080       0x12 c:/program files (x86)/atmel/studio/7.0/toolchain/arm/arm-gnu-toolchain/bin/../lib/gcc/arm-none-eabi/6.3.1/../../../../arm-none-eabi/lib/thumb/v6-m\libc_nano.a(lib_a-memcpy-stub.o)
                0x00001080                memcpy
 .text.memmove  0x00001092       0x24 c:/program files (x86)/atmel/studio/7.0/toolchain/arm/arm-gnu-toolchain/bin/../lib/gcc/arm-none-eabi/6.3.1/../../../../arm-none-eabi/lib/thumb/v6-m\libc_nano.a(lib_a-memmove.o)
                0x00001092                memmove
 .text.memset   0x000010b6       0x10 c:/program files (x86)/atmel/studio/7.0/toolchain/arm/arm-gnu-toolchain/bin/../lib/gcc/arm-none-eabi/6.3.1/../../../../arm-none-eabi/lib/thumb/v6-m\libc_nano.a(lib_a-memset.o)
                0x000010b6                memset
 *fill*         0x000010c6        0x2 
 .text.printf   0x000010c8       0x34 c:/program files (x86)/atmel/studio/7.0/toolchain/arm/arm-gnu-toolchain/bin/../lib/gcc/arm-none-eabi/6.3.1/../../../../arm-none-eabi/lib/thumb/v6-m\libc_nano.a(lib_a-printf.o)
                0x000010c8                iprintf
                0x000010c8                printf
 .text._puts_r  0x000010fc       0xc0 c:/program files (x86)/atmel/studio/7.0/toolchain/arm/arm-gnu-toolchain/bin/../lib/gcc/arm-none-eabi/6.3.1/../../../../arm-none-eabi/lib/thumb/v6-m\libc_nano.a(lib_a-puts.o)
                0x000010fc                _puts_r
 .text.puts     0x000011bc       0x14 c:/program files (x86)/atmel/studio/7.0/toolchain/arm/arm-gnu-toolchain/bin/../lib/gcc/arm-none-eabi/6.3.1/../../../../arm-none-eabi/lib/thumb/v6-m\libc_nano.a(lib_a-puts.o)
                0x000011bc                puts
 .text.__swbuf_r
                0x000011d0       0xac c:/program files (x86)/atmel/studio/7.0/toolchain/arm/arm-gnu-toolchain/bin/../lib/gcc/arm-none-eabi/6.3.1/../../../../arm-none-eabi/lib/thumb/v6-m\libc_nano.a(lib_a-wbuf.o)
                0x000011d0                __swbuf_r
 .text.__swsetup_r
                0x0000127c       0xec c:/program files (x86)/atmel/studio/7.0/toolchain/arm/arm-gnu-toolchain/bin/../lib/gcc/arm-none-eabi/6.3.1/../../../../arm-none-eabi/lib/thumb/v6-m\libc_nano.a(lib_a-wsetup.o)
                0x0000127c                __swsetup_r
 .text.__sflush_r
                0x00001368      0x114 c:/program files (x86)/atmel/studio/7.0/toolchain/arm/arm-gnu-toolchain/bin/../lib/gcc/arm-none-eabi/6.3.1/../../../../arm-none-eabi/lib/thumb/v6-m\libc_nano.a(lib_a-fflush.o)
                0x00001368                __sflush_r
 .text._fflush_r
                0x0000147c       0x58 c:/program files (x86)/atmel/studio/7.0/toolchain/arm/arm-gnu-toolchain/bin/../lib/gcc/arm-none-eabi/6.3.1/../../../../arm-none-eabi/lib/thumb/v6-m\libc_nano.a(lib_a-fflush.o)
                0x0000147c                _fflush_r
 .text._cleanup_r
                0x000014d4       0x10 c:/program files (x86)/atmel/studio/7.0/toolchain/arm/arm-gnu-toolchain/bin/../lib/gcc/arm-none-eabi/6.3.1/../../../../arm-none-eabi/lib/thumb/v6-m\libc_nano.a(lib_a-findfp.o)
                0x000014d4                _cleanup_r
 .text.std.isra.0
                0x000014e4       0x48 c:/program files (x86)/atmel/studio/7.0/toolchain/arm/arm-gnu-toolchain/bin/../lib/gcc/arm-none-eabi/6.3.1/../../../../arm-none-eabi/lib/thumb/v6-m\libc_nano.a(lib_a-findfp.o)
 .text.__sfmoreglue
                0x0000152c       0x2c c:/program files (x86)/atmel/studio/7.0/toolchain/arm/arm-gnu-toolchain/bin/../lib/gcc/arm-none-eabi/6.3.1/../../../../arm-none-eabi/lib/thumb/v6-m\libc_nano.a(lib_a-findfp.o)
                0x0000152c                __sfmoreglue
 .text.__sinit  0x00001558       0x68 c:/program files (x86)/atmel/studio/7.0/toolchain/arm/arm-gnu-toolchain/bin/../lib/gcc/arm-none-eabi/6.3.1/../../../../arm-none-eabi/lib/thumb/v6-m\libc_nano.a(lib_a-findfp.o)
                0x00001558                __sinit
 .text.__sfp    0x000015c0       0x80 c:/program files (x86)/atmel/studio/7.0/toolchain/arm/arm-gnu-toolchain/bin/../lib/gcc/arm-none-eabi/6.3.1/../../../../arm-none-eabi/lib/thumb/v6-m\libc_nano.a(lib_a-findfp.o)
                0x000015c0                __sfp
 .text._fwalk_reent
                0x00001640       0x42 c:/program files (x86)/atmel/studio/7.0/toolchain/arm/arm-gnu-toolchain/bin/../lib/gcc/arm-none-eabi/6.3.1/../../../../arm-none-eabi/lib/thumb/v6-m\libc_nano.a(lib_a-fwalk.o)
                0x00001640                _fwalk_reent
 *fill*         0x00001682        0x2 
 .text.__swhatbuf_r
                0x00001684       0x50 c:/program files (x86)/atmel/studio/7.0/toolchain/arm/arm-gnu-toolchain/bin/../lib/gcc/arm-none-eabi/6.3.1/../../../../arm-none-eabi/lib/thumb/v6-m\libc_nano.a(lib_a-makebuf.o)
                0x00001684                __swhatbuf_r
 .text.__smakebuf_r
                0x000016d4       0x88 c:/program files (x86)/atmel/studio/7.0/toolchain/arm/arm-gnu-toolchain/bin/../lib/gcc/arm-none-eabi/6.3.1/../../../../arm-none-eabi/lib/thumb/v6-m\libc_nano.a(lib_a-makebuf.o)
                0x000016d4                __smakebuf_r
 .text._free_r  0x0000175c       0x94 c:/program files (x86)/atmel/studio/7.0/toolchain/arm/arm-gnu-toolchain/bin/../lib/gcc/arm-none-eabi/6.3.1/../../../../arm-none-eabi/lib/thumb/v6-m\libc_nano.a(lib_a-nano-freer.o)
                0x0000175c                _free_r
 .text._malloc_r
                0x000017f0       0xbc c:/program files (x86)/atmel/studio/7.0/toolchain/arm/arm-gnu-toolchain/bin/../lib/gcc/arm-none-eabi/6.3.1/../../../../arm-none-eabi/lib/thumb/v6-m\libc_nano.a(lib_a-nano-mallocr.o)
                0x000017f0                _malloc_r
 .text.__sfputc_r
                0x000018ac       0x2a c:/program files (x86)/atmel/studio/7.0/toolchain/arm/arm-gnu-toolchain/bin/../lib/gcc/arm-none-eabi/6.3.1/../../../../arm-none-eabi/lib/thumb/v6-m\libc_nano.a(lib_a-nano-vfprintf.o)
 .text.__sfputs_r
                0x000018d6       0x24 c:/program files (x86)/atmel/studio/7.0/toolchain/arm/arm-gnu-toolchain/bin/../lib/gcc/arm-none-eabi/6.3.1/../../../../arm-none-eabi/lib/thumb/v6-m\libc_nano.a(lib_a-nano-vfprintf.o)
                0x000018d6                __sfputs_r
 *fill*         0x000018fa        0x2 
 .text._vfprintf_r
                0x000018fc      0x238 c:/program files (x86)/atmel/studio/7.0/toolchain/arm/arm-gnu-toolchain/bin/../lib/gcc/arm-none-eabi/6.3.1/../../../../arm-none-eabi/lib/thumb/v6-m\libc_nano.a(lib_a-nano-vfprintf.o)
                0x000018fc                _vfprintf_r
                0x000018fc                _vfiprintf_r
 .text._printf_common
                0x00001b34       0xda c:/program files (x86)/atmel/studio/7.0/toolchain/arm/arm-gnu-toolchain/bin/../lib/gcc/arm-none-eabi/6.3.1/../../../../arm-none-eabi/lib/thumb/v6-m\libc_nano.a(lib_a-nano-vfprintf_i.o)
                0x00001b34                _printf_common
 *fill*         0x00001c0e        0x2 
 .text._printf_i
                0x00001c10      0x234 c:/program files (x86)/atmel/studio/7.0/toolchain/arm/arm-gnu-toolchain/bin/../lib/gcc/arm-none-eabi/6.3.1/../../../../arm-none-eabi/lib/thumb/v6-m\libc_nano.a(lib_a-nano-vfprintf_i.o)
                0x00001c10                _printf_i
 .text._sbrk_r  0x00001e44       0x24 c:/program files (x86)/atmel/studio/7.0/toolchain/arm/arm-gnu-toolchain/bin/../lib/gcc/arm-none-eabi/6.3.1/../../../../arm-none-eabi/lib/thumb/v6-m\libc_nano.a(lib_a-sbrkr.o)
                0x00001e44                _sbrk_r
 .text.__sread  0x00001e68       0x28 c:/program files (x86)/atmel/studio/7.0/toolchain/arm/arm-gnu-toolchain/bin/../lib/gcc/arm-none-eabi/6.3.1/../../../../arm-none-eabi/lib/thumb/v6-m\libc_nano.a(lib_a-stdio.o)
                0x00001e68                __sread
 .text.__swrite
                0x00001e90       0x38 c:/program files (x86)/atmel/studio/7.0/toolchain/arm/arm-gnu-toolchain/bin/../lib/gcc/arm-none-eabi/6.3.1/../../../../arm-none-eabi/lib/thumb/v6-m\libc_nano.a(lib_a-stdio.o)
                0x00001e90                __swrite
 .text.__sseek  0x00001ec8       0x2c c:/program files (x86)/atmel/studio/7.0/toolchain/arm/arm-gnu-toolchain/bin/../lib/gcc/arm-none-eabi/6.3.1/../../../../arm-none-eabi/lib/thumb/v6-m\libc_nano.a(lib_a-stdio.o)
                0x00001ec8                __sseek
 .text.__sclose
                0x00001ef4        0xc c:/program files (x86)/atmel/studio/7.0/toolchain/arm/arm-gnu-toolchain/bin/../lib/gcc/arm-none-eabi/6.3.1/../../../../arm-none-eabi/lib/thumb/v6-m\libc_nano.a(lib_a-stdio.o)
                0x00001ef4                __sclose
 .text._write_r
                0x00001f00       0x28 c:/program files (x86)/atmel/studio/7.0/toolchain/arm/arm-gnu-toolchain/bin/../lib/gcc/arm-none-eabi/6.3.1/../../../../arm-none-eabi/lib/thumb/v6-m\libc_nano.a(lib_a-writer.o)
                0x00001f00                _write_r
 .text._close_r
                0x00001f28       0x24 c:/program files (x86)/atmel/studio/7.0/toolchain/arm/arm-gnu-toolchain/bin/../lib/gcc/arm-none-eabi/6.3.1/../../../../arm-none-eabi/lib/thumb/v6-m\libc_nano.a(lib_a-closer.o)
                0x00001f28                _close_r
 .text._fstat_r
                0x00001f4c       0x24 c:/program files (x86)/atmel/studio/7.0/toolchain/arm/arm-gnu-toolchain/bin/../lib/gcc/arm-none-eabi/6.3.1/../../../../arm-none-eabi/lib/thumb/v6-m\libc_nano.a(lib_a-fstatr.o)
                0x00001f4c                _fstat_r
 .text._isatty_r
                0x00001f70       0x24 c:/program files (x86)/atmel/studio/7.0/toolchain/arm/arm-gnu-toolchain/bin/../lib/gcc/arm-none-eabi/6.3.1/../../../../arm-none-eabi/lib/thumb/v6-m\libc_nano.a(lib_a-isattyr.o)
                0x00001f70                _isatty_r
 .text._lseek_r
                0x00001f94       0x28 c:/program files (x86)/atmel/studio/7.0/toolchain/arm/arm-gnu-toolchain/bin/../lib/gcc/arm-none-eabi/6.3.1/../../../../arm-none-eabi/lib/thumb/v6-m\libc_nano.a(lib_a-lseekr.o)
                0x00001f94                _lseek_r
 .text.memchr   0x00001fbc       0x16 c:/program files (x86)/atmel/studio/7.0/toolchain/arm/arm-gnu-toolchain/bin/../lib/gcc/arm-none-eabi/6.3.1/../../../../arm-none-eabi/lib/thumb/v6-m\libc_nano.a(lib_a-memchr-stub.o)
                0x00001fbc                memchr
 .text.__malloc_lock
                0x00001fd2        0x2 c:/program files (x86)/atmel/studio/7.0/toolchain/arm/arm-gnu-toolchain/bin/../lib/gcc/arm-none-eabi/6.3.1/../../../../arm-none-eabi/lib/thumb/v6-m\libc_nano.a(lib_a-mlock.o)
                0x00001fd2                __malloc_lock
 .text.__malloc_unlock
                0x00001fd4        0x2 c:/program files (x86)/atmel/studio/7.0/toolchain/arm/arm-gnu-toolchain/bin/../lib/gcc/arm-none-eabi/6.3.1/../../../../arm-none-eabi/lib/thumb/v6-m\libc_nano.a(lib_a-mlock.o)
                0x00001fd4                __malloc_unlock
 *fill*         0x00001fd6        0x2 
 .text._read_r  0x00001fd8       0x28 c:/program files (x86)/atmel/studio/7.0/toolchain/arm/arm-gnu-toolchain/bin/../lib/gcc/arm-none-eabi/6.3.1/../../../../arm-none-eabi/lib/thumb/v6-m\libc_nano.a(lib_a-readr.o)
                0x00001fd8                _read_r
 *(.glue_7t)
 .glue_7t       0x00002000        0x0 linker stubs
 *(.glue_7)
 .glue_7        0x00002000        0x0 linker stubs
 *(.rodata .rodata* .gnu.linkonce.r.*)
 .rodata.str1.4
                0x00002000        0x5 mulib/core/mu_sched.o
 *fill*         0x00002005        0x3 
 .rodata.str1.4
                0x00002008       0x55 mulib_blinky.o
 *fill*         0x0000205d        0x3 
 .rodata.str1.4
                0x00002060       0x29 button_task.o
 *fill*         0x00002089        0x3 
 .rodata.str1.4
                0x0000208c       0x1a hal/src/hal_calendar.o
 *fill*         0x000020a6        0x2 
 .rodata        0x000020a8        0x8 hpl/eic/hpl_eic.o
 .rodata.str1.4
                0x000020b0       0x15 hpl/eic/hpl_eic.o
 *fill*         0x000020c5        0x3 
 .rodata.str1.4
                0x000020c8       0x15 hpl/rtc/hpl_rtc.o
 *fill*         0x000020dd        0x3 
 .rodata.str1.4
                0x000020e0        0x4 led_task.o
 .rodata._global_impure_ptr
                0x000020e4        0x4 c:/program files (x86)/atmel/studio/7.0/toolchain/arm/arm-gnu-toolchain/bin/../lib/gcc/arm-none-eabi/6.3.1/../../../../arm-none-eabi/lib/thumb/v6-m\libc_nano.a(lib_a-impure.o)
                0x000020e4                _global_impure_ptr
 .rodata.__sf_fake_stderr
                0x000020e8       0x20 c:/program files (x86)/atmel/studio/7.0/toolchain/arm/arm-gnu-toolchain/bin/../lib/gcc/arm-none-eabi/6.3.1/../../../../arm-none-eabi/lib/thumb/v6-m\libc_nano.a(lib_a-findfp.o)
                0x000020e8                __sf_fake_stderr
 .rodata.__sf_fake_stdin
                0x00002108       0x20 c:/program files (x86)/atmel/studio/7.0/toolchain/arm/arm-gnu-toolchain/bin/../lib/gcc/arm-none-eabi/6.3.1/../../../../arm-none-eabi/lib/thumb/v6-m\libc_nano.a(lib_a-findfp.o)
                0x00002108                __sf_fake_stdin
 .rodata.__sf_fake_stdout
                0x00002128       0x20 c:/program files (x86)/atmel/studio/7.0/toolchain/arm/arm-gnu-toolchain/bin/../lib/gcc/arm-none-eabi/6.3.1/../../../../arm-none-eabi/lib/thumb/v6-m\libc_nano.a(lib_a-findfp.o)
                0x00002128                __sf_fake_stdout
 .rodata._vfprintf_r.str1.1
                0x00002148       0x11 c:/program files (x86)/atmel/studio/7.0/toolchain/arm/arm-gnu-toolchain/bin/../lib/gcc/arm-none-eabi/6.3.1/../../../../arm-none-eabi/lib/thumb/v6-m\libc_nano.a(lib_a-nano-vfprintf.o)
 .rodata._printf_i.str1.1
                0x00002159       0x22 c:/program files (x86)/atmel/studio/7.0/toolchain/arm/arm-gnu-toolchain/bin/../lib/gcc/arm-none-eabi/6.3.1/../../../../arm-none-eabi/lib/thumb/v6-m\libc_nano.a(lib_a-nano-vfprintf_i.o)
 *(.ARM.extab* .gnu.linkonce.armextab.*)
                0x0000217c                . = ALIGN (0x4)
 *fill*         0x0000217b        0x1 
 *(.init)
 .init          0x0000217c        0x4 c:/program files (x86)/atmel/studio/7.0/toolchain/arm/arm-gnu-toolchain/bin/../lib/gcc/arm-none-eabi/6.3.1/thumb/v6-m/crti.o
                0x0000217c                _init
 .init          0x00002180        0x8 c:/program files (x86)/atmel/studio/7.0/toolchain/arm/arm-gnu-toolchain/bin/../lib/gcc/arm-none-eabi/6.3.1/thumb/v6-m/crtn.o
                0x00002188                . = ALIGN (0x4)
                0x00002188                __preinit_array_start = .
 *(.preinit_array)
                0x00002188                __preinit_array_end = .
                0x00002188                . = ALIGN (0x4)
                0x00002188                __init_array_start = .
 *(SORT(.init_array.*))
 *(.init_array)
 .init_array    0x00002188        0x4 c:/program files (x86)/atmel/studio/7.0/toolchain/arm/arm-gnu-toolchain/bin/../lib/gcc/arm-none-eabi/6.3.1/thumb/v6-m/crtbegin.o
                0x0000218c                __init_array_end = .
                0x0000218c                . = ALIGN (0x4)
 *crtbegin.o(.ctors)
 *(EXCLUDE_FILE(*crtend.o) .ctors)
 *(SORT(.ctors.*))
 *crtend.o(.ctors)
                0x0000218c                . = ALIGN (0x4)
 *(.fini)
 .fini          0x0000218c        0x4 c:/program files (x86)/atmel/studio/7.0/toolchain/arm/arm-gnu-toolchain/bin/../lib/gcc/arm-none-eabi/6.3.1/thumb/v6-m/crti.o
                0x0000218c                _fini
 .fini          0x00002190        0x8 c:/program files (x86)/atmel/studio/7.0/toolchain/arm/arm-gnu-toolchain/bin/../lib/gcc/arm-none-eabi/6.3.1/thumb/v6-m/crtn.o
                0x00002198                . = ALIGN (0x4)
                0x00002198                __fini_array_start = .
 *(.fini_array)
 .fini_array    0x00002198        0x4 c:/program files (x86)/atmel/studio/7.0/toolchain/arm/arm-gnu-toolchain/bin/../lib/gcc/arm-none-eabi/6.3.1/thumb/v6-m/crtbegin.o
 *(SORT(.fini_array.*))
                0x0000219c                __fini_array_end = .
 *crtbegin.o(.dtors)
 *(EXCLUDE_FILE(*crtend.o) .dtors)
 *(SORT(.dtors.*))
 *crtend.o(.dtors)
                0x0000219c                . = ALIGN (0x4)
                0x0000219c                _efixed = .
                [!provide]                PROVIDE (__exidx_start, .)

.vfp11_veneer   0x0000219c        0x0
 .vfp11_veneer  0x0000219c        0x0 linker stubs

.v4_bx          0x0000219c        0x0
 .v4_bx         0x0000219c        0x0 linker stubs

.iplt           0x0000219c        0x0
 .iplt          0x0000219c        0x0 c:/program files (x86)/atmel/studio/7.0/toolchain/arm/arm-gnu-toolchain/bin/../lib/gcc/arm-none-eabi/6.3.1/thumb/v6-m/crtbegin.o

.eh_frame       0x0000219c        0x0
 .eh_frame      0x0000219c        0x0 c:/program files (x86)/atmel/studio/7.0/toolchain/arm/arm-gnu-toolchain/bin/../lib/gcc/arm-none-eabi/6.3.1/thumb/v6-m/crtbegin.o

.rel.dyn        0x0000219c        0x0
 .rel.iplt      0x0000219c        0x0 c:/program files (x86)/atmel/studio/7.0/toolchain/arm/arm-gnu-toolchain/bin/../lib/gcc/arm-none-eabi/6.3.1/thumb/v6-m/crtbegin.o

.jcr            0x0000219c        0x0
 .jcr           0x0000219c        0x0 c:/program files (x86)/atmel/studio/7.0/toolchain/arm/arm-gnu-toolchain/bin/../lib/gcc/arm-none-eabi/6.3.1/thumb/v6-m/crtbegin.o

.igot.plt       0x0000219c        0x0
 .igot.plt      0x0000219c        0x0 c:/program files (x86)/atmel/studio/7.0/toolchain/arm/arm-gnu-toolchain/bin/../lib/gcc/arm-none-eabi/6.3.1/thumb/v6-m/crtbegin.o

.ARM.exidx
 *(.ARM.exidx* .gnu.linkonce.armexidx.*)
                [!provide]                PROVIDE (__exidx_end, .)
                0x0000219c                . = ALIGN (0x4)
                0x0000219c                _etext = .

.relocate       0x20000000       0x64 load address 0x0000219c
                0x20000000                . = ALIGN (0x4)
                0x20000000                _srelocate = .
 *(.ramfunc .ramfunc.*)
 *(.data .data.*)
 .data._impure_ptr
                0x20000000        0x4 c:/program files (x86)/atmel/studio/7.0/toolchain/arm/arm-gnu-toolchain/bin/../lib/gcc/arm-none-eabi/6.3.1/../../../../arm-none-eabi/lib/thumb/v6-m\libc_nano.a(lib_a-impure.o)
                0x20000000                _impure_ptr
 .data.impure_data
                0x20000004       0x60 c:/program files (x86)/atmel/studio/7.0/toolchain/arm/arm-gnu-toolchain/bin/../lib/gcc/arm-none-eabi/6.3.1/../../../../arm-none-eabi/lib/thumb/v6-m\libc_nano.a(lib_a-impure.o)
                0x20000064                . = ALIGN (0x4)
                0x20000064                _erelocate = .

.bss            0x20000064      0x154 load address 0x00002200
                0x20000064                . = ALIGN (0x4)
                0x20000064                _sbss = .
                0x20000064                _szero = .
 *(.bss .bss.*)
 .bss           0x20000064       0x1c c:/program files (x86)/atmel/studio/7.0/toolchain/arm/arm-gnu-toolchain/bin/../lib/gcc/arm-none-eabi/6.3.1/thumb/v6-m/crtbegin.o
 .bss           0x20000080       0x18 mulib/core/mu_sched.o
 .bss           0x20000098       0xd8 mulib_blinky.o
 .bss           0x20000170        0x8 button_task.o
 .bss           0x20000178        0x8 hal/src/hal_ext_irq.o
 .bss           0x20000180        0x4 hal/utils/src/utils_syscalls.o
 .bss           0x20000184        0x4 hpl/eic/hpl_eic.o
 .bss           0x20000188        0x4 hpl/rtc/hpl_rtc.o
 .bss           0x2000018c        0x4 mu_port.o
 .bss.__malloc_free_list
                0x20000190        0x4 c:/program files (x86)/atmel/studio/7.0/toolchain/arm/arm-gnu-toolchain/bin/../lib/gcc/arm-none-eabi/6.3.1/../../../../arm-none-eabi/lib/thumb/v6-m\libc_nano.a(lib_a-nano-mallocr.o)
                0x20000190                __malloc_free_list
 .bss.__malloc_sbrk_start
                0x20000194        0x4 c:/program files (x86)/atmel/studio/7.0/toolchain/arm/arm-gnu-toolchain/bin/../lib/gcc/arm-none-eabi/6.3.1/../../../../arm-none-eabi/lib/thumb/v6-m\libc_nano.a(lib_a-nano-mallocr.o)
                0x20000194                __malloc_sbrk_start
 *(COMMON)
 COMMON         0x20000198       0x1c driver_init.o
                0x20000198                CALENDAR_0
 COMMON         0x200001b4        0x4 c:/program files (x86)/atmel/studio/7.0/toolchain/arm/arm-gnu-toolchain/bin/../lib/gcc/arm-none-eabi/6.3.1/../../../../arm-none-eabi/lib/thumb/v6-m\libc_nano.a(lib_a-reent.o)
                0x200001b4                errno
                0x200001b8                . = ALIGN (0x4)
                0x200001b8                _ebss = .
                0x200001b8                _ezero = .

.stack          0x200001b8     0x2000 load address 0x00002354
                0x200001b8                . = ALIGN (0x8)
                0x200001b8                _sstack = .
                0x200021b8                . = (. + STACK_SIZE)
 *fill*         0x200001b8     0x2000 
                0x200021b8                . = ALIGN (0x8)
                0x200021b8                _estack = .
                0x200021b8                . = ALIGN (0x4)
                0x200021b8                _end = .
OUTPUT(mulib_blinky.elf elf32-littlearm)

.ARM.attributes
                0x00000000       0x28
 .ARM.attributes
                0x00000000       0x1e c:/program files (x86)/atmel/studio/7.0/toolchain/arm/arm-gnu-toolchain/bin/../lib/gcc/arm-none-eabi/6.3.1/thumb/v6-m/crti.o
 .ARM.attributes
                0x0000001e       0x2c c:/program files (x86)/atmel/studio/7.0/toolchain/arm/arm-gnu-toolchain/bin/../lib/gcc/arm-none-eabi/6.3.1/thumb/v6-m/crtbegin.o
 .ARM.attributes
                0x0000004a       0x32 mulib/core/mu_sched.o
 .ARM.attributes
                0x0000007c       0x32 mulib/core/mu_spscq.o
 .ARM.attributes
                0x000000ae       0x32 mulib/core/mu_task.o
 .ARM.attributes
                0x000000e0       0x32 mulib/core/mu_time.o
 .ARM.attributes
                0x00000112       0x32 atmel_start.o
 .ARM.attributes
                0x00000144       0x32 mulib_blinky.o
 .ARM.attributes
                0x00000176       0x32 button_task.o
 .ARM.attributes
                0x000001a8       0x32 Device_Startup/startup_samd21.o
 .ARM.attributes
                0x000001da       0x32 driver_init.o
 .ARM.attributes
                0x0000020c       0x32 hal/src/hal_calendar.o
 .ARM.attributes
                0x0000023e       0x32 hal/src/hal_ext_irq.o
 .ARM.attributes
                0x00000270       0x32 hal/utils/src/utils_assert.o
 .ARM.attributes
                0x000002a2       0x32 hal/utils/src/utils_syscalls.o
 .ARM.attributes
                0x000002d4       0x32 hpl/core/hpl_init.o
 .ARM.attributes
                0x00000306       0x32 hpl/eic/hpl_eic.o
 .ARM.attributes
                0x00000338       0x32 hpl/gclk/hpl_gclk.o
 .ARM.attributes
                0x0000036a       0x32 hpl/pm/hpl_pm.o
 .ARM.attributes
                0x0000039c       0x32 hpl/rtc/hpl_rtc.o
 .ARM.attributes
                0x000003ce       0x32 hpl/sysctrl/hpl_sysctrl.o
 .ARM.attributes
                0x00000400       0x32 hpl/usart/usart_lite.o
 .ARM.attributes
                0x00000432       0x32 led_task.o
 .ARM.attributes
                0x00000464       0x32 main.o
 .ARM.attributes
                0x00000496       0x32 mu_port.o
 .ARM.attributes
                0x000004c8       0x1e c:/program files (x86)/atmel/studio/7.0/toolchain/arm/arm-gnu-toolchain/bin/../lib/gcc/arm-none-eabi/6.3.1/thumb/v6-m\libgcc.a(_udivsi3.o)
 .ARM.attributes
                0x000004e6       0x1e c:/program files (x86)/atmel/studio/7.0/toolchain/arm/arm-gnu-toolchain/bin/../lib/gcc/arm-none-eabi/6.3.1/thumb/v6-m\libgcc.a(_dvmd_tls.o)
 .ARM.attributes
                0x00000504       0x2c c:/program files (x86)/atmel/studio/7.0/toolchain/arm/arm-gnu-toolchain/bin/../lib/gcc/arm-none-eabi/6.3.1/thumb/v6-m\libgcc.a(_ffssi2.o)
 .ARM.attributes
                0x00000530       0x1e c:/program files (x86)/atmel/studio/7.0/toolchain/arm/arm-gnu-toolchain/bin/../lib/gcc/arm-none-eabi/6.3.1/thumb/v6-m\libgcc.a(_ctzsi2.o)
 .ARM.attributes
                0x0000054e       0x2c c:/program files (x86)/atmel/studio/7.0/toolchain/arm/arm-gnu-toolchain/bin/../lib/gcc/arm-none-eabi/6.3.1/../../../../arm-none-eabi/lib/thumb/v6-m\libc_nano.a(lib_a-impure.o)
 .ARM.attributes
                0x0000057a       0x2c c:/program files (x86)/atmel/studio/7.0/toolchain/arm/arm-gnu-toolchain/bin/../lib/gcc/arm-none-eabi/6.3.1/../../../../arm-none-eabi/lib/thumb/v6-m\libc_nano.a(lib_a-init.o)
 .ARM.attributes
                0x000005a6       0x2c c:/program files (x86)/atmel/studio/7.0/toolchain/arm/arm-gnu-toolchain/bin/../lib/gcc/arm-none-eabi/6.3.1/../../../../arm-none-eabi/lib/thumb/v6-m\libc_nano.a(lib_a-memcpy-stub.o)
 .ARM.attributes
                0x000005d2       0x2c c:/program files (x86)/atmel/studio/7.0/toolchain/arm/arm-gnu-toolchain/bin/../lib/gcc/arm-none-eabi/6.3.1/../../../../arm-none-eabi/lib/thumb/v6-m\libc_nano.a(lib_a-memmove.o)
 .ARM.attributes
                0x000005fe       0x2c c:/program files (x86)/atmel/studio/7.0/toolchain/arm/arm-gnu-toolchain/bin/../lib/gcc/arm-none-eabi/6.3.1/../../../../arm-none-eabi/lib/thumb/v6-m\libc_nano.a(lib_a-memset.o)
 .ARM.attributes
                0x0000062a       0x2c c:/program files (x86)/atmel/studio/7.0/toolchain/arm/arm-gnu-toolchain/bin/../lib/gcc/arm-none-eabi/6.3.1/../../../../arm-none-eabi/lib/thumb/v6-m\libc_nano.a(lib_a-printf.o)
 .ARM.attributes
                0x00000656       0x2c c:/program files (x86)/atmel/studio/7.0/toolchain/arm/arm-gnu-toolchain/bin/../lib/gcc/arm-none-eabi/6.3.1/../../../../arm-none-eabi/lib/thumb/v6-m\libc_nano.a(lib_a-puts.o)
 .ARM.attributes
                0x00000682       0x2c c:/program files (x86)/atmel/studio/7.0/toolchain/arm/arm-gnu-toolchain/bin/../lib/gcc/arm-none-eabi/6.3.1/../../../../arm-none-eabi/lib/thumb/v6-m\libc_nano.a(lib_a-wbuf.o)
 .ARM.attributes
                0x000006ae       0x2c c:/program files (x86)/atmel/studio/7.0/toolchain/arm/arm-gnu-toolchain/bin/../lib/gcc/arm-none-eabi/6.3.1/../../../../arm-none-eabi/lib/thumb/v6-m\libc_nano.a(lib_a-wsetup.o)
 .ARM.attributes
                0x000006da       0x2c c:/program files (x86)/atmel/studio/7.0/toolchain/arm/arm-gnu-toolchain/bin/../lib/gcc/arm-none-eabi/6.3.1/../../../../arm-none-eabi/lib/thumb/v6-m\libc_nano.a(lib_a-fflush.o)
 .ARM.attributes
                0x00000706       0x2c c:/program files (x86)/atmel/studio/7.0/toolchain/arm/arm-gnu-toolchain/bin/../lib/gcc/arm-none-eabi/6.3.1/../../../../arm-none-eabi/lib/thumb/v6-m\libc_nano.a(lib_a-findfp.o)
 .ARM.attributes
                0x00000732       0x2c c:/program files (x86)/atmel/studio/7.0/toolchain/arm/arm-gnu-toolchain/bin/../lib/gcc/arm-none-eabi/6.3.1/../../../../arm-none-eabi/lib/thumb/v6-m\libc_nano.a(lib_a-fwalk.o)
 .ARM.attributes
                0x0000075e       0x2c c:/program files (x86)/atmel/studio/7.0/toolchain/arm/arm-gnu-toolchain/bin/../lib/gcc/arm-none-eabi/6.3.1/../../../../arm-none-eabi/lib/thumb/v6-m\libc_nano.a(lib_a-makebuf.o)
 .ARM.attributes
                0x0000078a       0x2c c:/program files (x86)/atmel/studio/7.0/toolchain/arm/arm-gnu-toolchain/bin/../lib/gcc/arm-none-eabi/6.3.1/../../../../arm-none-eabi/lib/thumb/v6-m\libc_nano.a(lib_a-nano-freer.o)
 .ARM.attributes
                0x000007b6       0x2c c:/program files (x86)/atmel/studio/7.0/toolchain/arm/arm-gnu-toolchain/bin/../lib/gcc/arm-none-eabi/6.3.1/../../../../arm-none-eabi/lib/thumb/v6-m\libc_nano.a(lib_a-nano-mallocr.o)
 .ARM.attributes
                0x000007e2       0x2c c:/program files (x86)/atmel/studio/7.0/toolchain/arm/arm-gnu-toolchain/bin/../lib/gcc/arm-none-eabi/6.3.1/../../../../arm-none-eabi/lib/thumb/v6-m\libc_nano.a(lib_a-nano-vfprintf.o)
 .ARM.attributes
                0x0000080e       0x2c c:/program files (x86)/atmel/studio/7.0/toolchain/arm/arm-gnu-toolchain/bin/../lib/gcc/arm-none-eabi/6.3.1/../../../../arm-none-eabi/lib/thumb/v6-m\libc_nano.a(lib_a-nano-vfprintf_i.o)
 .ARM.attributes
                0x0000083a       0x2c c:/program files (x86)/atmel/studio/7.0/toolchain/arm/arm-gnu-toolchain/bin/../lib/gcc/arm-none-eabi/6.3.1/../../../../arm-none-eabi/lib/thumb/v6-m\libc_nano.a(lib_a-sbrkr.o)
 .ARM.attributes
                0x00000866       0x2c c:/program files (x86)/atmel/studio/7.0/toolchain/arm/arm-gnu-toolchain/bin/../lib/gcc/arm-none-eabi/6.3.1/../../../../arm-none-eabi/lib/thumb/v6-m\libc_nano.a(lib_a-stdio.o)
 .ARM.attributes
                0x00000892       0x2c c:/program files (x86)/atmel/studio/7.0/toolchain/arm/arm-gnu-toolchain/bin/../lib/gcc/arm-none-eabi/6.3.1/../../../../arm-none-eabi/lib/thumb/v6-m\libc_nano.a(lib_a-writer.o)
 .ARM.attributes
                0x000008be       0x2c c:/program files (x86)/atmel/studio/7.0/toolchain/arm/arm-gnu-toolchain/bin/../lib/gcc/arm-none-eabi/6.3.1/../../../../arm-none-eabi/lib/thumb/v6-m\libc_nano.a(lib_a-closer.o)
 .ARM.attributes
                0x000008ea       0x2c c:/program files (x86)/atmel/studio/7.0/toolchain/arm/arm-gnu-toolchain/bin/../lib/gcc/arm-none-eabi/6.3.1/../../../../arm-none-eabi/lib/thumb/v6-m\libc_nano.a(lib_a-fstatr.o)
 .ARM.attributes
                0x00000916       0x2c c:/program files (x86)/atmel/studio/7.0/toolchain/arm/arm-gnu-toolchain/bin/../lib/gcc/arm-none-eabi/6.3.1/../../../../arm-none-eabi/lib/thumb/v6-m\libc_nano.a(lib_a-isattyr.o)
 .ARM.attributes
                0x00000942       0x2c c:/program files (x86)/atmel/studio/7.0/toolchain/arm/arm-gnu-toolchain/bin/../lib/gcc/arm-none-eabi/6.3.1/../../../../arm-none-eabi/lib/thumb/v6-m\libc_nano.a(lib_a-lseekr.o)
 .ARM.attributes
                0x0000096e       0x2c c:/program files (x86)/atmel/studio/7.0/toolchain/arm/arm-gnu-toolchain/bin/../lib/gcc/arm-none-eabi/6.3.1/../../../../arm-none-eabi/lib/thumb/v6-m\libc_nano.a(lib_a-memchr-stub.o)
 .ARM.attributes
                0x0000099a       0x2c c:/program files (x86)/atmel/studio/7.0/toolchain/arm/arm-gnu-toolchain/bin/../lib/gcc/arm-none-eabi/6.3.1/../../../../arm-none-eabi/lib/thumb/v6-m\libc_nano.a(lib_a-mlock.o)
 .ARM.attributes
                0x000009c6       0x2c c:/program files (x86)/atmel/studio/7.0/toolchain/arm/arm-gnu-toolchain/bin/../lib/gcc/arm-none-eabi/6.3.1/../../../../arm-none-eabi/lib/thumb/v6-m\libc_nano.a(lib_a-readr.o)
 .ARM.attributes
                0x000009f2       0x2c c:/program files (x86)/atmel/studio/7.0/toolchain/arm/arm-gnu-toolchain/bin/../lib/gcc/arm-none-eabi/6.3.1/../../../../arm-none-eabi/lib/thumb/v6-m\libc_nano.a(lib_a-reent.o)
 .ARM.attributes
                0x00000a1e       0x1e c:/program files (x86)/atmel/studio/7.0/toolchain/arm/arm-gnu-toolchain/bin/../lib/gcc/arm-none-eabi/6.3.1/thumb/v6-m/crtn.o

.comment        0x00000000       0x59
 .comment       0x00000000       0x59 mulib/core/mu_sched.o
                                 0x5a (size before relaxing)
 .comment       0x00000059       0x5a mulib/core/mu_spscq.o
 .comment       0x00000059       0x5a mulib/core/mu_task.o
 .comment       0x00000059       0x5a mulib/core/mu_time.o
 .comment       0x00000059       0x5a atmel_start.o
 .comment       0x00000059       0x5a mulib_blinky.o
 .comment       0x00000059       0x5a button_task.o
 .comment       0x00000059       0x5a Device_Startup/startup_samd21.o
 .comment       0x00000059       0x5a driver_init.o
 .comment       0x00000059       0x5a hal/src/hal_calendar.o
 .comment       0x00000059       0x5a hal/src/hal_ext_irq.o
 .comment       0x00000059       0x5a hal/utils/src/utils_assert.o
 .comment       0x00000059       0x5a hal/utils/src/utils_syscalls.o
 .comment       0x00000059       0x5a hpl/core/hpl_init.o
 .comment       0x00000059       0x5a hpl/eic/hpl_eic.o
 .comment       0x00000059       0x5a hpl/gclk/hpl_gclk.o
 .comment       0x00000059       0x5a hpl/pm/hpl_pm.o
 .comment       0x00000059       0x5a hpl/rtc/hpl_rtc.o
 .comment       0x00000059       0x5a hpl/sysctrl/hpl_sysctrl.o
 .comment       0x00000059       0x5a hpl/usart/usart_lite.o
 .comment       0x00000059       0x5a led_task.o
 .comment       0x00000059       0x5a main.o
 .comment       0x00000059       0x5a mu_port.o

.debug_info     0x00000000    0x203d0
 .debug_info    0x00000000     0x1958 mulib/core/mu_sched.o
 .debug_info    0x00001958      0x319 mulib/core/mu_spscq.o
 .debug_info    0x00001c71      0x372 mulib/core/mu_task.o
 .debug_info    0x00001fe3      0x44f mulib/core/mu_time.o
 .debug_info    0x00002432      0x20e atmel_start.o
 .debug_info    0x00002640      0xe88 mulib_blinky.o
 .debug_info    0x000034c8      0xee7 button_task.o
 .debug_info    0x000043af     0x3a28 Device_Startup/startup_samd21.o
 .debug_info    0x00007dd7     0x9076 driver_init.o
 .debug_info    0x00010e4d     0x119d hal/src/hal_calendar.o
 .debug_info    0x00011fea      0x367 hal/src/hal_ext_irq.o
 .debug_info    0x00012351      0x107 hal/utils/src/utils_assert.o
 .debug_info    0x00012458      0xdca hal/utils/src/utils_syscalls.o
 .debug_info    0x00013222      0x677 hpl/core/hpl_init.o
 .debug_info    0x00013899     0x1fb3 hpl/eic/hpl_eic.o
 .debug_info    0x0001584c      0x5ad hpl/gclk/hpl_gclk.o
 .debug_info    0x00015df9      0xc6d hpl/pm/hpl_pm.o
 .debug_info    0x00016a66     0x227b hpl/rtc/hpl_rtc.o
 .debug_info    0x00018ce1     0x1452 hpl/sysctrl/hpl_sysctrl.o
 .debug_info    0x0001a133     0x25ec hpl/usart/usart_lite.o
 .debug_info    0x0001c71f     0x16d6 led_task.o
 .debug_info    0x0001ddf5      0x23e main.o
 .debug_info    0x0001e033     0x239d mu_port.o

.debug_abbrev   0x00000000     0x342b
 .debug_abbrev  0x00000000      0x479 mulib/core/mu_sched.o
 .debug_abbrev  0x00000479      0x15f mulib/core/mu_spscq.o
 .debug_abbrev  0x000005d8      0x154 mulib/core/mu_task.o
 .debug_abbrev  0x0000072c       0xcd mulib/core/mu_time.o
 .debug_abbrev  0x000007f9       0xd8 atmel_start.o
 .debug_abbrev  0x000008d1      0x20c mulib_blinky.o
 .debug_abbrev  0x00000add      0x275 button_task.o
 .debug_abbrev  0x00000d52      0x234 Device_Startup/startup_samd21.o
 .debug_abbrev  0x00000f86      0x36c driver_init.o
 .debug_abbrev  0x000012f2      0x304 hal/src/hal_calendar.o
 .debug_abbrev  0x000015f6      0x173 hal/src/hal_ext_irq.o
 .debug_abbrev  0x00001769       0x86 hal/utils/src/utils_assert.o
 .debug_abbrev  0x000017ef      0x269 hal/utils/src/utils_syscalls.o
 .debug_abbrev  0x00001a58      0x1cc hpl/core/hpl_init.o
 .debug_abbrev  0x00001c24      0x3f1 hpl/eic/hpl_eic.o
 .debug_abbrev  0x00002015      0x1c3 hpl/gclk/hpl_gclk.o
 .debug_abbrev  0x000021d8      0x211 hpl/pm/hpl_pm.o
 .debug_abbrev  0x000023e9      0x3a9 hpl/rtc/hpl_rtc.o
 .debug_abbrev  0x00002792      0x20c hpl/sysctrl/hpl_sysctrl.o
 .debug_abbrev  0x0000299e      0x288 hpl/usart/usart_lite.o
 .debug_abbrev  0x00002c26      0x362 led_task.o
 .debug_abbrev  0x00002f88       0xda main.o
 .debug_abbrev  0x00003062      0x3c9 mu_port.o

.debug_loc      0x00000000     0x4c25
 .debug_loc     0x00000000      0xd5b mulib/core/mu_sched.o
 .debug_loc     0x00000d5b      0x1df mulib/core/mu_spscq.o
 .debug_loc     0x00000f3a      0x1b5 mulib/core/mu_task.o
 .debug_loc     0x000010ef      0x331 mulib/core/mu_time.o
 .debug_loc     0x00001420       0x20 atmel_start.o
 .debug_loc     0x00001440       0x40 mulib_blinky.o
 .debug_loc     0x00001480      0x14c button_task.o
 .debug_loc     0x000015cc       0x40 Device_Startup/startup_samd21.o
 .debug_loc     0x0000160c      0x751 driver_init.o
 .debug_loc     0x00001d5d      0xec7 hal/src/hal_calendar.o
 .debug_loc     0x00002c24      0x32d hal/src/hal_ext_irq.o
 .debug_loc     0x00002f51      0x13b hal/utils/src/utils_syscalls.o
 .debug_loc     0x0000308c       0x4c hpl/core/hpl_init.o
 .debug_loc     0x000030d8      0x4b5 hpl/eic/hpl_eic.o
 .debug_loc     0x0000358d      0x18e hpl/gclk/hpl_gclk.o
 .debug_loc     0x0000371b      0x11b hpl/pm/hpl_pm.o
 .debug_loc     0x00003836      0x7b0 hpl/rtc/hpl_rtc.o
 .debug_loc     0x00003fe6      0x160 hpl/sysctrl/hpl_sysctrl.o
 .debug_loc     0x00004146      0x42e hpl/usart/usart_lite.o
 .debug_loc     0x00004574      0x2a7 led_task.o
 .debug_loc     0x0000481b       0x20 main.o
 .debug_loc     0x0000483b      0x3ea mu_port.o

.debug_aranges  0x00000000      0x6b0
 .debug_aranges
                0x00000000       0xf0 mulib/core/mu_sched.o
 .debug_aranges
                0x000000f0       0x58 mulib/core/mu_spscq.o
 .debug_aranges
                0x00000148       0x48 mulib/core/mu_task.o
 .debug_aranges
                0x00000190       0x70 mulib/core/mu_time.o
 .debug_aranges
                0x00000200       0x20 atmel_start.o
 .debug_aranges
                0x00000220       0x28 mulib_blinky.o
 .debug_aranges
                0x00000248       0x30 button_task.o
 .debug_aranges
                0x00000278       0x28 Device_Startup/startup_samd21.o
 .debug_aranges
                0x000002a0       0x48 driver_init.o
 .debug_aranges
                0x000002e8       0x98 hal/src/hal_calendar.o
 .debug_aranges
                0x00000380       0x50 hal/src/hal_ext_irq.o
 .debug_aranges
                0x000003d0       0x20 hal/utils/src/utils_assert.o
 .debug_aranges
                0x000003f0       0x60 hal/utils/src/utils_syscalls.o
 .debug_aranges
                0x00000450       0x20 hpl/core/hpl_init.o
 .debug_aranges
                0x00000470       0x38 hpl/eic/hpl_eic.o
 .debug_aranges
                0x000004a8       0x28 hpl/gclk/hpl_gclk.o
 .debug_aranges
                0x000004d0       0x30 hpl/pm/hpl_pm.o
 .debug_aranges
                0x00000500       0x70 hpl/rtc/hpl_rtc.o
 .debug_aranges
                0x00000570       0x28 hpl/sysctrl/hpl_sysctrl.o
 .debug_aranges
                0x00000598       0x50 hpl/usart/usart_lite.o
 .debug_aranges
                0x000005e8       0x28 led_task.o
 .debug_aranges
                0x00000610       0x20 main.o
 .debug_aranges
                0x00000630       0x80 mu_port.o

.debug_ranges   0x00000000      0x648
 .debug_ranges  0x00000000      0x158 mulib/core/mu_sched.o
 .debug_ranges  0x00000158       0x48 mulib/core/mu_spscq.o
 .debug_ranges  0x000001a0       0x38 mulib/core/mu_task.o
 .debug_ranges  0x000001d8       0x60 mulib/core/mu_time.o
 .debug_ranges  0x00000238       0x10 atmel_start.o
 .debug_ranges  0x00000248       0x18 mulib_blinky.o
 .debug_ranges  0x00000260       0x20 button_task.o
 .debug_ranges  0x00000280       0x18 Device_Startup/startup_samd21.o
 .debug_ranges  0x00000298       0x38 driver_init.o
 .debug_ranges  0x000002d0       0xd0 hal/src/hal_calendar.o
 .debug_ranges  0x000003a0       0x40 hal/src/hal_ext_irq.o
 .debug_ranges  0x000003e0       0x10 hal/utils/src/utils_assert.o
 .debug_ranges  0x000003f0       0x50 hal/utils/src/utils_syscalls.o
 .debug_ranges  0x00000440       0x10 hpl/core/hpl_init.o
 .debug_ranges  0x00000450       0x40 hpl/eic/hpl_eic.o
 .debug_ranges  0x00000490       0x18 hpl/gclk/hpl_gclk.o
 .debug_ranges  0x000004a8       0x20 hpl/pm/hpl_pm.o
 .debug_ranges  0x000004c8       0x78 hpl/rtc/hpl_rtc.o
 .debug_ranges  0x00000540       0x30 hpl/sysctrl/hpl_sysctrl.o
 .debug_ranges  0x00000570       0x40 hpl/usart/usart_lite.o
 .debug_ranges  0x000005b0       0x18 led_task.o
 .debug_ranges  0x000005c8       0x10 main.o
 .debug_ranges  0x000005d8       0x70 mu_port.o

.debug_macro    0x00000000    0x184bf
 .debug_macro   0x00000000      0x16c mulib/core/mu_sched.o
 .debug_macro   0x0000016c       0x16 mulib/core/mu_sched.o
 .debug_macro   0x00000182       0x16 mulib/core/mu_sched.o
 .debug_macro   0x00000198       0x85 mulib/core/mu_spscq.o
 .debug_macro   0x0000021d       0xa1 mulib/core/mu_task.o
 .debug_macro   0x000002be       0x85 mulib/core/mu_time.o
 .debug_macro   0x00000343      0x526 atmel_start.o
 .debug_macro   0x00000869       0x3f atmel_start.o
 .debug_macro   0x000008a8       0x1c atmel_start.o
 .debug_macro   0x000008c4       0x22 atmel_start.o
 .debug_macro   0x000008e6       0xb5 atmel_start.o
 .debug_macro   0x0000099b      0x3ad atmel_start.o
 .debug_macro   0x00000d48      0x67e atmel_start.o
 .debug_macro   0x000013c6      0x8b1 atmel_start.o
 .debug_macro   0x00001c77      0x22e atmel_start.o
 .debug_macro   0x00001ea5      0xd5c atmel_start.o
 .debug_macro   0x00002c01      0x4dc atmel_start.o
 .debug_macro   0x000030dd      0x9f6 atmel_start.o
 .debug_macro   0x00003ad3      0x82b atmel_start.o
 .debug_macro   0x000042fe      0x45f atmel_start.o
 .debug_macro   0x0000475d       0x5e atmel_start.o
 .debug_macro   0x000047bb      0x8f9 atmel_start.o
 .debug_macro   0x000050b4      0x21c atmel_start.o
 .debug_macro   0x000052d0      0x735 atmel_start.o
 .debug_macro   0x00005a05       0x5e atmel_start.o
 .debug_macro   0x00005a63      0x632 atmel_start.o
 .debug_macro   0x00006095      0x3ac atmel_start.o
 .debug_macro   0x00006441      0xc76 atmel_start.o
 .debug_macro   0x000070b7     0x1092 atmel_start.o
 .debug_macro   0x00008149      0xc4a atmel_start.o
 .debug_macro   0x00008d93      0x6ba atmel_start.o
 .debug_macro   0x0000944d     0x1b3d atmel_start.o
 .debug_macro   0x0000af8a     0x143c atmel_start.o
 .debug_macro   0x0000c3c6      0x340 atmel_start.o
 .debug_macro   0x0000c706       0x7c atmel_start.o
 .debug_macro   0x0000c782       0xa0 atmel_start.o
 .debug_macro   0x0000c822       0x4c atmel_start.o
 .debug_macro   0x0000c86e       0xca atmel_start.o
 .debug_macro   0x0000c938       0x94 atmel_start.o
 .debug_macro   0x0000c9cc       0x58 atmel_start.o
 .debug_macro   0x0000ca24      0x341 atmel_start.o
 .debug_macro   0x0000cd65       0x82 atmel_start.o
 .debug_macro   0x0000cde7      0x189 atmel_start.o
 .debug_macro   0x0000cf70       0xb8 atmel_start.o
 .debug_macro   0x0000d028       0xa0 atmel_start.o
 .debug_macro   0x0000d0c8       0xb2 atmel_start.o
 .debug_macro   0x0000d17a       0x1c atmel_start.o
 .debug_macro   0x0000d196       0x1c atmel_start.o
 .debug_macro   0x0000d1b2       0x1c atmel_start.o
 .debug_macro   0x0000d1ce       0x7c atmel_start.o
 .debug_macro   0x0000d24a      0x15a atmel_start.o
 .debug_macro   0x0000d3a4       0x10 atmel_start.o
 .debug_macro   0x0000d3b4       0xdc atmel_start.o
 .debug_macro   0x0000d490      0x124 atmel_start.o
 .debug_macro   0x0000d5b4      0x124 atmel_start.o
 .debug_macro   0x0000d6d8      0x124 atmel_start.o
 .debug_macro   0x0000d7fc      0x124 atmel_start.o
 .debug_macro   0x0000d920      0x124 atmel_start.o
 .debug_macro   0x0000da44      0x124 atmel_start.o
 .debug_macro   0x0000db68      0x124 atmel_start.o
 .debug_macro   0x0000dc8c       0xe2 atmel_start.o
 .debug_macro   0x0000dd6e       0xe2 atmel_start.o
 .debug_macro   0x0000de50       0xe2 atmel_start.o
 .debug_macro   0x0000df32       0xe2 atmel_start.o
 .debug_macro   0x0000e014       0xe2 atmel_start.o
 .debug_macro   0x0000e0f6      0x12a atmel_start.o
 .debug_macro   0x0000e220      0x100 atmel_start.o
 .debug_macro   0x0000e320       0xf4 atmel_start.o
 .debug_macro   0x0000e414      0x40f atmel_start.o
 .debug_macro   0x0000e823       0x40 atmel_start.o
 .debug_macro   0x0000e863      0x392 atmel_start.o
 .debug_macro   0x0000ebf5     0x1fb0 atmel_start.o
 .debug_macro   0x00010ba5       0x6d atmel_start.o
 .debug_macro   0x00010c12       0x10 atmel_start.o
 .debug_macro   0x00010c22       0x10 atmel_start.o
 .debug_macro   0x00010c32       0x16 atmel_start.o
 .debug_macro   0x00010c48       0x16 atmel_start.o
 .debug_macro   0x00010c5e       0x16 atmel_start.o
 .debug_macro   0x00010c74       0x16 atmel_start.o
 .debug_macro   0x00010c8a       0x16 atmel_start.o
 .debug_macro   0x00010ca0       0x16 atmel_start.o
 .debug_macro   0x00010cb6       0x16 atmel_start.o
 .debug_macro   0x00010ccc       0x16 atmel_start.o
 .debug_macro   0x00010ce2       0x16 atmel_start.o
 .debug_macro   0x00010cf8       0x16 atmel_start.o
 .debug_macro   0x00010d0e       0x16 atmel_start.o
 .debug_macro   0x00010d24       0x16 atmel_start.o
 .debug_macro   0x00010d3a       0x16 atmel_start.o
 .debug_macro   0x00010d50       0x16 atmel_start.o
 .debug_macro   0x00010d66      0x4c3 atmel_start.o
 .debug_macro   0x00011229       0x94 atmel_start.o
 .debug_macro   0x000112bd       0x16 atmel_start.o
 .debug_macro   0x000112d3       0x6a atmel_start.o
 .debug_macro   0x0001133d      0x28c atmel_start.o
 .debug_macro   0x000115c9      0x4d8 atmel_start.o
 .debug_macro   0x00011aa1       0x16 atmel_start.o
 .debug_macro   0x00011ab7       0xca atmel_start.o
 .debug_macro   0x00011b81       0x1c atmel_start.o
 .debug_macro   0x00011b9d       0x16 atmel_start.o
 .debug_macro   0x00011bb3       0x4c atmel_start.o
 .debug_macro   0x00011bff       0x42 atmel_start.o
 .debug_macro   0x00011c41       0x16 atmel_start.o
 .debug_macro   0x00011c57      0x2df mulib_blinky.o
 .debug_macro   0x00011f36       0x16 mulib_blinky.o
 .debug_macro   0x00011f4c       0x1c mulib_blinky.o
 .debug_macro   0x00011f68      0x79a button_task.o
 .debug_macro   0x00012702       0xaf button_task.o
 .debug_macro   0x000127b1      0x310 Device_Startup/startup_samd21.o
 .debug_macro   0x00012ac1       0x39 Device_Startup/startup_samd21.o
 .debug_macro   0x00012afa      0x53b driver_init.o
 .debug_macro   0x00013035       0xc9 driver_init.o
 .debug_macro   0x000130fe      0x4c0 hal/src/hal_calendar.o
 .debug_macro   0x000135be      0x458 hal/src/hal_ext_irq.o
 .debug_macro   0x00013a16      0x447 hal/utils/src/utils_assert.o
 .debug_macro   0x00013e5d       0x10 hal/utils/src/utils_assert.o
 .debug_macro   0x00013e6d      0x1d6 hal/utils/src/utils_syscalls.o
 .debug_macro   0x00014043       0x97 hal/utils/src/utils_syscalls.o
 .debug_macro   0x000140da       0xf6 hal/utils/src/utils_syscalls.o
 .debug_macro   0x000141d0       0x16 hal/utils/src/utils_syscalls.o
 .debug_macro   0x000141e6       0x10 hal/utils/src/utils_syscalls.o
 .debug_macro   0x000141f6       0x10 hal/utils/src/utils_syscalls.o
 .debug_macro   0x00014206       0x35 hal/utils/src/utils_syscalls.o
 .debug_macro   0x0001423b      0x122 hal/utils/src/utils_syscalls.o
 .debug_macro   0x0001435d      0x4b8 hpl/core/hpl_init.o
 .debug_macro   0x00014815       0x2e hpl/core/hpl_init.o
 .debug_macro   0x00014843      0x6ec hpl/core/hpl_init.o
 .debug_macro   0x00014f2f      0x522 hpl/eic/hpl_eic.o
 .debug_macro   0x00015451      0x241 hpl/eic/hpl_eic.o
 .debug_macro   0x00015692      0x45a hpl/gclk/hpl_gclk.o
 .debug_macro   0x00015aec      0x1f3 hpl/gclk/hpl_gclk.o
 .debug_macro   0x00015cdf      0x47d hpl/pm/hpl_pm.o
 .debug_macro   0x0001615c      0x474 hpl/rtc/hpl_rtc.o
 .debug_macro   0x000165d0       0x64 hpl/rtc/hpl_rtc.o
 .debug_macro   0x00016634      0x454 hpl/sysctrl/hpl_sysctrl.o
 .debug_macro   0x00016a88      0x2da hpl/sysctrl/hpl_sysctrl.o
 .debug_macro   0x00016d62      0x459 hpl/usart/usart_lite.o
 .debug_macro   0x000171bb      0x6e5 led_task.o
 .debug_macro   0x000178a0       0x10 led_task.o
 .debug_macro   0x000178b0      0x531 main.o
 .debug_macro   0x00017de1      0x6de mu_port.o

.debug_line     0x00000000     0xd124
 .debug_line    0x00000000      0x5cc mulib/core/mu_sched.o
 .debug_line    0x000005cc      0x313 mulib/core/mu_spscq.o
 .debug_line    0x000008df      0x30d mulib/core/mu_task.o
 .debug_line    0x00000bec      0x329 mulib/core/mu_time.o
 .debug_line    0x00000f15      0xac5 atmel_start.o
 .debug_line    0x000019da      0x4f3 mulib_blinky.o
 .debug_line    0x00001ecd      0xd46 button_task.o
 .debug_line    0x00002c13      0x709 Device_Startup/startup_samd21.o
 .debug_line    0x0000331c      0xbe0 driver_init.o
 .debug_line    0x00003efc      0xbfd hal/src/hal_calendar.o
 .debug_line    0x00004af9      0x9f1 hal/src/hal_ext_irq.o
 .debug_line    0x000054ea      0x950 hal/utils/src/utils_assert.o
 .debug_line    0x00005e3a      0x40b hal/utils/src/utils_syscalls.o
 .debug_line    0x00006245      0xa30 hpl/core/hpl_init.o
 .debug_line    0x00006c75      0xb39 hpl/eic/hpl_eic.o
 .debug_line    0x000077ae      0x9ca hpl/gclk/hpl_gclk.o
 .debug_line    0x00008178      0x9f6 hpl/pm/hpl_pm.o
 .debug_line    0x00008b6e      0xc78 hpl/rtc/hpl_rtc.o
 .debug_line    0x000097e6      0x9e3 hpl/sysctrl/hpl_sysctrl.o
 .debug_line    0x0000a1c9      0xa9a hpl/usart/usart_lite.o
 .debug_line    0x0000ac63      0xc8e led_task.o
 .debug_line    0x0000b8f1      0xad9 main.o
 .debug_line    0x0000c3ca      0xd5a mu_port.o

.debug_str      0x00000000    0x866a3
 .debug_str     0x00000000     0x6834 mulib/core/mu_sched.o
                               0x6b28 (size before relaxing)
 .debug_str     0x00006834       0xb6 mulib/core/mu_spscq.o
                               0x3875 (size before relaxing)
 .debug_str     0x000068ea       0xda mulib/core/mu_task.o
                               0x39af (size before relaxing)
 .debug_str     0x000069c4      0x191 mulib/core/mu_time.o
                               0x3749 (size before relaxing)
 .debug_str     0x00006b55    0x75f2d atmel_start.o
                              0x798a8 (size before relaxing)
 .debug_str     0x0007ca82     0x1884 mulib_blinky.o
                               0x7f3f (size before relaxing)
 .debug_str     0x0007e306       0x3d button_task.o
                              0x7df8a (size before relaxing)
 .debug_str     0x0007e343     0x10b3 Device_Startup/startup_samd21.o
                              0x717b0 (size before relaxing)
 .debug_str     0x0007f3f6     0x18ab driver_init.o
                              0x7bfe3 (size before relaxing)
 .debug_str     0x00080ca1      0x59f hal/src/hal_calendar.o
                              0x79e8d (size before relaxing)
 .debug_str     0x00081240       0xd6 hal/src/hal_ext_irq.o
                              0x79331 (size before relaxing)
 .debug_str     0x00081316       0x2a hal/utils/src/utils_assert.o
                              0x7927c (size before relaxing)
 .debug_str     0x00081340      0x73e hal/utils/src/utils_syscalls.o
                               0x731b (size before relaxing)
 .debug_str     0x00081a7e     0x17d7 hpl/core/hpl_init.o
                              0x7ae4c (size before relaxing)
 .debug_str     0x00083255     0x10ad hpl/eic/hpl_eic.o
                              0x7d59c (size before relaxing)
 .debug_str     0x00084302      0x84f hpl/gclk/hpl_gclk.o
                              0x79b99 (size before relaxing)
 .debug_str     0x00084b51      0x194 hpl/pm/hpl_pm.o
                              0x799ab (size before relaxing)
 .debug_str     0x00084ce5      0x419 hpl/rtc/hpl_rtc.o
                              0x79e3f (size before relaxing)
 .debug_str     0x000850fe     0x11c2 hpl/sysctrl/hpl_sysctrl.o
                              0x7a54b (size before relaxing)
 .debug_str     0x000862c0      0x352 hpl/usart/usart_lite.o
                              0x79eaa (size before relaxing)
 .debug_str     0x00086612       0x2b led_task.o
                              0x7d030 (size before relaxing)
 .debug_str     0x0008663d        0xc main.o
                              0x798d0 (size before relaxing)
 .debug_str     0x00086649       0x5a mu_port.o
                              0x7d229 (size before relaxing)

.debug_frame    0x00000000     0x15d0
 .debug_frame   0x00000000      0x254 mulib/core/mu_sched.o
 .debug_frame   0x00000254       0xa4 mulib/core/mu_spscq.o
 .debug_frame   0x000002f8       0x90 mulib/core/mu_task.o
 .debug_frame   0x00000388      0x110 mulib/core/mu_time.o
 .debug_frame   0x00000498       0x28 atmel_start.o
 .debug_frame   0x000004c0       0x44 mulib_blinky.o
 .debug_frame   0x00000504       0x5c button_task.o
 .debug_frame   0x00000560       0x40 Device_Startup/startup_samd21.o
 .debug_frame   0x000005a0       0x98 driver_init.o
 .debug_frame   0x00000638      0x1d0 hal/src/hal_calendar.o
 .debug_frame   0x00000808       0xb4 hal/src/hal_ext_irq.o
 .debug_frame   0x000008bc       0x20 hal/utils/src/utils_assert.o
 .debug_frame   0x000008dc       0xa8 hal/utils/src/utils_syscalls.o
 .debug_frame   0x00000984       0x28 hpl/core/hpl_init.o
 .debug_frame   0x000009ac       0x68 hpl/eic/hpl_eic.o
 .debug_frame   0x00000a14       0x30 hpl/gclk/hpl_gclk.o
 .debug_frame   0x00000a44       0x40 hpl/pm/hpl_pm.o
 .debug_frame   0x00000a84      0x11c hpl/rtc/hpl_rtc.o
 .debug_frame   0x00000ba0       0x30 hpl/sysctrl/hpl_sysctrl.o
 .debug_frame   0x00000bd0       0x80 hpl/usart/usart_lite.o
 .debug_frame   0x00000c50       0x44 led_task.o
 .debug_frame   0x00000c94       0x28 main.o
 .debug_frame   0x00000cbc      0x130 mu_port.o
 .debug_frame   0x00000dec       0x20 c:/program files (x86)/atmel/studio/7.0/toolchain/arm/arm-gnu-toolchain/bin/../lib/gcc/arm-none-eabi/6.3.1/thumb/v6-m\libgcc.a(_udivsi3.o)
 .debug_frame   0x00000e0c       0x28 c:/program files (x86)/atmel/studio/7.0/toolchain/arm/arm-gnu-toolchain/bin/../lib/gcc/arm-none-eabi/6.3.1/thumb/v6-m\libgcc.a(_ffssi2.o)
 .debug_frame   0x00000e34       0x2c c:/program files (x86)/atmel/studio/7.0/toolchain/arm/arm-gnu-toolchain/bin/../lib/gcc/arm-none-eabi/6.3.1/../../../../arm-none-eabi/lib/thumb/v6-m\libc_nano.a(lib_a-init.o)
 .debug_frame   0x00000e60       0x28 c:/program files (x86)/atmel/studio/7.0/toolchain/arm/arm-gnu-toolchain/bin/../lib/gcc/arm-none-eabi/6.3.1/../../../../arm-none-eabi/lib/thumb/v6-m\libc_nano.a(lib_a-memcpy-stub.o)
 .debug_frame   0x00000e88       0x28 c:/program files (x86)/atmel/studio/7.0/toolchain/arm/arm-gnu-toolchain/bin/../lib/gcc/arm-none-eabi/6.3.1/../../../../arm-none-eabi/lib/thumb/v6-m\libc_nano.a(lib_a-memmove.o)
 .debug_frame   0x00000eb0       0x20 c:/program files (x86)/atmel/studio/7.0/toolchain/arm/arm-gnu-toolchain/bin/../lib/gcc/arm-none-eabi/6.3.1/../../../../arm-none-eabi/lib/thumb/v6-m\libc_nano.a(lib_a-memset.o)
 .debug_frame   0x00000ed0       0x50 c:/program files (x86)/atmel/studio/7.0/toolchain/arm/arm-gnu-toolchain/bin/../lib/gcc/arm-none-eabi/6.3.1/../../../../arm-none-eabi/lib/thumb/v6-m\libc_nano.a(lib_a-printf.o)
 .debug_frame   0x00000f20       0x44 c:/program files (x86)/atmel/studio/7.0/toolchain/arm/arm-gnu-toolchain/bin/../lib/gcc/arm-none-eabi/6.3.1/../../../../arm-none-eabi/lib/thumb/v6-m\libc_nano.a(lib_a-puts.o)
 .debug_frame   0x00000f64       0x48 c:/program files (x86)/atmel/studio/7.0/toolchain/arm/arm-gnu-toolchain/bin/../lib/gcc/arm-none-eabi/6.3.1/../../../../arm-none-eabi/lib/thumb/v6-m\libc_nano.a(lib_a-wbuf.o)
 .debug_frame   0x00000fac       0x2c c:/program files (x86)/atmel/studio/7.0/toolchain/arm/arm-gnu-toolchain/bin/../lib/gcc/arm-none-eabi/6.3.1/../../../../arm-none-eabi/lib/thumb/v6-m\libc_nano.a(lib_a-wsetup.o)
 .debug_frame   0x00000fd8       0x68 c:/program files (x86)/atmel/studio/7.0/toolchain/arm/arm-gnu-toolchain/bin/../lib/gcc/arm-none-eabi/6.3.1/../../../../arm-none-eabi/lib/thumb/v6-m\libc_nano.a(lib_a-fflush.o)
 .debug_frame   0x00001040      0x140 c:/program files (x86)/atmel/studio/7.0/toolchain/arm/arm-gnu-toolchain/bin/../lib/gcc/arm-none-eabi/6.3.1/../../../../arm-none-eabi/lib/thumb/v6-m\libc_nano.a(lib_a-findfp.o)
 .debug_frame   0x00001180       0x58 c:/program files (x86)/atmel/studio/7.0/toolchain/arm/arm-gnu-toolchain/bin/../lib/gcc/arm-none-eabi/6.3.1/../../../../arm-none-eabi/lib/thumb/v6-m\libc_nano.a(lib_a-fwalk.o)
 .debug_frame   0x000011d8       0x54 c:/program files (x86)/atmel/studio/7.0/toolchain/arm/arm-gnu-toolchain/bin/../lib/gcc/arm-none-eabi/6.3.1/../../../../arm-none-eabi/lib/thumb/v6-m\libc_nano.a(lib_a-makebuf.o)
 .debug_frame   0x0000122c       0x2c c:/program files (x86)/atmel/studio/7.0/toolchain/arm/arm-gnu-toolchain/bin/../lib/gcc/arm-none-eabi/6.3.1/../../../../arm-none-eabi/lib/thumb/v6-m\libc_nano.a(lib_a-nano-freer.o)
 .debug_frame   0x00001258       0x2c c:/program files (x86)/atmel/studio/7.0/toolchain/arm/arm-gnu-toolchain/bin/../lib/gcc/arm-none-eabi/6.3.1/../../../../arm-none-eabi/lib/thumb/v6-m\libc_nano.a(lib_a-nano-mallocr.o)
 .debug_frame   0x00001284       0x9c c:/program files (x86)/atmel/studio/7.0/toolchain/arm/arm-gnu-toolchain/bin/../lib/gcc/arm-none-eabi/6.3.1/../../../../arm-none-eabi/lib/thumb/v6-m\libc_nano.a(lib_a-nano-vfprintf.o)
 .debug_frame   0x00001320       0x54 c:/program files (x86)/atmel/studio/7.0/toolchain/arm/arm-gnu-toolchain/bin/../lib/gcc/arm-none-eabi/6.3.1/../../../../arm-none-eabi/lib/thumb/v6-m\libc_nano.a(lib_a-nano-vfprintf_i.o)
 .debug_frame   0x00001374       0x2c c:/program files (x86)/atmel/studio/7.0/toolchain/arm/arm-gnu-toolchain/bin/../lib/gcc/arm-none-eabi/6.3.1/../../../../arm-none-eabi/lib/thumb/v6-m\libc_nano.a(lib_a-sbrkr.o)
 .debug_frame   0x000013a0       0x90 c:/program files (x86)/atmel/studio/7.0/toolchain/arm/arm-gnu-toolchain/bin/../lib/gcc/arm-none-eabi/6.3.1/../../../../arm-none-eabi/lib/thumb/v6-m\libc_nano.a(lib_a-stdio.o)
 .debug_frame   0x00001430       0x2c c:/program files (x86)/atmel/studio/7.0/toolchain/arm/arm-gnu-toolchain/bin/../lib/gcc/arm-none-eabi/6.3.1/../../../../arm-none-eabi/lib/thumb/v6-m\libc_nano.a(lib_a-writer.o)
 .debug_frame   0x0000145c       0x2c c:/program files (x86)/atmel/studio/7.0/toolchain/arm/arm-gnu-toolchain/bin/../lib/gcc/arm-none-eabi/6.3.1/../../../../arm-none-eabi/lib/thumb/v6-m\libc_nano.a(lib_a-closer.o)
 .debug_frame   0x00001488       0x2c c:/program files (x86)/atmel/studio/7.0/toolchain/arm/arm-gnu-toolchain/bin/../lib/gcc/arm-none-eabi/6.3.1/../../../../arm-none-eabi/lib/thumb/v6-m\libc_nano.a(lib_a-fstatr.o)
 .debug_frame   0x000014b4       0x2c c:/program files (x86)/atmel/studio/7.0/toolchain/arm/arm-gnu-toolchain/bin/../lib/gcc/arm-none-eabi/6.3.1/../../../../arm-none-eabi/lib/thumb/v6-m\libc_nano.a(lib_a-isattyr.o)
 .debug_frame   0x000014e0       0x2c c:/program files (x86)/atmel/studio/7.0/toolchain/arm/arm-gnu-toolchain/bin/../lib/gcc/arm-none-eabi/6.3.1/../../../../arm-none-eabi/lib/thumb/v6-m\libc_nano.a(lib_a-lseekr.o)
 .debug_frame   0x0000150c       0x20 c:/program files (x86)/atmel/studio/7.0/toolchain/arm/arm-gnu-toolchain/bin/../lib/gcc/arm-none-eabi/6.3.1/../../../../arm-none-eabi/lib/thumb/v6-m\libc_nano.a(lib_a-memchr-stub.o)
 .debug_frame   0x0000152c       0x30 c:/program files (x86)/atmel/studio/7.0/toolchain/arm/arm-gnu-toolchain/bin/../lib/gcc/arm-none-eabi/6.3.1/../../../../arm-none-eabi/lib/thumb/v6-m\libc_nano.a(lib_a-mlock.o)
 .debug_frame   0x0000155c       0x2c c:/program files (x86)/atmel/studio/7.0/toolchain/arm/arm-gnu-toolchain/bin/../lib/gcc/arm-none-eabi/6.3.1/../../../../arm-none-eabi/lib/thumb/v6-m\libc_nano.a(lib_a-readr.o)
 .debug_frame   0x00001588       0x48 c:/program files (x86)/atmel/studio/7.0/toolchain/arm/arm-gnu-toolchain/bin/../lib/gcc/arm-none-eabi/6.3.1/../../../../arm-none-eabi/lib/thumb/v6-m\libc_nano.a(lib_a-reent.o)
