fsl_ftfx_controller.c:198:6:FTFx_API_Init	16	static
fsl_ftfx_controller.c:268:10:FTFx_CMD_Erase	48	static
fsl_ftfx_controller.c:332:10:FTFx_CMD_EraseSectorNonBlocking	40	static
fsl_ftfx_controller.c:365:10:FTFx_CMD_EraseAll	24	static
fsl_ftfx_controller.c:447:10:FTFx_CMD_EraseAllExecuteOnlySegments	24	static
fsl_ftfx_controller.c:476:10:FTFx_CMD_Program	48	static
fsl_ftfx_controller.c:542:10:FTFx_CMD_ProgramOnce	40	static
fsl_ftfx_controller.c:586:10:FTFx_CMD_ProgramSection	64	static
fsl_ftfx_controller.c:748:10:FTFx_CMD_ReadOnce	32	static
fsl_ftfx_controller.c:797:10:FTFx_CMD_ReadResource	56	static
fsl_ftfx_controller.c:871:10:FTFx_CMD_VerifyErase	56	static
fsl_ftfx_controller.c:937:10:FTFx_CMD_VerifyEraseAll	16	static
fsl_ftfx_controller.c:955:10:FTFx_CMD_VerifyEraseAllExecuteOnlySegments	16	static
fsl_ftfx_controller.c:976:10:FTFx_CMD_VerifyProgram	48	static
fsl_ftfx_controller.c:1038:10:FTFx_CMD_SecurityBypass	24	static
fsl_ftfx_controller.c:1073:10:FTFx_REG_GetSecurityState	24	static
fsl_ftfx_controller.c:1140:10:FTFx_CMD_SwapControl	32	static
fsl_ftfx_controller.c:1184:13:ftfx_init_ifr	16	static
fsl_ftfx_controller.c:1229:13:ftfx_copy_run_command_to_ram	16	static
fsl_ftfx_controller.c:1247:17:ftfx_command_sequence	24	static
fsl_ftfx_controller.c:1304:13:ftfx_command_sequence_non_blocking	24	static
fsl_ftfx_controller.c:1330:17:ftfx_check_mem_range	32	static
fsl_ftfx_controller.c:1366:17:ftfx_check_user_key	16	static
fsl_ftfx_controller.c:1378:17:ftfx_read_word_from_byte_address	32	static
fsl_ftfx_controller.c:1401:13:ftfx_write_word_to_byte_address	24	static
fsl_ftfx_controller.c:1422:17:ftfx_check_resource_range	32	static
fsl_ftfx_controller.c:1499:17:ftfx_check_swap_control_option	16	static
