core_cm4.h:1679:22:__NVIC_EnableIRQ	16	static
fsl_clock.h:668:20:CLOCK_EnableClock	24	static
fsl_clock.h:679:20:CLOCK_DisableClock	24	static
fsl_common.h:747:28:EnableIRQ	24	static
fsl_uart.h:372:20:UART_Set9thTransmitBit	16	static
fsl_uart.h:382:20:UART_Clear9thTransmitBit	16	static
fsl_uart.h:629:20:UART_WriteByte	16	static
fsl_uart.c:131:10:UART_GetInstance	24	static
fsl_uart.c:156:8:UART_TransferGetRxRingBufferLength	24	static
fsl_uart.c:176:13:UART_TransferIsRxRingBufferFull	24	static
fsl_uart.c:216:10:UART_Init	48	static
fsl_uart.c:361:6:UART_Deinit	16	static
fsl_uart.c:400:6:UART_GetDefaultConfig	16	static
fsl_uart.c:440:10:UART_SetBaudRate	48	static
fsl_uart.c:516:6:UART_Enable9bitMode	24	static
fsl_uart.c:543:6:UART_SendAddress	16	static
fsl_uart.c:569:6:UART_EnableInterrupts	16	static
fsl_uart.c:597:6:UART_DisableInterrupts	16	static
fsl_uart.c:632:10:UART_GetEnabledInterrupts	24	static
fsl_uart.c:664:10:UART_GetStatusFlags	24	static
fsl_uart.c:699:10:UART_ClearStatusFlags	24	static
fsl_uart.c:759:10:UART_WriteBlocking	24	static
fsl_uart.c:801:13:UART_WriteNonBlocking	32	static
fsl_uart.c:831:10:UART_ReadBlocking	32	static
fsl_uart.c:909:13:UART_ReadNonBlocking	32	static
fsl_uart.c:935:6:UART_TransferCreateHandle	32	static
fsl_uart.c:983:6:UART_TransferStartRingBuffer	24	static
fsl_uart.c:1013:6:UART_TransferStopRingBuffer	16	static
fsl_uart.c:1054:10:UART_TransferSendNonBlocking	32	static
fsl_uart.c:1093:6:UART_TransferAbortSend	16	static
fsl_uart.c:1116:10:UART_TransferGetSendCount	24	static
fsl_uart.c:1167:10:UART_TransferReceiveNonBlocking	56	static
fsl_uart.c:1299:6:UART_TransferAbortReceive	16	static
fsl_uart.c:1333:10:UART_TransferGetReceiveCount	24	static
fsl_uart.c:1364:10:UART_EnableTxFIFO	24	static
fsl_uart.c:1409:10:UART_EnableRxFIFO	24	static
fsl_uart.c:1452:6:UART_TransferHandleIRQ	40	static
fsl_uart.c:1756:6:UART_TransferHandleErrorIRQ	16	static
fsl_uart.c:1778:6:UART0_DriverIRQHandler	8	static
fsl_uart.c:1785:6:UART0_RX_TX_DriverIRQHandler	8	static
fsl_uart.c:1795:6:UART1_DriverIRQHandler	8	static
fsl_uart.c:1802:6:UART1_RX_TX_DriverIRQHandler	8	static
fsl_uart.c:1811:6:UART2_DriverIRQHandler	8	static
fsl_uart.c:1818:6:UART2_RX_TX_DriverIRQHandler	8	static
fsl_uart.c:1827:6:UART3_DriverIRQHandler	8	static
fsl_uart.c:1834:6:UART3_RX_TX_DriverIRQHandler	8	static
fsl_uart.c:1844:6:UART4_DriverIRQHandler	8	static
fsl_uart.c:1851:6:UART4_RX_TX_DriverIRQHandler	8	static
fsl_uart.c:1860:6:UART5_DriverIRQHandler	8	static
fsl_uart.c:1867:6:UART5_RX_TX_DriverIRQHandler	8	static
