fsl_ftfx_flash.c:170:10:FLASH_Init	24	static
fsl_ftfx_flash.c:238:10:FLASH_Erase	32	static
fsl_ftfx_flash.c:262:10:FLASH_EraseSectorNonBlocking	40	static
fsl_ftfx_flash.c:284:10:FLASH_EraseAll	16	static
fsl_ftfx_flash.c:305:10:FLASH_Program	32	static
fsl_ftfx_flash.c:326:10:FLASH_ProgramOnce	24	static
fsl_ftfx_flash.c:339:10:FLASH_ProgramSection	32	static
fsl_ftfx_flash.c:362:10:FLASH_ReadResource	32	static
fsl_ftfx_flash.c:372:10:FLASH_ReadOnce	24	static
fsl_ftfx_flash.c:384:10:FLASH_VerifyErase	32	static
fsl_ftfx_flash.c:405:10:FLASH_VerifyEraseAll	16	static
fsl_ftfx_flash.c:417:10:FLASH_VerifyProgram	48	static
fsl_ftfx_flash.c:445:10:FLASH_GetSecurityState	16	static
fsl_ftfx_flash.c:453:10:FLASH_SecurityBypass	16	static
fsl_ftfx_flash.c:472:10:FLASH_Swap	40	static
fsl_ftfx_flash.c:577:10:FLASH_IsProtected	224	static
fsl_ftfx_flash.c:914:10:FLASH_PflashSetProtection	16	static
fsl_ftfx_flash.c:998:10:FLASH_PflashGetProtection	16	static
fsl_ftfx_flash.c:1055:10:FLASH_GetProperty	32	static
fsl_ftfx_flash.c:1145:13:flash_init_features	16	static
fsl_ftfx_flash.c:1183:13:flash_opsonfig_Init	64	static
fsl_ftfx_flash.c:1289:13:flash_protection_init	24	static
fsl_ftfx_flash.c:1349:17:flash_calculate_mem_size	32	static
fsl_ftfx_flash.c:1375:17:flash_calculate_prot_segment_size	24	static
fsl_ftfx_flash.c:1397:17:flash_check_range_to_get_index	32	static
fsl_ftfx_flash.c:1426:13:flash_convert_start_address	16	static
fsl_ftfx_flash.c:1447:17:flash_validate_swap_indicator_address	48	static
fsl_ftfx_flash.c:1507:10:FLASH_GetCommandState	16	static
