fsl_debug_console.c:113:10:DbgConsole_Init	40	static
fsl_debug_console.c:148:10:DbgConsole_Deinit	8	static
fsl_debug_console.c:165:5:DbgConsole_Printf	16	static
fsl_debug_console.c:183:5:DbgConsole_Putchar	16	static
fsl_debug_console.c:196:5:DbgConsole_Scanf	40	static
fsl_debug_console.c:255:5:DbgConsole_Getchar	16	static
fsl_debug_console.c:279:17:DbgConsole_ScanIgnoreWhiteSpace	24	static
fsl_debug_console.c:303:13:DbgConsole_PrintfPaddingCharacter	32	static
fsl_debug_console.c:326:16:DbgConsole_ConvertRadixNumToString	144	static
fsl_debug_console.c:552:12:DbgConsole_PrintfFormattedData	136	static
fsl_debug_console.c:1105:12:DbgConsole_ScanfFormattedData	72	static
